
å sitte.

ho ålar seg bort.
me målar her.
me peikar på noko.
det verkar bra.
eg ynsker meg noko.
eg klarar det.
eg brukar det.
me ærar det.
me gjerdar det inne.
me skakar det.
me dønnar det.
me dyngar det.
me slemmar det.
me tryllar.
fisken sprellar.
me forlenger det.
me kyssar kvarandre.
me fremmar det.
me dimmer det.
me veltar det.
me skyldar det.
knoppen brest, men eg brest eit ribbein.
me ystar ost.
me smettar oss bort.
me bryggar det.
me deggar det.
me ryggar det.
me lader det.
me unnskyldar det.
me snertar det.
me biar.
me fordøyar.
den meiar noko ned.
me verjar oss.
hunden rykker til.
me kikkar på det.
me strever oss vidare.
me hever oss over det.
me lover det.
treskoen kvelvar.
det minner om noko.
me sældar korn.
skoen kippar.

me klara det.
me bruka det.

me har klara det.
me har bruka det.

å koma.
å ynske.
å la byrja.
han pleier å gjera det.
å øydelegge.
å svømma.
å sette.
å gje.
å røyste.
røysterett.
dei har fleire stemmer.
å kle.
å flyge.
å eige.
å dra.
me drar.
me har dradd.
å springe.
å skada.
å kitle.
å skildre.
ei beskriving.
å heite.
det var det han heitte.
å måtte.
han har måtta.
å sigle.
å vekse.
ho veks.
ho vaks opp.
ho har vakse opp.
å hogge.
me høgg ved.
i går hogg me ved.
me har hogge ved.
vedskiene er hogne.

i går let me dei ta det.
i dag let me dei ta det.

å skylde noko.
å trygle.

å dekke.
å trekke.
me trekker.
å ligge.
me ligg.
å bygge.
me bygger.

Oppgåve 1: Skildre dette fenomenet.
Oppgåve 1: Forkludre denne teksten.

ein medlem.
medlemen.
medlemar.
medlemane.
ein dom.
domen.
domar.
domane.
ein månad.
månaden.
månadar.
månadane.
ein stad.
staden.
stadar.
stadane.
ein gong.
gongen.
gongar.
gongane.
ei beskjed.
beskjeda.
beskjeder.
beskjedene.
ein motsetnad.
motsetnaden.
motsetnadar.
motsetnadane.

spøkelse.
ei slegge.

ein plante.
ein bodskap.
eit drops.
ei maskin.
ein blome.
ei blokk.
ei dialekt.
eit materiale.
eit minutt.
ein konto.
kontoar.
høyrsel.
ein fjøs.
ei prøve.
prøva.
ei klasse.
bein og fot.
ein pakke.
kross.
augestikkar.
kvefs.
quiz.
ein samtale.
ein olje.
eit mørker.
ein matpakke.
eit auge.
ei pil.
ein avtale.
eit skjel (blautdyr).
ei kongle.
eit oversyn.
ein tekst.
eit stopp.
ei scene.
ei nyre.
eit matrøyr.
eit sekund.
ein ape.
ei bane.
ei bøye.
kvitost.
ei krokodille.
ei pinse.
ei påske.
ei kai.
mellomalder.
ein snap.
fleire snappar (frå Snapchat).
ein chat.
fleire chattar.
ein kasse.
eit skjel.
eit altar.
ein hestehov.
fleire hestehovar.
ein krabbe.
ei mengde.
ei lengde.
barnet hugsar på huskene.
ein måse.
eit svangerskap.
låneord.
ein tale.
ein omtale.
ei grad Celsius (varmegrader).
ei potet.
ein lov.
ein bygning.
ein leidning.
opplysingstid.
einevelde.
ein stand.
stender.
ei opptakt.
ei krise.
ei tillit.
ein hymne.
jolaftan.
Den heilage ande.
dårleg ande.
krossferd.
ein festning.
ei jarnbane.
ei ski.
fleire ski.
alle skia.
ei art.
ei legning.

mannskapen.
medlemskapen.
uvenskapen.
eigarskapen.
moderskapen.
eit skåp.
eit ynske.
forklåring.
lygn.
sundag.
ljos.
bytte.
lauk.

vêret.

han datt i holet.
han var heilt hol.
han hadde ein hol kopp.

òg.
difor.
nå.
da.
aleine.
fyrst.
tilbake.
kjenne igjen.
igjen.
nett, nettopp, akkurat.
det var so gale som det kunne vera.
vitskapleg.
i alle fall.
forresten.
rett nok.

lukkeleg.
klar.
ein gøy leik.
det var gøy.
men kanskje han var kjekk.
nysgjerrig.
rett.
naudsynt.
spanande.
open bil.
ope hus.
enkelt.
firehjuls.
tinga var gråe.
tinga var blåe.
fleire annleise ting.
ein kjent person.
eit kjent hus.
kjente personar.

dokker gav nebbdyret til dokker.
ho.
nokon.

mens.
enten.
korkje.
Vestmaktene ville bygge opp lager av forsyningar i Berlin i fall det blei ein ny sovjetisk blokade.
soframt.
fordi.

tv.
pc.
internett.
kl. 13.30.
SN.
iPhone.
iPad.
PlayStation.
Mac.
eigennamn og fellesnamn.
Dette er ein del av Skolen (åndsverk).
regjeringa.
fagfornyinga.
k-pop.
dl.
l.

dauv.
fortlaupande.
laupande.

laupebille.

ansikt.
av.

born.
begge.
betyr.
bilete.
å bli.
ho blir.
ho blei.
har blitt.
større breidde.
brot.
å byrja.
ei bønn.

da, enda.
dokker gav oppgåva til dokker.
dimed.
diverre.
di galnare, dess betre.
død.
døger.
me har fleire døme til dømes.
han er dauv.

me eig.
me åtte.
me har ått dette.
#eigenleg.
kvar enkelt.
eske.

fuglen flyr.
fordel.
føredrag.
å førelese.
føreslå.
føremiddag.
forvalting.
framandt.
framme.

ho gjev.
me gav.
har gjeve.
gjenvinning.

hjarte.
å hemja.
hennar.
å hive.
me hiv.
me heiv.
har hive.
ho gav oppgåva til henne.
ho er hos oss.
å høyre.

jamstille.
kaka er laga av jarn.

kjøken.
kjøt.
klode.
ein klår tanke.
klåre tankar.
me kjem.
me kom.
har kome.
korfor.
å køyre.

å la.
me let.
me let.
ledd.
lege.
leppe.
linje.
eit lokk.
ein ljod.
å lukkast.
ei lukke.
eit ljos.
ei lygn.
god lønn.
eit laup.

makk.
meitemakk.
middels.
me kan miste det.
moden.
mogleg.
mykje.

nokre personar.
nærmare.
nærmast.
naud.
nykel.

overskot.

me pleier å gjera ting.
bevis.

dei står i ei rekke.
å rekke noko.
å rydde.
rørsle.
røynd.

sette.
sitte.
å skildre med ei beskriving.
skilnad.
skjøn.
skjøne.
skole.
skuld.
skylde.
å slå.
me slår.
me slo.
har slått.
sumar.
spørsmålsteikn.
svømma.

å ta.
me tar.
tannkost.
tilskot.
å truge.
trugsel.
tryggleik.
tryggleik.
eg er tyrst.
tøy.
syltetøy.
klede.

ulik og ulik.
underskot.
undervising.
unntak.
utropsteikn.

vekst.
velkomen.
ein ven.
venar.
venleg.
venskap.
høg verdi.
verdifull.
vett.
vettug.
me.
villig.
motvillig.
uvillig.

eg har eit ynske.
høgre øyre.

Det var ein bil her før, men nå er han borte.
Har du høyrt denne songen før? Nei, eg har aldri høyrt han.

Sjå på biletet.
Skriv eller les inn kvar Snipp er.
Lær Elle melle utanåt og spel inn ljod.
Ver til stades og hjelp elevane.
Her skal elevane sjå på biletet av kattane og synge.
I denne læringsstien lærer elevane om omgrepet mangfald.

Difor vil samane reknast som urfolk i kvar stat.
DNA-prøver viser at pølsene, som ifølge innhaldsdeklarasjonen berre skulle bestå av svinekjøt, forutan hest òg inneheldt kylling, storfe og soya.
Dessutan er hest generelt veldig magert kjøt.
Me må bygge tiltak som sørger for at helsehjelp blir ein menneskerett.
Lag samansette ord med ordet fisk.
Landet er bygt opp på ein måte.
Dei vil nærmast ha ein makk i skjelet.


Det er Oskeladden som rotar i aska.
avspaning.
altarvin.
kvelp.
garnmoske.
ålmenning.
ålmenn.
ålmuge.
lågasild.
kjøkenskåp og skåpdør.
Hesten tråvar i tråvlaup.
Ikornet siglar, seglaren er akterutsigla.
energidrykk.
Han braut ljodmuren so det ljoma i lyseblå stearinljos.
Skoleborn på stua i folkeskolen blir ikkje skulerte om sumaren.
Ein hovding i morgonroden tørstar etter torstedrykk og storknar.
Jaso, nå er det så godt som ennå nokso nåtidig.

Ein perledykkar med dykkarmaske dykkar lukkeleg etter jolekrubba.
Ulukka kjem av skyvedør.
På sundag turrtrenar brunnbåten turkesumar.
Systera til syskena ynsker seg nyklane til ei større tynne.
Lygna er at søppelbytta i byttekottet fyrst glyttar rundt hjørnet på løkka.
Møllaren har støtta nykelen til rylliken og nykken.
Ei sylje av sylv ynsker seg eit ynske.
På fjæresteinen er det tjære.
Hungersnaud og død på grunn av tonedauv dødslauk.

Døyeleg døying strøyer møyrt tøyvêr på skøyr strøyebil.
Fingerpeik, bli ved sokkeleisten din.

Byggeløyvet tenkte på tenkelege tenkehetter.

Rekkehus med bosdynger flenger hyggekveldar.
Bryggekanten lenkar klyngetun til teleslynger.
Enke tygg krykke med spøkelse.

Røykelse i bryggeriet til bryggarhuset røyker trykkeriet.
Opptrekkeri sleng tilhengar.
Steikespade ringer etter skjenkeløyve.

Følgeleg svelger elgar bølgar ifølge belgar.
Sjelesørgarar sørger for å følge bølgedalar.
Fortsettinga av å avsette settepoteter blir utsett.
Ettersittande heimesittarar sit på sitteplass.
Forfremming blir hemja om me blir gremja.
Me har ått det me åtte.
Me blåser i å blåse det me har blåst da me blåste.

Tilvenninga ryggar inn i merke.
Alderdomleg kongedøme skjønar domar.
*Fulkommen *tilkortkomming kjem med kjøt på kjøkenet.

Me er medvitne fjellvett om avbrot på grunn av innskot på skothald.
Skulderledd i bindeledd med leddkapslar.
Hårsbreidda av takhøgda har bremselengde på synsvidde.
Nedbørsmengda ber hovudtyngda.
Handkle kostar pengar.
Ei mogleg umoglegheit var opphavleg høgtideleg sjukmeldt.
vitskapleg venskapeleg.
Redselsfulle avkøyringar nærmare samferdsel leikar *gjemsel.
Fugleskremsel har #eigenleg nærmast lengsel etter prestevigsel.
Styremaktene og styremaktene trugar døgeropne svømmehallar.
Gjestedøger svømmer ein augeblink i haustmørkeret.
Bruda tar avgjersler om husdyral i regnbøya.
Kloden forstua ein gjesp.
Fastlegen trekker linjer til linjedomaren.
Eg la på sprang bortover ei mark der det var høgt gras.
Det var 30 penning i eitt øre og 240 penning i ei mark.
Å miste modne okler i ansiktet ein skjærtorsdag.
Søvnige *søvgjengere i teneste bak trillebår skriv testamente.
Ein vekst tok ein quiz.
Difor er det diverre slik at di meir me skriv, di mindre gjev det meining.
Føredrag føreles førearbeid.
Førebilete føreslår førebokstav til helvetes føregard.

føreheng.
førelaupar.
føreledd.
føremål.
førenamn.
føreord.
føreprosjekt.
føreprøve.
førerang.
førerett.
førerom.
føresmak.
føresumar.
føresongar.
førespel.
førespent.
førestaving.
føretropp.
førevarsel.
førevask.
førevern.
avkasting.
befrukting.
belasting.
prikkbelasting.
betyding.
bukting.
forfrysing.
forplanting.
forsterking.
sentralforvalting.
forventing.
helleristing.
stiging.
temperaturstiging.
stigingsforhold.
oppvising.
undervising
tilvising.
underhalding.
billig.
herleg.
langbeint.
eigenrådig.
halvvegs.
sjøvegs.
slukøyra.




bety.
blant.
andre.
byrja.
døme.
var vitne til.
hos.
krins.
omkrins.
krinsmeisterskap.
kvar.
verken.
bilethoggar.
bildande.
blomar.
forslag.
foreløpig.
framfor.
abonnere.
skildra.
beskriving.
skisse.
skildring.
bestille.
angrepet.
behandle.
saksbehandlar.
erfare.
etterspurnad.
laupesetel.
forhold.
fornøgt.
fram.
fortsetting.
framhald.
hemmeleg.
moglegheit.
lagnad.
løfte.
tausheitsløfte.
medvite.
nyheit.
oppmod.
oversyn.
ramme.
einig.
tilrå.
styremakt.
tryggleikspolitikk.
sikringsnål.
arrestere.
pågriping.
ekspropriere.
