I Mexico blir i dag gjenbruksvatn brukt i landbruket.
Det blir i dag brukt gjenbruksvatn i landbruket.

Slik lova blir tolka i dag, er det uproblematisk.
Lova blir tolka i dag.

Vi veit at det ikkje lenger blir brukt i dag.
Det blir brukt i dag.
Den blir publisert i dag.

Den blir i dag driven som jernbane.
Det blir i dag gitt poeng for dårleg åtferd.

Her blir det i dag spylt fisk.
Vi veit at det blir brukt bil i dag.
Vi veit at det i dag blir bil brukt.

Desse testane som blir brukte i dag blir kalla PCR.

I dag blir Gunnar Sønsteby tildelt denne dekorasjonen.
Derfor blir Gunnar Sønsteby i dag tildelt denne dekorasjonen.
I dag blir denne dekorasjonen tildelt Gunnar Sønsteby.
Denne dekorasjonen blir tildelt Gunnar Sønsteby.

Det er dette som blir kalla arkeologisk tre.

Boka blir ofte lesen.

Minerala blir i dag nytta i elbilar.
Vinproduksjonen blir dytta nordover av klimaendringane.
