Gå dit!
Stå der!
Gjer det!
Ta den!
Dette er ein spade, og bruk den!
Slå den, den som kan!

Så blir det den.
Då bruker vi den.
Derfor køyrer vi den.
Når vi treng ein pause, bruker vi den.
Til slutt fann han den.
Så las han den.
Mursteinen, kallar vi den, til minne om murane vi bygde for Farao.

Du er den du er.
Eg er den eg er.
Den du var.
Den du er.
Den du har vore.
Den du vil vere.
Dette vil hindre meg i å vere den eg er.

Det skal jo vere lov å kunne vere med den ein vil utan å høyre at det er noko feil med deg.
I neste situasjon kan det vere deg eller den du er glad i som ikkje får den hjelpa dei treng, åtvarar han.
Kven som helst kan søkje på andres inntekter, formue og betalt skatt, men søket blir synleg for den ein søkjer på.
I mars endra PST Bertheussens status i alle sakene, bortsett frå den ho allereie var sikta for.

Då sette eg den, sa målskåraren etter kampen.

Det er ungdommar som søkjer tryggleik i ein annan del av verda enn den dei kjem frå.
Det er den som best varetek oss.
Mange av landa som har nekta å signere pakta, har reagert på det sistnemnde punktet og hevda at ho truar sjølvråderetten og suvereniteten til landa.
Dei overvakte satellitten etter at han hadde forlate den franske.
Orkanen Maria forårsaka store øydeleggingar då han slo over det amerikanske øyterritoriet.

Også den har fått nytt opplag.

I dag er døra stengd for den som fullfører tre år studiespesialisering.

– Den har vi alle!
Og den meiner han er klart bondefiendtleg.

Det gjeld heile den norske befolkninga.

Men saka er den at vi ikkje gidd.
Den er høg, men ho er ikkje uavgrensa høg, seier han.
  Den inneber også at det ordinære minstefrådraget ikkje gjeld, og på folkemunne blir han kalla backpackerskatten.
Siviltenesta vart avskaffa fordi behovet for henne i stor grad er borte.
Om ein utlending blir teken for brot på straffelova eller utlendingslova, førebur politiet utvisingssak og sender henne over til UDI.
Ein internkonvolutt låg i ei posthylle og vart henta av ein tilsett. I den var det kvitt pulver.
På eit evakueringssenter i Sumy sa den 70 år gamle metallarbeidaren Mykola at han er glad for den ukrainske innmarsjen.


Om våren lengtar ein fram mot sommarferien, medan ein om hausten lengtar tilbake til den.
Det er ingen som kan lastast for dagens situasjon, men det er veldig stor spenning knytt til den.
Stortinget skal seinare ta stilling til den.
Ap-politikar Espen Barth Eide er positiv til EUs klimaplan og meiner Noreg må slutte seg til den.
Noreg har slutta seg til den, men regjeringspartiet Frp meiner avgjerda er sterkt beklageleg.
Domstolen vil deretter omgåande ta stilling til den, opplyser Telemark tingrett til NTB.
Ein talsmann for reiarlaget har tidlegare uttalt til Nordlys at fristen for å fjerne vraket er realistisk, og at dei vil forhalde seg til den.

Men rapporten er gradert, og forvaltninga nektar utvalet å offentleggjere alle opplysningane i den.
Sidan ho enno ikkje har lese heile rapporten, meiner ho at det er for tidleg å uttale seg om detaljane i den.
Det er kø og ein må berre stille seg i den, sa Northug.
Neste år bur eg i den, også heile vinterhalvåret, seier ho.
Det er mykje energi i den, og det er det eg liker aller best.
Kven som skal vere inkludert i den, har vi brukt ein del tid på, seier Nybø til NTB.
Der møter eg folk som har vakse opp med boka – og som har identifisert seg sterkt med det som skjer i den, uttalte Maria Parr.
Hurtigruten er kjend med klaga, men stiller seg uforståande til påstandane i den.
Men rapporten er gradert, og forvaltninga nektar utvalet å offentleggjere alle opplysningane i den.
Det er dessverre umogleg, ein veit ikkje om det er ei bølgje før ein er i den.
Har du kjøpt ein fem liters kanne med vatn frå Biltema, kan det kanskje vere muggpartiklar i den.
Det eg oppdaga med den songen, er at folk kjenner seg kraftig igjen i den.

Boreriggen er nyleg oppgradert, og det blir no bora nye brønnar frå den.
De hadde ein flott avtale, nesten ferdigstilt, og så trekte de dykk frå den, skriv presidenten.
I Teheran sa Irans president Hassan Rouhani onsdag at det er nyttelaust å snakke med USA om atomavtalen som no forvitrar ytterlegare etter at USA trekte seg frå den, melder AP.
Så det at eg var i permisjon frå den, var alminneleg kjent, svarer Wenstøb med tilvising til Stortingets gåveregister.
Eg har nok sett alle saman, men eg kan ikkje hugse nokon scener frå den, seier Kristoffersen til NTB.
Meldinga vart lagd ut på Twitter-kontoen til *Strategic *Command, før det kort tid etter kom ein beskjed om å sjå bort frå den.
Om ein skal bort frå den, blir det alle mot alle.
Kirkevold hadde eit halvt år igjen av Hobro-kontrakten, men er no fristilt frå den, og klubben skriv noko.

Men om vi har kunna tru på den, er eg meir usikker på.
Eg starta med å berre teikne ein blomster, og byrja på den.
Vi vil gå gjennom ei eventuell stemning og ta stilling til korleis vi skal svare på den.
men det påverka ikkje hovudindeksen, då aksjen ikkje er på den.
Dei skrytte så mykje av denne vaksinen at folk ikkje stoler på den.
Hadde eg treft på den, så hadde jaktstarten også sett annleis ut.
24-åringen har fått med seg kommentaren frå Haugsrud og set pris på den.
Mora Luna har stelt ungen godt og ser ut til å ta veldig godt vare på den, opplyser Dyreparken.
Å få ei slik moglegheit er eit privilegium, og eg skal gjere alt i mi makt for å ta vare på den.
Han tapte makta i 1999, men vann tilbake den ti år seinare og har aldri sidan gitt slipp på den, sjølv om han er den første israelske statsministeren som er tiltalt medan han enno styrte landet.
Det er gjort funn på den, som vi meiner knyter både gjenstanden og den sikta til drapet.
Barn som nettopp har lært å stå og gå kan til dømes gripe tak i den dingsen på innsida av do, den som gir vatnet farge og kanskje litt lukt når du trekkjer ned, og smake på den.
Sarpsborg-målvakt Anders Kristiansen greidde akkurat ikkje å få nokon fingrar på den.
Leideren rauk med det same inspektøren sette ein fot på den.

Eg vart veldig engasjert og byrja å gjere research om internattida for å lære meir om den.
Han vart med i gruppa etter at venner hadde fortalt han om den.
Det er ingen som snakkar om den.
Han reagerer likevel på storleiken på bota og seier at det kan bli aktuelt å gå i dialog med tilsynet om den.
Ap, Høgre, Frp og Sp sluttar opp om den, sa ho.
Vi kan av denne grunnen heller ikkje uttale oss om den, seier dagleg leiar Børre Hagen.
Møtet handla om å få ei oversikt over saka og orientere påtalemakta om den, sa ho.
Biden omtalte planen som ambisiøs, men realistisk, og oppmoda deltakarlanda på det kommande klimatoppmøtet COP26 til å slutte opp om den.
Ho og *Folkhälsomyndigheten ber folk sørgje for å ta også dose nummer to når dei får tilbod om den.
Det er eit faktum at fleire forbrukarar har mista kontrollen over databruken på mobilen, og ikkje har kunna stanse bruken fordi dei ikkje har visst om den.
Men lova har levd i beste velgåande, sjølv om ikkje så mange av oss har høyrt om den, sa næringsministeren.

Naturen bringar fram emosjonar i oss, vi må spele på lag med den.
No utset vi planen og samarbeider med Statsbygg før vi går vidare med den.
Tyskaren sa til politiet at han hadde funne skrutrekkjaren, men svarte ikkje direkte på spørsmål om kva han skulle med den.
Folkehelseinstituttet (FHI) har vurdert ein andre dose, men tilrår å vente med den.
Dette er den nye normalen, og vi må finne ut korleis vi skal leve med den, seier statsråden.
Barna leika i skogen tysdag ettermiddag då dei fann ein granat. Den eksploderte då dei leika med den, seier Josephine Angucia, talsperson for det lokale politiet.
Vi sat oppe heile natta og jobba med den, så ho vart eit slags uklart minne, ein slags draum.

No må han klare seg utan den.

Den munnlege forteljartradisjonen vår er jo historieformidlinga vår, og joiken ein viktig del av den.
Legemiddelverket overvaker bruken av den.
Vi er nøydde til å sjå an påskeferien og konsekvensane av den.
Menneskeslekta har allereie hatt stor nytte av den, understrekar Pernilla Wittung-Stafshede.
Vi må klare oss med den vasskrafta vi har og oppgradering av den, seier han til kanalen.
Men får ein først stikk av den, reagerer ein kraftigare.
Motstandarar av den, blant dei demokratar både i delstaten og på føderalt nivå, meiner at lausare våpenlovgiving kan føre til meir vald.
Ein person i Belgia har fått påvist smitte av den.

Den første samlinga bar veldig preg av at det var tre kampar på seks dagar, men eg synest vi kom godt ut av den.
Men vi har den internasjonale nedturen i historia bak oss, og Noreg kom nesten urørt ut av den.
Men du må vente til i morgon for å finne ut av den.
Den internasjonale avtalen som gir innsyn i Irans atomprogram i byte mot sanksjonslette, har ikkje fungert sidan tidlegare president Donald Trump trekte USA ut av den.
Vi får sjå kva vi kan hente ut av den, seier talsmannen.
Dei fleste må drikke teen frå favorittkoppen eller -kruset, for å få størst mogleg nyting ut av den.
Kundar kom med bil, vanlegvis utan å gå ut av den, og køyrde opp til folk som poserte som blomsterseljarar.

Eg tek saka til etterretning, og det er openbert at vi må lære av den.
Lågt omsetningsfall gjer at berre éin av ti bedrifter seier dei vil nytte seg av den, ifølgje NHO.
Men det er bra om enkelte andre land kanskje får nytte seg av den, seier Slokvik.
Om eg tek henne med meg, må eg jo skatte av den, og det er ei grense for kor mykje eg er villig til å betale.
 tre minutt seinare vann Sofia Mendelin-Norebø ballen høgt på banen og vippa han lekkert i mål frå høgre hjørne av 16-meteren.
Den prosessen har vi starta, og den kjem vi til å halde fram med.
Vi har redusert inntektsskatten, og den er cirka 11 milliardar kroner lågare no.
Ho (Kristine) er ein einar, og i dag var eg ein god nummer to. Eg tek den, sa ho til NRK.
Formålet må vere å forbetre verkemidla i ordninga som gjer henne robust i framtida, seier Svebestad.
Vi kjenner ikkje til liknande saker som den i Rogaland.
I 2017 var deltakinga blant innvandrarar 55 prosent, medan ho i 2021 var 50 prosent.
Han skaffa seg mellom anna fire våpen og det han trong for å lage den rundt 950 kilo tunge bomba. .
