Kampen tysdag.
kvinners retter.
murens fall.
livets rett.
rettens veg.
historias skraphaug.
i mitt livs form.

Trine er yngst i verda.
Trine er den yngste personen i verda.
Båten er den beste i verda på land, seier han.
Båten er den beste i verda, seier han.
Båten er den beste i verda.
Båten er den klart yngste i verda.
Ho er yngst i verda.
31-åringen er tiltalt for å ha valda ein annans død, alternativt for tenestefeil.

Bak forslaget står Marianne Aasen og Svein Roald Hansen i Ap og Per-Kristian Foss og Inge Lønning i Høgre.
Bob Kåre i Venstre viser til at Frank Bakke-Jensen i Høgre sa noko.
I sommar-OL speler Noreg innleiingskampane i ein mindre hall.
Nytt ungdoms-VM i russe-landstreff.
Enkelte europeiske leiarar er sterkt kritiske til EUs kvotesystem, som Ungarns statsminister Viktor Orbán.
Angrepet skjedde samtidig som presidenten i Frankrike er på statsbesøk.
Kongeparet og kronprins Haakon kikkar på skia som Slovenias president Borut Pahor gav i gåve i samband med noregsbesøket sitt.
Derfor blir Luftfartstilsynets ansvarsområde utvida.
Dermed blir mellom anna påverka lovarbeidet, budsjettarbeidet og arbeidet til regjeringa med stortingsmeldingar.
Han er kjend som USAs statsminister og var i mange år presidenten på Sri Lanka, seier Sveriges utanriksminister Trond Viggo Torgersen som fungerer som Danmarks konge.
Hallen tente som heim for «kongen av marka», som kongen av Vestfold ofte vart kalla, og familien hans.
Han har fleire tiår fungert som USAs visepresident, no er justisministeren i Øystre Slidre klar for å møte kronprinsesseregenten av Belgia.
Motiva og tankane til den sikta er referert i forklaringa til den sikta.

SV ber kontrollkomiteen om å sende brev til alle dei tidlegare statsrådane i Erna Solbergs regjeringar for å finne ut av deira og aksjeforholdet til ektefellane.
Ho viser mellom anna til at digitaliserings- og forvaltningsminister Karianne Tung (Ap) torsdag gjentok regjeringa og haldninga staten hadde til avtalestrukturen med partane i arbeidslivet.
