administrerende direktør.
alle andre muslimske herskere.
Alle de norske var blant de 11 første startende i rennet.
alle Statkraft.
Arbeiderpartiet faller 2,4 prosentpoeng i desembermålingen fra InFact.
Arkitekturhistorikeren Erling Gjone oppgir at det var skikken i *Gudbrandsdal å legge en håndsbredd til mønehøyden på store hus og trekke fra en håndsbredd på små.
Asteroiden roterer veldig sakte; *rotatasjonsperioden (døgeret) er på omtrent 3,3 jorddøger.
*Benzelius ble utnevnt til *praepositus ved Lunds *kommunitet i 1719 og i 1720 til ekstraordinær professor ved det filosofiske fakultetet. .
Bare 16 prosent tviholder på retten til å skyte opp egne raketter.
Boken blir ikke alltid lest.
Boken blir ikke lest.
Boken blir lest.
Boken kan leses.
Broen var på et tidspunkt den lengste i Norge.
Byen ble grunnlagt i 1903 og var hovedstad i den franske kolonien *Côte d’*Ivoire i perioden fra 1934 til 1960 #.
De er noen av de meste nyttige ligningene en har, fordi de skildrer fysikken i mange forskjellige fenomen av akademisk og økonomisk interesse.
De blir benyttet for å skildre været, havstrømmer, vannstrøm i rørledninger, bevegelsene til stjerner i en galakse, og luftstrøm rundt en vinge.
den lille kvinnen.
Denne åpnet i 1978, og gjorde linjen gjennom *Waihi overflødig, men linjen *Goldfields *Railway ble tatt vare på som en seks km lang *veterantogjarnveg mellom *Waihi og *Waikino.
det trygge stedet.
Den ble oppdaget av Karl Theodor Robert Luther den 5.
den viktige, lille fargen blåe.
den viktige, lille fargen rød.
Derfor vil kraftigere luftstrømmer (kraftigere torevær) bevirke større hagl.
Den andre konkursen.
Det betyr 1,15 milliarder mer enn i fjor, skriver Nationen.
Det som eventuelt kan ødelegge for rekordsesongen, er om resten av sommeren skulle bli spesielt våt og kald.
Da han døde gikk øyen til datteren Christina, og senere til hennes datter Athina Roussel.
Jeg gav det til ham.
Jeg gav ham til dere.
Jeg sa det til Dere.
Jeg sa det til hunden Deres.
En går ofte ut fra.
en åpen gang.
en åpen dør.
en åpen dør.
et kl.
et klede med.
et åpent hus.
et åpent hus.
et åpent hus.
Et par «kviledager», bare med tynt innslag av storslalåm for kvinner i verdenscupen, så blir det full fart fra lørdag 29. desember. .
Er det kanskje en bedre plass jeg kan oversette?
flere åpne dører.
folk som kommer fra selve Ørret.
*Fra #Envannet renner vannet ned til kraftstasjonen gjennom et 1800 meter langt *stålrør.
Geografisk hører ikke Jurafjella til Alpene.
Han gav det til meg.
Han hadde et 28 meter langt løp med kaliber på rundt 210 mm.
Han kjøpte mange heftet bøker.
hans Jenny.
Han slår ham.
Hesten springer like godt over vann som på landjorden og i luften.
I Norge ble dagen tradisjonelt kalt *torlaksmesse eller ''tollemesse''.
I USA har siden oktober 2004 vært en nasjonal datasikkerhetmåned, frontet av presidenten i landet.
Kort tid etter oppdagelsen ble området tatt i bruk av *européarar med ymse formål.
hvilket biler.
hvilken jente.
hvilken mann.
hvilket ønske.
Hvilke farger som benyttes, og hvor mange beltegrader som finnes *varierar fra stilart til stilart.
hvilke jenter.
Hva gjør Dere?
hvilket jenter.
Hvor bor du?
hvor bor du?
hvor eneste ting.
Hvilken tyding uttrykker det grammatiske trekket imperativ?
hvilken tyding uttrykker det grammatiske trekket imperativ?
Larvene er lange, tynne og hvite til gråaktige med mørket fargede munndeler.
Les også:
Loven regner opp de ulike regionstyrene på New Zealand og kunngjørelsene deres i The New Zealand *Gazette da de ble opprettet i 1989 #.
Men hun må tåle å få kritikk for initiativet fra SOS Rasisme.
Men kongsgarden var fortsatt det politisk og administrative sentret for Vestlandet og Nord-Norge.
minst så høyt over gulvet som høyden på selve dunken.
Navnet har gammeleuropeisk opprinnelse (''*karra'' - sten) og i antikken ble det kalt ''Carusardius'' på latin.
neste bil.
neste store.
Nå gir han seg 92 år gammel.
noe spesielt Norge nyter godt av.
Noe å gjære saften i, med gjærlås.
Noen av de mindre røysene ble undersøkt i 1925 og viste seg å inneholde enkle branngraver.
nå: som en slags norsk Wikipedia-portal.
nå vil de kunne føre inn sin egen drikk og selge den i kopp.
og om det er enkelt tyder ikke det at det er opplagt.
om det er enkelt tyder ikke det at det er opplagt.
Partene ønsker ikke å gå ut mens hvor mye Hansa Borg betaler for aksjene.
Anbringelsen til Catania ved foten av Etna var i følge *Strabius både en stor fordel og en stor bakdel.
Prisen ble utdelt under Nordisk råds prisutdeling i Stockholm onsdag kveld.
Prislappen på dressene i gjenbruksbutikken har variert mellom 1000 og 4000 kroner, skriver NRK.
Punktet hvor en bombe eller en meteoritt eksploderer i luften, under jordoverflaten eller på *havoverflata blir av og til *kalt ''hyposenter'', noe som språklig sett er feil ordbruk.
Regnværet holder stender i alle fall til midten av neste uke.
samme biler.
Senere ble dette regnet som funnbrønn for *Balderfeltet.
selv om det er enkelt tyder ikke det at det er opplagt.
Stammen er kort og tykk, og ham deler seg i flere konkurrerende toppskudd.
Særlig utvandret mange til Amerika, på det meste ca 450 mennesker på et eneste år.
Så hun ikke ordene? De småspiste nyplantet hygge.
Tiden for jødisk filosofi fant sted i det nåværende Irak.
*Tissot kjempet i den fransk-prøyssiske krigen.
trass i at det er enkelt tyder ikke det at det er opplagt.
–  Unaturlige dødsfall og det som vi kan forebygge er alvorlig, og det må vi gjøre noe med.
var en av de ledende avisene i USA.
