Partane vil ta pause klokka 17 laurdag, for så å møtast igjen klokka 12 søndag.
Herrem: – Aldri vorte så pressa.
Planen er no å halde fram diskusjonane over sommaren og så halde eit nytt møte om saka til hausten.
Maren Mjelde sikra siger og tabelleiing for Chelsea – 38.262 såg Arsenal slå Tottenham.
– Kjem du ut for eit trafikkuhell, så ta fram mobilen og ta bilete.
Du skal nok vere meir enn som såg for å få til eit lag.
– Eg veit at nokre gamle gubbar framleis har sånne forstokka haldningar, men at det skulle komme frå ein ung mann på 36 år, så eg ikkje komme, seier Helleland til   Dagsavisen.
– Eg så det var nokon frå Statsministerens kontor som hadde tenkt å dra.
Lenge såg det ut til at også Silje Øyre Slind skulle ta seg vidare, men ho vart til slutt skubba ned til den sure 31.-plassen.
Han braut direkte, såg seg aldri tilbake og vann til slutt settet 6-2.
Når ein såg stor skandale hender, må ho som øvste politiske ansvarlege, ta det ansvaret og gå av.
Då dei såg skulle starte, kom regnet og øydela for arrangøren.
Han kom til ein ny klubb og ein såg stor liga, seier ein imponert landslagssjef Lars Lagerbäck til NTB om Ødegaard.
Hagen syklar sin første sesong som utanlandsproff, og han har markert seg som noko såg sjeldan som ein norsk samanlagtryttar.
Det var ein dag med vanskelege forhold og fleire uhell, men ingen så alvorlege som det som ramma *Tänak.
Då eg såg sette meg ned i hockey, merka eg at det ikkje gjekk fort nok, samanfatta Kjetil Jansrud til TV 2.
Takk for at de betraktar meg som ein såg stor trussel mot dagsordenen dykkar.
* Å skaffe visum kan vere ein omstendeleg prosess, så bestill det så fort du har reiseruta klar.
Men Sp-leiaren så lengre enn som så.
Berge, som har slite etter koronapausen, så ut til å få ei meir positiv oppleving søndag.
– Då eg gjekk ut på sisteetappe, så eg Bulgaria og Finland framfor meg.
–  Når ein kjem frå Noreg, så blir ikkje dette opplevd som så stort.
Det er klart det er alvorleg når ein såg sentral teneste rammast.
– Det er god dialog, men når vi ikkje klarer å bli samde om ting, så låser det seg, seier han.
Når det går dårleg i Europa, så kjøper dei mindre norske varer og tenester.
Ho påpeikar at oversikta er nødvendig for å sikre eit trygt arbeidsmiljø og ein såg trygg teneste som mogleg.
Men ei så dramatisk endring krev ei god grunngiving, og her sprikjer dei ulike høyringsfråsegnene.
Meiner at målet til ukrainarane er å krenkje og så splitting i det russiske samfunnet.
Dersom Putin så inderleg ønskjer å krige, må Russland tvingast til å inngå fred.
– Hell ein dæsj vanleg gløggkonsentrat frå butikken i botnen av glasa, og så prosecco i resten.
Men ingen såg deprimerte ut etter orienteringa.
