[3rqBvhHpyho6#0] ^I/I<pr>$ ^USA/USA<np><top>$ ^har/ha<vblex><pres>$ ^sidan/sidan<pr>$ ^oktober/oktober<n><m><sg><ind>$ ^2004/2004<det><qnt><un><pl>/2004<det><qnt><un><pl><date>$ ^vore/vere<vblex><pp>$ ^ein/ein<det><qnt><m><sg>$ ^nasjonal/nasjonal<adj><pst><mf><sg><ind>$ ^datatryggleiksmånad/datatryggleik<n><m><sg><ind><cmp>+månad<n><m><sg><ind>$^,/,<cm>$ ^fronta/fronte<adj><pp><mf><sg><ind>$ ^av/av<pr>$ ^presidenten/president<n><m><sg><def>$ ^i/i<pr>$ ^landet/land<n><nt><sg><def>$^./.<sent><clb>$
[/3rqBvhHpyho6]
[4rpYn7PO0ei7#0] ^Dei/Dei<prn><pers><p3><un><pl><nom>$ ^er/vere<vblex><pres>$ ^nokre/noko<prn><ind><un><pl><nom>$ ^av/av<pr>$ ^dei/den<det><dem><un><pl>$ ^mest/mykje<adj><sint><sup><un><sp><ind>$ ^nyttige/nyttig<adj><sint><pst><un><pl><ind>$ ^likningane/likning<n><f><pl><def>$ ^ein/ein<prn><pers><p3><un><sg><acc>/ein<prn><pers><p3><un><sg><nom>$ ^har/ha<vblex><pres>$^,/,<cm>$ ^fordi/fordi<cnjsub>$ ^dei/dei<prn><pers><p3><un><pl><nom>$ ^skildrar/skildre<vblex><pres>$ ^fysikken/fysikk<n><m><sg><def>$ ^i/i<pr>$ ^mange/mange<adj><sint><pst><un><pl><ind>$ ^forskjellige/forskjellig<adj><sint><pst><un><pl><ind>$ ^fenomen/fenomen<n><nt><pl><ind>$ ^av/av<pr>$ ^akademisk/akademisk<adj><pst><mf><sg><ind>$ ^og/og<cnjcoo>$ ^økonomisk/økonomisk<adj><pst><mf><sg><ind>$ ^interesse/interesse<n><f><sg><ind>$^./.<sent><clb>$
[/4rpYn7PO0ei7]
[5ME85rZ5wfr1#0] ^Larvane/Larv<n><m><pl><def>/Larve<n><m><pl><def>$ ^er/vere<vblex><pres>$ ^lange/lang<adj><sint><pst><un><pl><ind>$^,/,<cm>$ ^tynne/tynn<adj><sint><pst><un><pl><ind>$ ^og/og<cnjcoo>$ ^kvite/kvit<adj><sint><pst><un><pl><ind>$ ^til/til<pr>$ ^gråaktige/gråaktig<adj><pst><un><sp><def>/gråaktig<adj><pst><un><pl><ind>$ ^med/med<adv>/med<cnjsub>/med<pr>$ ^mørkt/mørke<vblex><pp>/mørke<adj><pp><mf><sg><ind>/mørk<adj><sint><pst><nt><sg><ind>$ ^farga/farga<adj><pst><un><pl><ind>/farge<adj><pp><mf><sg><ind>/farge<adj><pp><nt><sg><ind>/farga<adj><pst><mf><sg><ind>/farga<adj><pst><un><sp><def>/farga<adj><pst><nt><sg><ind>/farge<adj><pp><pl>/farge<vblex><pp>/farge<vblex><pret>$ ^munndelar/munn<n><m><sg><ind><cmp>+del<n><m><pl><ind>/munn<n><m><sg><ind><cmp>+delar<n><m><sg><ind>$^./.<sent><clb>$
[/5ME85rZ5wfr1]
[5vwAep-R9qLO#0] ^Dei/Dei<prn><pers><p3><un><pl><nom>$ ^vert/bli<vblex><pres>$ ^nytta/nytte<adj><pp><pl>$ ^for/for<pr>$ ^å/å<part>$ ^skildre/skildre<vblex><inf>$ ^vêret/vêr<n><nt><sg><def>$^,/,<cm>$ ^havstraumar/havstraum<n><m><pl><ind>$^,/,<cm>$ ^vasstraum/vasstraum<n><m><sg><ind>$ ^i/i<pr>$ ^røyrleidningar/røyrleidning<n><m><pl><ind>$^,/,<cm>$ ^rørslene/rørsle<n><f><pl><def>$ ^til/til<pr>$ ^stjerner/stjerne<n><f><pl><ind>$ ^i/i<pr>$ ^ein/ein<det><qnt><m><sg>$ ^galakse/galakse<n><m><sg><ind>$^,/,<cm>$ ^og/og<cnjcoo>$ ^luftstraum/luftstraum<n><m><sg><ind>$ ^rundt/rundt<pr>$ ^ei/ein<det><qnt><f><sg>$ ^vengje/venge<n><f><sg><ind>$^./.<sent><clb>$
[/5vwAep-R9qLO]
[6HA0Ee_eGbXj#0] ^Prisen/Pris<n><m><sg><def>$ ^vart/bli<vblex><pret>$ ^utdelt/utdele<adj><pp><mf><sg><ind>$ ^under/under<pr>$ ^Nordisk råds/Nordisk råd<np><org><gen>$ ^prisutdeling/prisutdeling<n><f><sg><ind>$ ^i/i<pr>$ ^Stockholm/Stockholm<np><top>$ ^onsdag/onsdag<n><m><sg><ind>$ ^kveld/kveld<n><m><sg><ind>$^./.<sent><clb>$
[/6HA0Ee_eGbXj]
[6c1ZRuvcFSWt#0] ^Då/Då<cnjsub>$ ^han/han<prn><pers><p3><m><sg><nom>$ ^døydde/døy<vblex><pret>/døyde<vblex><pret>$ ^gjekk/gå<vblex><pret>$ ^øya/øy<n><f><sg><def>$ ^til/til<pr>$ ^dottera/dotter<n><f><sg><def>$ ^Christina/Christina<np><ant><f>$^,/,<cm>$ ^og/og<cnjcoo>$ ^seinare/seinare<adv>/sein<adj><sint><comp><un><sp>$ ^til/til<pr>$ ^hennar/hennar<det><pos><f><sg>$ ^dotter/dotter<n><f><sg><ind>$ ^Athina/Athina<np><ant><f>$ ^Roussel/Roussel<np><cog>$^./.<sent><clb>$
[/6c1ZRuvcFSWt]
[9iFCay2zfDYL#0] ^Prislappen/Prislapp<n><m><sg><def>$ ^på/på<pr>$ ^dressane/dress<n><m><pl><def>$ ^i/i<pr>$ ^gjenbruksbutikken/gjenbruk<n><nt><sg><ind><cmp>+butikk<n><m><sg><def>/gjenbruk<n><m><sg><ind><cmp>+butikk<n><m><sg><def>$ ^har/ha<vblex><pres>$ ^variert/variere<vblex><pp>$ ^mellom/mellom<pr>$ ^1000/1000<det><qnt><un><pl>/1000<det><qnt><un><pl><date>$ ^og/og<cnjcoo>$ ^4000/4000<det><qnt><un><pl>$ ^kroner/krone<n><f><pl><ind>$^,/,<cm><clb>$ ^skriv/skrive<vblex><pres>$ ^NRK/NRK<np><org>$^./.<sent><clb>$
[/9iFCay2zfDYL]
[9iUMFeGlwhEX#0] ^Nokre/Noko<prn><ind><un><pl><nom>$ ^av/av<pr>$ ^dei/den<det><dem><un><pl>$ ^mindre/liten<adj><sint><comp><un><sp>$ ^røysene/røy<n><f><sg><ind><cmp>+sene<n><f><sg><ind>$ ^vart/bli<vblex><pret>$ ^undersøkte/undersøke<adj><pp><pl>$ ^i/i<pr>$ ^1925/1925<det><qnt><un><pl>/1925<det><qnt><un><pl><date>$ ^og/og<cnjcoo><clb>$ ^viste seg/vise# seg<vblex><pret>$ ^å/å<part>$ ^innehalde/innehalde<vblex><inf>$ ^enkle/enkel<adj><sint><pst><un><pl><ind>$ ^branngraver/brann<n><m><sg><ind><cmp>+grav<n><f><pl><ind>$^./.<sent><clb>$
[/9iUMFeGlwhEX]
[CfxXOmfbkwwr#0] ^Asteroiden/Asteroide<n><m><sg><def>$ ^roterer/rotere<vblex><pres>$ ^veldig/veldig<adv>$ ^sakte/sakte<adj><sint><pst><nt><sg><ind>$^;/;<sent><clb>$ ^rotatasjonsperioden/*rotatasjonsperioden$ ^(/(<lpar>$^døgeret/døger<n><nt><sg><def>$^)/)<rpar>$ ^er/vere<vblex><pres>$ ^på/på<pr>$ ^omtrent/omtrent<adv>$ ^3,3/3,3<det><qnt><un><pl>$ ^jorddøger/jord<n><f><sg><ind><cmp>+døger<n><nt><pl><ind>$^./.<sent><clb>$
[/CfxXOmfbkwwr]
[Ddb1FZ6xQpKn#0] ^Denne/Denne<det><dem><m><sg>/Denne<det><dem><f><sg>/Denne<prn><dem><m><sg><nom>/Denne<prn><dem><f><sg><nom>$ ^opna/opne<vblex><pret>$ ^i/i<pr>$ ^1978/1978<det><qnt><un><pl>/1978<det><qnt><un><pl><date>$^,/,<cm>$ ^og/og<cnjcoo><clb>$ ^gjorde/gjere<vblex><pret>$ ^linja/linje<n><f><sg><def>$ ^gjennom/gjennom<pr>$ ^Waihi/*Waihi$ ^overflødig/overflødig<adv>/overflødig<adj><pst><nt><sg><ind>/overflødig<adj><pst><mf><sg><ind>$^,/,<cm>$ ^men/men<cnjcoo><clb>$ ^linja/linje<n><f><sg><def>$ ^Goldfields/*Goldfields$ ^Railway/*Railway$ ^vart/bli<vblex><pret>$ ^teken/tek<n><m><sg><def>/ta<adj><pp><f><sg><ind>/ta<adj><pp><mf><sg><ind>$ ^vare/vare<n><m><sg><ind>/vare<n><f><sg><ind>/var<adj><sint><pst><un><sp><def>/var<adj><sint><pst><un><pl><ind>$ ^på/på<pr>$ ^som/som<pr>$ ^ein/ein<det><qnt><m><sg>$ ^seks/seks<det><qnt><un><pl>$ ^km/km<n><nt><pl><ind>$ ^lang/lang<adj><sint><pst><mf><sg><ind>$ ^veterantogjarnveg/*veterantogjarnveg$ ^mellom/mellom<pr>$ ^Waihi/*Waihi$ ^og/og<cnjcoo>$ ^Waikino/*Waikino$^./.<sent><clb>$
[/Ddb1FZ6xQpKn]
[FUJykPkSrywH#0] ^Fra/*Fra$ ^Einvatnet/Ein<n><m><sg><ind><cmp>+vatn<n><nt><sg><def>$ ^renn/renne<vblex><pres>$ ^vatnet/vatn<n><nt><sg><def>$ ^ned/ned<pr>$ ^til/til<pr>$ ^kraftstasjonen/kraftstasjon<n><m><sg><def>$ ^gjennom/gjennom<pr>$ ^eit/ein<det><qnt><nt><sg>$ ^1800/1800<det><qnt><un><pl>/1800<det><qnt><un><pl><date>$ ^meter/meter<n><m><pl><ind>$ ^langt/langt<adv>/lang<adj><sint><pst><nt><sg><ind>$ ^stålrør/*stålrør$^./.<sent><clb>$
[/FUJykPkSrywH]
[FWmPpEUD_LBI#0] ^Arkitekturhistorikaren/Arkitektur<n><m><sg><ind><cmp>+historikar<n><m><sg><def>$ ^Erling/Erling<np><ant><m>$ ^Gjone/Gjone<np><cog>$ ^oppgjev/oppgje<vblex><pres>$ ^at/at<cnjsub>$ ^det/den<prn><pers><p3><nt><sg><nom>$ ^var/vere<vblex><pret>$ ^skikken/skikk<n><m><sg><def>$ ^i/i<pr>$ ^Gudbrandsdal/*Gudbrandsdal$ ^å/å<part>$ ^legge/legge<vblex><inf>$ ^ei/ein<det><qnt><f><sg>$ ^handsbreidd/hands<n><m><sg><ind><cmp>+breidde<n><f><sg><ind>$ ^til/til<pr>$ ^mønehøgda/møne<n><nt><sg><ind><cmp>+høgd<n><f><sg><def>/møne<n><nt><sg><ind><cmp>+høgde<n><f><sg><def>$ ^på/på<pr>$ ^store/stor<adj><sint><pst><un><pl><ind>$ ^hus/hus<n><nt><pl><ind>$ ^og/og<cnjcoo>$ ^trekkje frå/trekke# frå<vblex><inf>$ ^ei/ein<det><qnt><f><sg>$ ^handsbreidd/hands<n><m><sg><ind><cmp>+breidde<n><f><sg><ind>$ ^på/på<pr>$ ^småe/liten<adj><sint><pst><un><pl><ind>$^./.<sent><clb>$
[/FWmPpEUD_LBI]
[GaEBlVg0xmVP#0] ^Alle/All<det><qnt><un><pl>/Alle<n><m><sg><ind>$ ^dei/den<det><dem><un><pl>$ ^norske/norsk<adj><sint><pst><un><pl><ind>$ ^var/vere<vblex><pret>$ ^blant/blant<pr>$ ^dei/den<det><dem><un><pl>$ ^11/11<det><qnt><un><pl>$ ^første/første<adj><ord><pst><un><pl><ind>$ ^startande/startande<adj><pst><nt><sg><ind>/startande<adj><pst><un><sp><def>/startande<adj><pst><un><pl><ind>/startande<adj><pst><mf><sg><ind>$ ^i/i<pr>$ ^rennet/renn<n><nt><sg><def>$^./.<sent><clb>$
[/GaEBlVg0xmVP]
[IsHcw10R4wkE#0] ^Regnvêret/Regnvêr<n><nt><sg><def>$ ^held/halde<vblex><pres>$ ^stand/stand<n><nt><sg><ind>/stand<n><nt><pl><ind>/stand<n><m><sg><ind>$ ^i alle fall/i alle fall<adv>$ ^til/til<pr>$ ^midten/midt<n><m><sg><def>/midte<n><m><sg><def>$ ^av/av<pr>$ ^neste/neste<det><dem><f><sp><def>$ ^veke/veke<n><f><sg><ind>$^./.<sent><clb>$
[/IsHcw10R4wkE]
[LiGucBOCcrmf#0] ^Eit/Ein<det><qnt><nt><sg>$ ^par/par<n><nt><sg><ind>$ ^«/«<lquot>$^kviledagar/kviledag<n><m><pl><ind>$^»/»<rquot>$^,/,<cm>$ ^berre/berre<adv>$ ^med/med<pr>$ ^tynt/tynn<adj><sint><pst><nt><sg><ind>$ ^innslag/innslag<n><nt><sg><ind>$ ^av/av<pr>$ ^storslalåm/storslalåm<n><m><sg><ind>$ ^for/for<pr>$ ^kvinner/kvinne<n><f><pl><ind>$ ^i/i<pr>$ ^verdscupen/verdscup<n><m><sg><def>$^,/,<cm>$ ^så/så<adv>$ ^blir/bli<vblex><pres>$ ^det/den<prn><pers><p3><nt><sg><nom>$ ^full/full<adv>$ ^fart/fart<n><m><sg><ind>$ ^frå/frå<pr>$ ^laurdag/laurdag<n><m><sg><ind>$ ^29./29.<adj><ord><pst><un><sp><def>$ ^desember/desember<n><m><sg><ind>$^./.<sent><clb>$
[/LiGucBOCcrmf]
[MMl2IDiHZvEs#0] ^Lova/Lov<n><nt><pl><def>/Lov<n><f><sg><def>$ ^reknar/rekne<vblex><pres>$ ^opp/opp<adv>/opp<pr>$ ^dei/den<det><dem><un><pl>$ ^ulike/ulik<adj><pst><un><pl><ind>$ ^regionstyra/*regionstyra$ ^på/på<pr>$ ^New Zealand/New Zealand<np><top>$ ^og/og<cnjcoo>$ ^kunngjeringane/kunngjering<n><f><pl><def>$ ^deira/deira<det><pos><un><pl>$ ^i/i<pr>$ ^The/The<np><cog>/The<np><al>$ ^New Zealand/New Zealand<np><top>$ ^Gazette/*Gazette$ ^då/då<cnjsub>$ ^dei/dei<prn><pers><p3><un><pl><nom>$ ^vart/bli<vblex><pret>$ ^oppretta/opprette<adj><pp><pl>$ ^i/i<pr>$ ^1989./1989.<adj><ord><pst><un><sp><def>$
[/MMl2IDiHZvEs]
[ModkvxIYL9-6#0] ^Men/Men<cnjcoo><clb>$ ^ho/ho<prn><pers><p3><f><sg><nom>$ ^må/måtte<vblex><pres>$ ^tåle/tåle<vblex><inf>$ ^å/å<part>$ ^få/få<vblex><inf>$ ^kritikk/kritikk<n><m><sg><ind>$ ^for/for<pr>$ ^initiativet/initiativ<n><nt><sg><def>$ ^frå/frå<pr>$ ^SOS/SO<np><cog><gen>$ ^Rasisme/Rasisme<n><m><sg><ind>$^./.<sent><clb>$
[/ModkvxIYL9-6]
[NORK4Hm4Df3_#0] ^Brua/Bru<n><f><sg><def>$ ^var/vere<vblex><pret>$ ^på/på<pr>$ ^eit/ein<det><qnt><nt><sg>$ ^tidspunkt/tidspunkt<n><nt><sg><ind>$ ^den/den<det><dem><m><sg>/den<det><dem><f><sg>$ ^lengste/lang<adj><sint><sup><un><sp><def>/lenge<adj><sint><sup><un><sp><def>$ ^i/i<pr>$ ^Noreg/Noreg<np><top>$^./.<sent><clb>$
[/NORK4Hm4Df3_]
[Nd3HCyOFb0gl#0] ^Kva for/Kva for<det><itg><un><pl>$ ^fargar/farge<vblex><pres>$ ^som/som<pr>$ ^nyttast/nytte<vblex><inf><pasv>$^,/,<cm>$ ^og/og<cnjcoo>$ ^kor mange/kor mange<det><qnt><un><pl>$ ^beltegrader/belte<n><nt><sg><ind><cmp>+grad<n><f><pl><ind>$ ^som/som<cnjsub>$ ^finst/finnast<vblex><pstv><pres>$ ^varierar/*varierar$ ^frå/frå<pr>$ ^stilart/stilart<n><m><sg><ind>/stilart<n><f><sg><ind>$ ^til/til<pr>$ ^stilart/stilart<n><m><sg><ind>/stilart<n><f><sg><ind>$^./.<sent><clb>$
[/Nd3HCyOFb0gl]
[Nml8dxOtM96i#0] ^Benzelius/*Benzelius$ ^vart/bli<vblex><pret>$ ^utnemnd/utnemne<vblex><pp>/utnemne<adj><pp><nt><sg><ind>$ ^til/til<pr>$ ^praepositus/*praepositus$ ^ved/ved<pr>$ ^Lunds/Lund<n><m><sg><ind><gen>$ ^kommunitet/*kommunitet$ ^i/i<pr>$ ^1719/1719<det><qnt><un><pl>/1719<det><qnt><un><pl><date>$ ^og/og<cnjcoo>$ ^i/i<pr>$ ^1720/1720<det><qnt><un><pl>/1720<det><qnt><un><pl><date>$ ^til/til<pr>$ ^ekstraordinær/ekstraordinær<adj><pst><mf><sg><ind>$ ^professor/professor<n><m><sg><ind>$ ^ved/ved<pr>$ ^det/den<det><dem><nt><sg>/den<det><dem><nt><sg><expl>$ ^filosofiske/filosofisk<adj><pst><un><sp><def>/filosofisk<adj><pst><un><pl><ind>$ ^fakultetet/fakultet<n><nt><sg><def>$^./.<sent><clb>$
[/Nml8dxOtM96i]
[OThX_NNLW09k#0] ^Stammen/Stam<n><m><sg><def>/Stamme<n><m><sg><def>$ ^er/vere<vblex><pres>$ ^kort/kort<adj><sint><pst><mf><sg><ind>$ ^og/og<cnjcoo>$ ^tjukk/tjukk<adj><sint><pst><mf><sg><ind>$^,/,<cm>$ ^og/og<cnjcoo>$ ^han/han<prn><pers><p3><m><sg><acc>/han<prn><pers><p3><m><sg><nom>$ ^delar/del<n><m><pl><ind>/delar<n><m><sg><ind>$ ^seg/seg<prn><ref><p3><un><sp><acc>$ ^i/i<pr>$ ^fleire/mange<adj><sint><comp><un><sp>$ ^konkurrerande/konkurrere<adj><pprs>$ ^toppskot/topp<n><m><sg><ind><cmp>+skot<n><nt><pl><ind>/topp<n><m><sg><ind><cmp>+kot<n><nt><pl><ind>$^./.<sent><clb>$
[/OThX_NNLW09k]
[SVMsp78Ti5M9#0] ^Arbeidarpartiet/Arbeidarparti<n><nt><sg><def>/Arbeidarpartiet<np><org><nt><def>$ ^fell/falle<vblex><pres>$ ^2,4/2,4<det><qnt><un><pl>$ ^prosentpoeng/prosentpoeng<n><nt><pl><ind>$ ^i/i<pr>$ ^desembermålinga/desember<n><m><sg><ind><cmp>+måling<n><f><sg><def>$ ^frå/frå<pr>$ ^InFact/InFact<np><org>$^./.<sent><clb>$
[/SVMsp78Ti5M9]
[TGCaEPblI1GZ#0] ^Kort/Kort<adj><sint><pst><mf><sg><ind>$ ^tid/tid<n><f><sg><ind>$ ^etter/etter<pr>$ ^oppdaginga/oppdaging<n><f><sg><def>$ ^vart/bli<vblex><pret>$ ^området/område<n><nt><sg><def>$ ^tatt i bruk/ta# i bruk<vblex><pp>$ ^av/av<pr>/av<np><attr>$ ^européarar/*européarar$ ^med/med<pr>$ ^ymse/ymis<adj><pst><un><sp><def>/ymis<adj><pst><un><pl><ind>/ymsen<adj><pst><nt><sg><ind>$ ^formål/formål<n><nt><sg><ind>/formål<n><nt><pl><ind>$^./.<sent><clb>$
[/TGCaEPblI1GZ]
[Z5U1xnppJ98C#0] ^Namnet/Namn<n><nt><sg><def>$ ^har/ha<vblex><pres>$ ^gamaleuropeisk/gammal<adj><sint><pst><mf><sg><ind><cmp>+europeisk<adj><pst><nt><sg><ind>$ ^opphav/opphav<n><nt><sg><ind>$ ^(/(<lpar>$^'/'<apos>$^'/'<apos>$^karra/*karra$^'/'<apos>$^'/'<apos>$ ^-/-<guio>$ ^stein/stein<adv>/stein<n><m><sg><ind>/stein<adj><pst><nt><sg><ind>/stein<adj><pst><mf><sg><ind>$^)/)<rpar>$ ^og/og<cnjcoo>$ ^i/i<pr>$ ^antikken/antikk<n><m><sg><def>$ ^vart/bli<vblex><pret>$ ^det/den<prn><pers><p3><nt><sg><nom>$ ^kalla/kalle<adj><pp><nt><sg><ind>$ ^'/'<apos>$^'/'<apos>$^Carusardius'/Carusardius'<np><guess><gen>$^'/'<apos>$ ^på/på<pr>$ ^latin/latin<n><nt><sp>/latin<n><m><sg><ind>$^./.<sent><clb>$
[/Z5U1xnppJ98C]
[ZAgDc3RFa3LR#0] ^Det/Den<prn><pers><p3><nt><sg><nom>$ ^som/som<cnjsub>$ ^eventuelt/eventuelt<n><mf><sp>/eventuell<adj><pst><nt><sg><ind>$ ^kan/kunne<vblex><pres>$ ^øydeleggje/øydelegge<vblex><inf>$ ^for/for<pr>$ ^rekordsesongen/rekord<n><m><sg><ind><cmp>+sesong<n><m><sg><def>$^,/,<cm><clb>$ ^er/vere<vblex><pres>$ ^om/om<pr>$ ^resten/rest<n><m><sg><def>$ ^av/av<pr>$ ^sommaren/sommar<n><m><sg><def>$ ^skulle/skulle<vblex><pret>$ ^bli/bli<vblex><inf>$ ^spesielt/spesielt<adv>$ ^våt/våt<adj><sint><pst><mf><sg><ind>$ ^og/og<cnjcoo>$ ^kald/kald<adj><sint><pst><mf><sg><ind>$^./.<sent><clb>$
[/ZAgDc3RFa3LR]
[dTxSA_WS52ms#0] ^Derfor/Derfor<adv>$ ^vil/vilje<vblex><pres>$ ^kraftigare/kraftig<adj><sint><comp><un><sp>$ ^luftstraumar/luftstraum<n><m><pl><ind>$ ^(/(<lpar>$^kraftigare/kraftig<adj><sint><comp><un><sp>$ ^torevêr/torevêr<n><nt><sg><ind>/torevêr<n><nt><pl><ind>$^)/)<rpar>$ ^føre til/føre# til<vblex><inf>$ ^større/stor<adj><sint><comp><un><sp>$ ^hagl/hagl<n><nt><sg><ind>/hagl<n><nt><pl><ind>$^./.<sent><clb>$
[/dTxSA_WS52ms]
[f4pGljxdKnLq#0] ^Berre/Berre<adv>/Berre<cnjsub>/Berre<np><cog>$ ^16/16<det><qnt><un><pl>$ ^prosent/prosent<n><m><pl><ind>$ ^tviheld/tvihalde<vblex><pres>$ ^på/på<pr>$ ^retten/rett<n><m><sg><def>/rett¹<n><m><sg><def>$ ^til/til<pr>$ ^å/å<part>$ ^skyte/skyte<vblex><inf>$ ^opp/opp<adv>/opp<pr>$ ^eigne/eigen<det><emph><un><pl>$ ^rakettar/rakett<n><m><pl><ind>$^./.<sent><clb>$
[/f4pGljxdKnLq]
[fz9DiXESky0-#0] ^Punktet/Punkt<n><nt><sg><def>$ ^kor/kor<adv>/kor<n><nt><pl><ind>$ ^ei/ein<det><qnt><f><sg>$ ^bombe/bombe<n><f><sg><ind>$ ^eller/eller<cnjcoo>$ ^ein/ein<det><qnt><m><sg>$ ^meteoritt/meteoritt<n><m><sg><ind>$ ^eksploderer/eksplodere<vblex><pres>$ ^i/i<pr>$ ^lufta/luft<n><f><sg><def>$^,/,<cm>$ ^under/under<pr>$ ^jordoverflata/jordoverflate<n><f><sg><def>$ ^eller/eller<cnjcoo><clb>$ ^på/på<pr>$ ^havoverflata/*havoverflata$ ^blir/bli<vblex><pres>$ ^av og til/av og til<adv>$ ^kalt/*kalt$ ^'/'<apos>$^'/'<apos>$^hyposenter/hyposenter<n><nt><sg><ind>/hyposenter<n><nt><pl><ind>$^'/'<apos>$^'/'<apos>$^,/,<cm>/,<cm><clb>$ ^noko/noko<det><qnt><nt><sg>/noko<prn><ind><nt><sg><acc>/noko<prn><ind><nt><sg><nom>$ ^som/som<cnjsub>/som<pr>$ ^språkleg/språkleg<adj><pst><nt><sg><ind>$ ^sett/sjå<vblex><pp>/setje<vblex><pp>$ ^er/vere<vblex><pres>$ ^feil/feil<adj><pst><nt><sg><ind>$ ^ordbruk/ordbruk<n><nt><sg><ind>$^./.<sent><clb>$
[/fz9DiXESky0-]
[hSMK9YJ7dl2g#0] ^Tissot/*Tissot$ ^kjempa/kjempe<vblex><pret>$ ^i/i<pr>$ ^den/den<det><dem><m><sg>$ ^fransk-prøyssiske/fransk<n><nt><sp><cmp><guio>+prøyssisk<adj><pst><un><sp><def>/fransk<n><m><sg><ind><cmp><guio>+prøyssisk<adj><pst><un><sp><def>$ ^krigen/krig<n><m><sg><def>$^./.<sent><clb>$
[/hSMK9YJ7dl2g]
[jNXSOIHhUCzf#0] ^–/–<guio><clb>$  ^Unaturlege/Unaturleg<adj><pst><un><pl><ind>$ ^dødsfall/dødsfall<n><nt><pl><ind>$ ^og/og<cnjcoo>$ ^det/den<prn><pers><p3><nt><sg><acc>/den<prn><pers><p3><nt><sg><nom>$ ^som/som<cnjsub>$ ^vi/vi<prn><pers><p1><un><pl><nom>$ ^kan/kunne<vblex><pres>$ ^førebyggje/førebygge<vblex><inf>$ ^er/vere<vblex><pres>$ ^alvorleg/alvorleg<adv>/alvorleg<adj><sint><pst><nt><sg><ind>/alvorleg<adj><sint><pst><mf><sg><ind>$^,/,<cm>$ ^og/og<cnjcoo><clb>$ ^det/den<prn><pers><p3><nt><sg><acc>/den<prn><pers><p3><nt><sg><nom>$ ^må/måtte<vblex><pres>$ ^vi/vi<prn><pers><p1><un><pl><nom>$ ^gjere/gjere<vblex><inf>$ ^noko/noko<det><qnt><nt><sg>/noko<prn><ind><nt><sg><acc>$ ^med/med<pr>$^./.<sent><clb>$
[/jNXSOIHhUCzf]
[nptBoNjAQLlw#0] ^Den/Den<prn><pers><p3><mf><sg><nom>$ ^vart/bli<vblex><pret>$ ^oppdaga/oppdage<adj><pp><mf><sg><ind>$ ^av/av<pr>$ ^Karl/Karl<np><ant><m>$ ^Theodor/Theodor<np><ant><m>$ ^Robert/Robert<np><ant><m>$ ^Luther/Luther<np><cog>/Luther<np><top>$ ^den/den<det><dem><m><sg>/den<det><dem><f><sg>$ ^5./5.<adj><ord><pst><un><sp><def>$
[/nptBoNjAQLlw]
[oGzGo8ACBeTw#0] ^Han/Han<prn><pers><p3><m><sg><nom>$ ^hadde/ha<vblex><pret>$ ^eit/ein<det><qnt><nt><sg>$ ^28/28<det><qnt><un><pl>/28<det><qnt><un><pl><date>$ ^meter/meter<n><m><pl><ind>$ ^langt/langt<adv>/lang<adj><sint><pst><nt><sg><ind>$ ^løp/løp<n><nt><sg><ind>/løp<n><nt><pl><ind>$ ^med/med<pr>$ ^kaliber/kaliber<n><nt><sg><ind>/kaliber<n><nt><pl><ind>/kaliber<n><m><sg><ind>$ ^på/på<pr>$ ^rundt/rundt<pr>$ ^210/210<det><qnt><un><pl>$ ^mm./mm.<n><acr>$
[/oGzGo8ACBeTw]
[p9ur-i3qr3_6#0] ^Partane/Part<n><m><pl><def>$ ^ønskjer/ønske<vblex><pres>$ ^ikkje/ikkje<adv>$ ^å/å<part>$ ^gå/gå<vblex><inf>$ ^ut/ut<pr>$ ^med/med<cnjsub>$ ^kor mykje/kor mykje<adv>/kor mange<det><qnt><un><pl><unc>$ ^Hansa Borg/Hansa Borg<np><org>$ ^betaler/betale<vblex><pres>$ ^for/for<pr>$ ^aksjane/aksje<n><m><pl><def>$^./.<sent><clb>$
[/p9ur-i3qr3_6]
[pLsLtqCjP5vI#0] ^Byen/By<n><m><sg><def>$ ^blei/bli<vblex><pret>$ ^grunnlagt/grunnlegge<vblex><pp>$ ^i/i<pr>$ ^1903/1903<det><qnt><un><pl>/1903<det><qnt><un><pl><date>$ ^og/og<cnjcoo><clb>$ ^var/vere<vblex><pret>$ ^hovudstad/hovudstad<n><m><sg><ind>$ ^i/i<pr>$ ^den/den<det><dem><m><sg>$ ^franske/fransk<adj><pst><un><sp><def>/fransk<adj><pst><un><pl><ind>$ ^kolonien/koloni<n><m><sg><def>$ ^Côte/*Côte$ ^d/dalphabet<n><m><sg><ind>$^’/'<apos>$^Ivoire/*Ivoire$ ^i/i<pr>$ ^perioden/periode<n><m><sg><def>$ ^frå/frå<adv>/frå<pr>$ ^1934/1934<det><qnt><un><pl>/1934<det><qnt><un><pl><date>$ ^til/til<pr>$ ^1960./1960.<adj><ord><pst><un><sp><def>$
[/pLsLtqCjP5vI]
[q3-E_5xfkwZQ#0] ^No/No<adv>$ ^gir/gje<vblex><pres>$ ^han/han<prn><pers><p3><m><sg><nom>$ ^seg/seg<prn><ref><p3><un><sp><acc>$ ^92 år gammal/92 år gammal<adj><sint><pst><mf><sg><ind>$^./.<sent><clb>$
[/q3-E_5xfkwZQ]
[uLj6VKw9W17D#0] ^Plasseringa/Plassering<n><f><sg><def>$ ^til/til<pr>$ ^Catania/Catania<np><top>$ ^ved/ved<pr>$ ^foten/fot<n><m><sg><def>/fot¹<n><m><sg><def>$ ^av/av<pr>$ ^Etna/Etna<np><top>$ ^var/vere<vblex><pret>$ ^i følge/i følge<pr>$ ^Strabius/*Strabius$ ^både/både<cnjcoo>$ ^ein/ein<det><qnt><m><sg>$ ^stor/stor<adj><sint><pst><mf><sg><ind>$ ^fordel/fordel<n><m><sg><ind>$ ^og/og<cnjcoo>$ ^ein/ein<det><qnt><m><sg>$ ^stor/stor<adj><sint><pst><mf><sg><ind>$ ^bakdel/bakdel<n><m><sg><ind>$^./.<sent><clb>$
[/uLj6VKw9W17D]
[vA8IChS9WQf1#0] ^Men/Men<cnjcoo><clb>$ ^kongsgarden/kongsgard<n><m><sg><def>$ ^var/vere<vblex><pret>$ ^framleis/framleis<adv>$ ^det/den<det><dem><nt><sg>/den<det><dem><nt><sg><expl>$ ^politisk/politisk<adj><pst><nt><sg><ind>/politisk<adj><pst><mf><sg><ind>$ ^og/og<cnjcoo>$ ^administrative/administrativ<adj><pst><un><sp><def>/administrativ<adj><pst><un><pl><ind>$ ^sentrumet/sentrum<n><nt><sg><def>$ ^for/for<pr>$ ^Vestlandet/Vestlandet<np><top><nt>$ ^og/og<cnjcoo>$ ^Nord-Noreg/Nord-Noreg<np><top>$^./.<sent><clb>$
[/vA8IChS9WQf1]
[xGohqpKefCQn#0] ^I/I<pr>$ ^Noreg/Noreg<np><top>$ ^vart/bli<vblex><pret>$ ^dagen/dag<n><m><sg><def>$ ^tradisjonelt/tradisjonell<adj><pst><nt><sg><ind>$ ^kalla/kalle<adj><pp><mf><sg><ind>$ ^torlaksmesse/*torlaksmesse$ ^eller/eller<cnjcoo>$ ^'/'<apos>$^'/'<apos>$^tollesmesse/tolle<n><m><sg><ind><cmp>+messe<n><f><sg><ind>$^'/'<apos>$^'/'<apos>$^./.<sent><clb>$
[/xGohqpKefCQn]
[yFRaD9S5o40v#0] ^Seinare/Seinare<adv>$ ^vart/bli<vblex><pret>$ ^dette/denne<prn><dem><nt><sg><nom>$ ^rekna/rekne<adj><pp><nt><sg><ind>$ ^som/som<pr>$ ^funnbrønn/funn<n><nt><sg><ind><cmp>+brønn<n><m><sg><ind>$ ^for/for<adv>$ ^Balderfeltet/*Balderfeltet$^./.<sent><clb>$
[/yFRaD9S5o40v]
[ybR3wzKUfuhH#0] ^Hesten/Hest<n><m><sg><def>$ ^spring/springe<vblex><pres>$ ^like godt/like godt<adv>$ ^over/over<pr>$ ^vatn/vatn<n><nt><sg><ind>/vatn<n><nt><pl><ind>$ ^som/som<pr>$ ^på/på<pr>$ ^landjorda/landjord<n><f><sg><def>$ ^og/og<cnjcoo>$ ^i/i<pr>$ ^lufta/luft<n><f><sg><def>$^./.<sent><clb>$
[/ybR3wzKUfuhH]
[ye5U3O3gRiP1#0] ^Det/Den<prn><pers><p3><nt><sg><nom>$ ^betyr/bety<vblex><pres>$ ^1,15 milliardar/1,15 milliardar<det><qnt><un><pl>$ ^meir/mykje<adj><sint><comp><un><sp>$ ^enn/enn<pr>$ ^i fjor/i fjor<adv>$^,/,<cm><clb>$ ^skriv/skrive<vblex><pres>$ ^Nationen/Nationen<np><org>$^./.<sent><clb>$
[/ye5U3O3gRiP1]
[z9L2UxItKoLA#0] ^Såg/Sjå<vblex><pret>$ ^ho/ho<prn><pers><p3><f><sg><nom>$ ^ikkje/ikkje<adv>$ ^orda/ord<n><nt><pl><def>$^?/?<sent><clb>$ ^Dei/Dei<prn><pers><p3><un><pl><nom>$ ^smååt/småete<vblex><pret>$ ^nyplanta/nyplante<adj><pp><mf><sg><ind>$ ^hygge/hygge<n><f><sg><ind>$^./.<sent><clb>$
[/z9L2UxItKoLA]
