[3rqBvhHpyho6#0] ^I/i<pr>/I<np><top>/I<np><al>/Ialphabet<n><m><sg><ind>/ialphabet<n><m><sg><ind>$ ^USA/USA<np><top>$ ^har/ha<vblex><pres>$ ^sidan/sidan<adv>/sidan<cnjsub>/sidan<pr>$ ^oktober/oktober<n><m><sg><ind>$ ^2004/2004<det><qnt><un><pl>/2004<det><qnt><un><pl><date>$ ^vore/vere<vblex><pp>/vere<adj><pp><nt><sg><ind>$ ^ein/ein<adv>/eine<vblex><imp>/ein<det><qnt><m><sg>/ein<prn><pers><p3><un><sg><acc>/ein<prn><pers><p3><un><sg><nom>$ ^nasjonal/nasjonal<adj><pst><mf><sg><ind>$ ^datatryggleiksmånad/datatryggleik<n><m><sg><ind><cmp>+månad<n><m><sg><ind>$^,/,<cm>/,<cm><clb>$ ^fronta/fronte<vblex><inf>/fronte<vblex><pret>/fronte<vblex><pp>/fronte<vblex><imp>/fronte<adj><pp><pl>/fronte<adj><pp><sg><def>/fronte<adj><pp><nt><sg><ind>/fronte<adj><pp><mf><sg><ind>$ ^av/av<pr>/av<np><attr>$ ^presidenten/president<n><m><sg><def>$ ^i/i<pr>/ialphabet<n><m><sg><ind>$ ^landet/land<n><nt><sg><def>$^./.<sent><clb>$
[/3rqBvhHpyho6]
[4rpYn7PO0ei7#0] ^Dei/den<det><dem><un><pl>/dei<prn><pers><p3><un><pl><acc>/dei<prn><pers><p3><un><pl><nom>$ ^er/vere<vblex><pres>$ ^nokre/noko<det><qnt><un><pl>/noko<prn><ind><un><pl><acc>/noko<prn><ind><un><pl><nom>$ ^av/av<pr>/av<np><attr>$ ^dei/den<det><dem><un><pl>/dei<prn><pers><p3><un><pl><acc>/dei<prn><pers><p3><un><pl><nom>$ ^mest/mest<adv>/mykje<adj><sint><sup><un><sp><ind>$ ^nyttige/nyttig<adj><sint><pst><un><sp><def>/nyttig<adj><sint><pst><un><pl><ind>$ ^likningane/likning<n><f><pl><def>$ ^ein/ein<adv>/eine<vblex><imp>/ein<det><qnt><m><sg>/ein<prn><pers><p3><un><sg><acc>/ein<prn><pers><p3><un><sg><nom>$ ^har/ha<vblex><pres>$^,/,<cm>/,<cm><clb>$ ^fordi/fordi<cnjsub>$ ^dei/den<det><dem><un><pl>/dei<prn><pers><p3><un><pl><acc>/dei<prn><pers><p3><un><pl><nom>$ ^skildrar/skildre<vblex><pres>/skildrar<n><m><sg><ind>$ ^fysikken/fysikk<n><m><sg><def>$ ^i/i<pr>/ialphabet<n><m><sg><ind>$ ^mange/mange<det><qnt><un><pl>/mange<adj><sint><pst><un><pl><ind>$ ^forskjellige/forskjellig<adj><sint><pst><un><sp><def>/forskjellig<adj><sint><pst><un><pl><ind>$ ^fenomen/fenomen<n><nt><sg><ind>/fenomen<n><nt><pl><ind>$ ^av/av<pr>/av<np><attr>$ ^akademisk/akademisk<adj><pst><nt><sg><ind>/akademisk<adj><pst><mf><sg><ind>$ ^og/og<cnjcoo>/og<cnjcoo><clb>$ ^økonomisk/økonomisk<adj><pst><nt><sg><ind>/økonomisk<adj><pst><mf><sg><ind>$ ^interesse/interesse<n><f><sg><ind>$^./.<sent><clb>$
[/4rpYn7PO0ei7]
[5ME85rZ5wfr1#0] ^Larvane/larv<n><m><pl><def>/larve<n><m><pl><def>$ ^er/vere<vblex><pres>$ ^lange/lange<vblex><inf>/lange<vblex><imp>/lange<n><f><sg><ind>/lang<adj><sint><pst><un><sp><def>/lang<adj><sint><pst><un><pl><ind>$^,/,<cm>/,<cm><clb>$ ^tynne/tynne<vblex><inf>/tynne<vblex><imp>/tynne<n><f><sg><ind>/tynn<adj><sint><pst><un><sp><def>/tynn<adj><sint><pst><un><pl><ind>$ ^og/og<cnjcoo>/og<cnjcoo><clb>$ ^kvite/kvite<vblex><inf>/kvite<vblex><imp>/kvite<n><m><sg><ind>/kvit<adj><sint><pst><un><sp><def>/kvit<adj><sint><pst><un><pl><ind>$ ^til/til<adv>/til<cnjsub>/til<pr>$ ^gråaktige/gråaktig<adj><pst><un><sp><def>/gråaktig<adj><pst><un><pl><ind>$ ^med/med<adv>/med<cnjsub>/med<pr>$ ^mørkt/mørke<vblex><pp>/mørke<adj><pp><nt><sg><ind>/mørke<adj><pp><mf><sg><ind>/mørk<adj><sint><pst><nt><sg><ind>$ ^farga/farga<adj><pst><un><pl><ind>/farge<adj><pp><mf><sg><ind>/farge<adj><pp><nt><sg><ind>/farga<adj><pst><mf><sg><ind>/farga<adj><pst><un><sp><def>/farga<adj><pst><nt><sg><ind>/farge<adj><pp><sg><def>/farge<n><f><sg><def>/farge<vblex><inf>/farge<adj><pp><pl>/farga<n><m><sg><def>/farge<vblex><imp>/farge<vblex><pp>/farge<vblex><pret>$ ^munndelar/munn<n><m><sg><ind><cmp>+del<n><m><pl><ind>/munn<n><m><sg><ind><cmp>+delar<n><m><sg><ind>$^./.<sent><clb>$
[/5ME85rZ5wfr1]
[5vwAep-R9qLO#0] ^Dei/den<det><dem><un><pl>/dei<prn><pers><p3><un><pl><acc>/dei<prn><pers><p3><un><pl><nom>$ ^vert/bli<vblex><pres>/bli<vblex><imp>/vert<n><m><sg><ind>$ ^nytta/nytte<vblex><inf>/nytte<vblex><pret>/nytte<vblex><pp>/nytte<vblex><imp>/nytte<adj><pp><pl>/nytte<n><f><sg><def>/nytte<adj><pp><sg><def>/nytte<adj><pp><nt><sg><ind>/nytte<adj><pp><mf><sg><ind>$ ^for/for<adv>/for<pr>/for<cnjcoo><clb>/fore<vblex><imp>/fare<vblex><pret>$ ^å/å<part>/å<n><f><sg><ind>/åalphabet<n><m><sg><ind>$ ^skildre/skildre<vblex><inf>/skildre<vblex><imp>$ ^vêret/vêr<n><nt><sg><def>$^,/,<cm>/,<cm><clb>$ ^havstraumar/havstraum<n><m><pl><ind>$^,/,<cm>/,<cm><clb>$ ^vasstraum/vasstraum<n><m><sg><ind>$ ^i/i<pr>/ialphabet<n><m><sg><ind>$ ^røyrleidningar/røyrleidning<n><m><pl><ind>$^,/,<cm>/,<cm><clb>$ ^rørslene/rørsle<n><f><pl><def>$ ^til/til<adv>/til<cnjsub>/til<pr>$ ^stjerner/stjerne<n><f><pl><ind>$ ^i/i<pr>/ialphabet<n><m><sg><ind>$ ^ein/ein<adv>/eine<vblex><imp>/ein<det><qnt><m><sg>/ein<prn><pers><p3><un><sg><acc>/ein<prn><pers><p3><un><sg><nom>$ ^galakse/galakse<n><m><sg><ind>$^,/,<cm>/,<cm><clb>$ ^og/og<cnjcoo>/og<cnjcoo><clb>$ ^luftstraum/luftstraum<n><m><sg><ind>$ ^rundt/rundt<pr>/rund<adj><sint><pst><nt><sg><ind>$ ^ei/eie<vblex><imp>/ein<det><qnt><f><sg>$ ^vengje/venge<n><f><sg><ind>$^./.<sent><clb>$
[/5vwAep-R9qLO]
[6HA0Ee_eGbXj#0] ^Prisen/pris<n><m><sg><def>$ ^vart/bli<vblex><pret>/vare<vblex><pp>/varte<vblex><imp>/verje<vblex><pp>/vare<adj><pp><nt><sg><ind>/vare<adj><pp><mf><sg><ind>/var<adj><sint><pst><nt><sg><ind>/verje<adj><pp><nt><sg><ind>$ ^utdelt/utdele<vblex><pp>/utdele<adj><pp><nt><sg><ind>/utdele<adj><pp><f><sg><ind>/utdele<adj><pp><mf><sg><ind>$ ^under/under<pr>/under<n><nt><sg><ind>/under<n><nt><pl><ind>$ ^Nordisk råds/Nordisk råd<np><org><gen>$ ^prisutdeling/prisutdeling<n><f><sg><ind>$ ^i/i<pr>/ialphabet<n><m><sg><ind>$ ^Stockholm/Stockholm<np><top>$ ^onsdag/onsdag<n><m><sg><ind>$ ^kveld/kvelde<vblex><imp>/kveld<n><m><sg><ind>$^./.<sent><clb>$
[/6HA0Ee_eGbXj]
[6c1ZRuvcFSWt#0] ^Då/då<adv>/då<cnjsub>/då<n><m><sg><ind>$ ^han/han<prn><pers><p3><m><sg><acc>/han<prn><pers><p3><m><sg><nom>$ ^døydde/døy<vblex><pret>/døy<adj><pp><pl>/døyde<vblex><pret>/døy<adj><pp><sg><def>/døyde<adj><pp><pl>/døyde<adj><pp><sg><def>$ ^gjekk/gå<vblex><pret>/gjekke<vblex><imp>/gjekk<n><m><sg><ind>$ ^øya/øye<vblex><inf>/øye<vblex><pret>/øye<vblex><pp>/øye<vblex><imp>/øye<adj><pp><pl>/øy<n><f><sg><def>/øye<adj><pp><sg><def>/øye<adj><pp><nt><sg><ind>/øye<adj><pp><mf><sg><ind>$ ^til/til<adv>/til<cnjsub>/til<pr>$ ^dottera/dotter<n><f><sg><def>$ ^Christina/Christina<np><ant><f>$^,/,<cm>/,<cm><clb>$ ^og/og<cnjcoo>/og<cnjcoo><clb>$ ^seinare/seinare<adv>/sein<adj><sint><comp><un><sp>$ ^til/til<adv>/til<cnjsub>/til<pr>$ ^hennar/hennar<det><pos><nt><sg>/hennar<det><pos><m><sg>/hennar<det><pos><un><pl>/hennar<det><pos><f><sg>/hennar<prn><pos><nt><sg>/hennar<prn><pos><m><sg>/hennar<prn><pos><un><pl>/hennar<prn><pos><f><sg>$ ^dotter/dotter<n><f><sg><ind>$ ^Athina/Athina<np><ant><f>$ ^Roussel/Roussel<np><cog>$^./.<sent><clb>$
[/6c1ZRuvcFSWt]
[9iFCay2zfDYL#0] ^Prislappen/prislapp<n><m><sg><def>$ ^på/på<pr>$ ^dressane/dress<n><m><pl><def>$ ^i/i<pr>/ialphabet<n><m><sg><ind>$ ^gjenbruksbutikken/gjenbruk<n><nt><sg><ind><cmp>+butikk<n><m><sg><def>/gjenbruk<n><m><sg><ind><cmp>+butikk<n><m><sg><def>$ ^har/ha<vblex><pres>$ ^variert/variere<vblex><pp>/variere<adj><pp><nt><sg><ind>/variere<adj><pp><f><sg><ind>/variere<adj><pp><mf><sg><ind>$ ^mellom/mellom<pr>$ ^1000/1000<det><qnt><un><pl>/1000<det><qnt><un><pl><date>$ ^og/og<cnjcoo>/og<cnjcoo><clb>$ ^4000/4000<det><qnt><un><pl>$ ^kroner/krone<n><f><pl><ind>$^,/,<cm>/,<cm><clb>$ ^skriv/skrive<vblex><pres>/skrive<vblex><imp>/skriv<n><nt><sg><ind>/skriv<n><nt><pl><ind>$ ^NRK/NRK<np><org>$^./.<sent><clb>$
[/9iFCay2zfDYL]
[9iUMFeGlwhEX#0] ^Nokre/noko<det><qnt><un><pl>/noko<prn><ind><un><pl><acc>/noko<prn><ind><un><pl><nom>$ ^av/av<pr>/av<np><attr>$ ^dei/den<det><dem><un><pl>/dei<prn><pers><p3><un><pl><acc>/dei<prn><pers><p3><un><pl><nom>$ ^mindre/liten<adj><sint><comp><un><sp>$ ^røysene/røy<n><f><sg><ind><cmp>+sene<n><f><sg><ind>$ ^vart/bli<vblex><pret>/vare<vblex><pp>/varte<vblex><imp>/verje<vblex><pp>/vare<adj><pp><nt><sg><ind>/vare<adj><pp><mf><sg><ind>/var<adj><sint><pst><nt><sg><ind>/verje<adj><pp><nt><sg><ind>$ ^undersøkte/undersøke<vblex><pret>/undersøke<adj><pp><pl>/undersøke<adj><pp><sg><def>$ ^i/i<pr>/ialphabet<n><m><sg><ind>$ ^1925/1925<det><qnt><un><pl>/1925<det><qnt><un><pl><date>$ ^og/og<cnjcoo>/og<cnjcoo><clb>$ ^viste seg/vise<vblex><pret># seg/vise<adj><pp><pl># seg/vise<adj><pp><sg><def># seg$ ^å/å<part>/å<n><f><sg><ind>/åalphabet<n><m><sg><ind>$ ^innehalde/innehalde<vblex><inf>/innehalde<vblex><pp>/innehalde<adj><pp><nt><sg><ind>$ ^enkle/enkel<adj><sint><pst><un><sp><def>/enkel<adj><sint><pst><un><pl><ind>$ ^branngraver/brann<n><m><sg><ind><cmp>+grav<n><f><pl><ind>$^./.<sent><clb>$
[/9iUMFeGlwhEX]
[CfxXOmfbkwwr#0] ^Asteroiden/asteroide<n><m><sg><def>$ ^roterer/rotere<vblex><pres>$ ^veldig/veldig<adv>/veldig<adj><sint><pst><nt><sg><ind>/veldig<adj><sint><pst><mf><sg><ind>$ ^sakte/sakte<vblex><inf>/sakte<vblex><imp>/sakte<adj><sint><pst><nt><sg><ind>/sakte<adj><sint><pst><un><sp><def>/sakte<adj><sint><pst><un><pl><ind>/sakte<adj><sint><pst><mf><sg><ind>$^;/;<sent><clb>$ ^rotatasjonsperioden/*rotatasjonsperioden$ ^(/(<lpar>$^døgeret/døger<n><nt><sg><def>$^)/)<rpar>$ ^er/vere<vblex><pres>$ ^på/på<pr>$ ^omtrent/omtrent<adv>$ ^3,3/3,3<det><qnt><un><pl>$ ^jorddøger/jord<n><f><sg><ind><cmp>+døger<n><nt><sg><ind>/jord<n><f><sg><ind><cmp>+døger<n><nt><pl><ind>$^./.<sent><clb>$
[/CfxXOmfbkwwr]
[Ddb1FZ6xQpKn#0] ^Denne/denne<det><dem><m><sg>/denne<det><dem><f><sg>/denne<prn><dem><m><sg><acc>/denne<prn><dem><m><sg><nom>/denne<prn><dem><f><sg><acc>/denne<prn><dem><f><sg><nom>$ ^opna/opne<vblex><inf>/opne<vblex><pret>/opne<vblex><pp>/opne<vblex><imp>/opne<adj><pp><pl>/opne<adj><pp><sg><def>/opne<adj><pp><nt><sg><ind>/opne<adj><pp><mf><sg><ind>$ ^i/i<pr>/ialphabet<n><m><sg><ind>$ ^1978/1978<det><qnt><un><pl>/1978<det><qnt><un><pl><date>$^,/,<cm>/,<cm><clb>$ ^og/og<cnjcoo>/og<cnjcoo><clb>$ ^gjorde/gjorde<vblex><inf>/gjere<vblex><pret>/gjorde<vblex><imp>/gjere<adj><pp><pl>/gjere<adj><pp><sg><def>$ ^linja/linje<n><f><sg><def>$ ^gjennom/gjennom<pr>$ ^Waihi/*Waihi$ ^overflødig/overflødig<adv>/overflødig<adj><pst><nt><sg><ind>/overflødig<adj><pst><mf><sg><ind>$^,/,<cm>/,<cm><clb>$ ^men/men<cnjcoo>/men<cnjcoo><clb>/men<n><nt><sg><ind>/men<n><nt><pl><ind>$ ^linja/linje<n><f><sg><def>$ ^Goldfields/*Goldfields$ ^Railway/*Railway$ ^vart/bli<vblex><pret>/vare<vblex><pp>/varte<vblex><imp>/verje<vblex><pp>/vare<adj><pp><nt><sg><ind>/vare<adj><pp><mf><sg><ind>/var<adj><sint><pst><nt><sg><ind>/verje<adj><pp><nt><sg><ind>$ ^teken/tek<n><m><sg><def>/ta<adj><pp><f><sg><ind>/ta<adj><pp><mf><sg><ind>$ ^vare/vare<vblex><inf>/vare<vblex><imp>/vare<n><m><sg><ind>/vare<n><f><sg><ind>/var<adj><sint><pst><un><sp><def>/var<adj><sint><pst><un><pl><ind>$ ^på/på<pr>$ ^som/som<cnjsub>/som<pr>$ ^ein/ein<adv>/eine<vblex><imp>/ein<det><qnt><m><sg>/ein<prn><pers><p3><un><sg><acc>/ein<prn><pers><p3><un><sg><nom>$ ^seks/seks<det><qnt><un><pl>$ ^km/km<n><acr>/km<n><nt><sg><ind>/km<n><nt><pl><ind>$ ^lang/lange<vblex><imp>/lang<n><m><sg><ind>/lang<adj><sint><pst><mf><sg><ind>$ ^veterantogjarnveg/*veterantogjarnveg$ ^mellom/mellom<pr>$ ^Waihi/*Waihi$ ^og/og<cnjcoo>/og<cnjcoo><clb>$ ^Waikino/*Waikino$^./.<sent><clb>$
[/Ddb1FZ6xQpKn]
[FUJykPkSrywH#0] ^Fra/*Fra$ ^Einvatnet/ein<n><m><sg><ind><cmp>+vatn<n><nt><sg><def>$ ^renn/renne<vblex><pres>/renne<vblex><imp>/renn<n><nt><sg><ind>/renn<n><nt><pl><ind>/renne¹<vblex><imp>$ ^vatnet/vatn<n><nt><sg><def>$ ^ned/ned<pr>$ ^til/til<adv>/til<cnjsub>/til<pr>$ ^kraftstasjonen/kraftstasjon<n><m><sg><def>$ ^gjennom/gjennom<pr>$ ^eit/ein<det><qnt><nt><sg>$ ^1800/1800<det><qnt><un><pl>/1800<det><qnt><un><pl><date>$ ^meter/meter<n><m><sg><ind>/meter<n><m><pl><ind>$ ^langt/langt<adv>/lang<adj><sint><pst><nt><sg><ind>$ ^stålrør/*stålrør$^./.<sent><clb>$
[/FUJykPkSrywH]
[FWmPpEUD_LBI#0] ^Arkitekturhistorikaren/arkitektur<n><m><sg><ind><cmp>+historikar<n><m><sg><def>$ ^Erling/Erling<np><ant><m>$ ^Gjone/Gjone<np><cog>$ ^oppgjev/oppgje<vblex><pres>/oppgje<vblex><imp>$ ^at/at<adv>/at<cnjsub>/at<cnjcoo><clb>$ ^det/den<det><dem><nt><sg>/den<det><dem><nt><sg><expl>/den<prn><pers><p3><nt><sg><acc>/den<prn><pers><p3><nt><sg><nom>$ ^var/va<vblex><pres>/vare<vblex><imp>/vere<vblex><pret>/var<n><nt><sg><ind>/var<n><nt><pl><ind>/var<adj><sint><pst><mf><sg><ind>$ ^skikken/skikk<n><m><sg><def>$ ^i/i<pr>/ialphabet<n><m><sg><ind>$ ^Gudbrandsdal/*Gudbrandsdal$ ^å/å<part>/å<n><f><sg><ind>/åalphabet<n><m><sg><ind>$ ^legge/legge<vblex><inf>$ ^ei/eie<vblex><imp>/ein<det><qnt><f><sg>$ ^handsbreidd/hand<n><f><sg><ind><cmp>+breie<adj><pp><nt><sg><ind>/hand<n><f><sg><ind><cmp>+breie<adj><pp><mf><sg><ind>/hands<n><m><sg><ind><cmp>+breie<adj><pp><nt><sg><ind>/hands<n><m><sg><ind><cmp>+breie<adj><pp><mf><sg><ind>/hand<n><f><sg><ind><cmp>+breidde<n><f><sg><ind>/hands<n><m><sg><ind><cmp>+breidde<n><f><sg><ind>$ ^til/til<adv>/til<cnjsub>/til<pr>$ ^mønehøgda/møne<n><nt><sg><ind><cmp>+høgd<n><f><sg><def>/møne<n><nt><sg><ind><cmp>+høgde<adj><pp><pl>/møne<n><nt><sg><ind><cmp>+høgde<n><f><sg><def>/møne<n><nt><sg><ind><cmp>+høgde<adj><pp><sg><def>/møne<n><nt><sg><ind><cmp>+høgde<adj><pp><nt><sg><ind>/møne<n><nt><sg><ind><cmp>+høgde<adj><pp><mf><sg><ind>$ ^på/på<pr>$ ^store/stor<adj><sint><pst><un><sp><def>/stor<adj><sint><pst><un><pl><ind>$ ^hus/huse<vblex><imp>/hus<n><nt><sg><ind>/hus<n><nt><pl><ind>$ ^og/og<cnjcoo>/og<cnjcoo><clb>$ ^trekkje frå/trekke<vblex><inf># frå$ ^ei/eie<vblex><imp>/ein<det><qnt><f><sg>$ ^handsbreidd/hand<n><f><sg><ind><cmp>+breie<adj><pp><nt><sg><ind>/hand<n><f><sg><ind><cmp>+breie<adj><pp><mf><sg><ind>/hands<n><m><sg><ind><cmp>+breie<adj><pp><nt><sg><ind>/hands<n><m><sg><ind><cmp>+breie<adj><pp><mf><sg><ind>/hand<n><f><sg><ind><cmp>+breidde<n><f><sg><ind>/hands<n><m><sg><ind><cmp>+breidde<n><f><sg><ind>$ ^på/på<pr>$ ^småe/liten<adj><sint><pst><un><pl><ind>$^./.<sent><clb>$
[/FWmPpEUD_LBI]
[GaEBlVg0xmVP#0] ^Alle/all<det><qnt><un><pl>/alle<n><m><sg><ind>/allé<n><m><sg><ind>$ ^dei/den<det><dem><un><pl>/dei<prn><pers><p3><un><pl><acc>/dei<prn><pers><p3><un><pl><nom>$ ^norske/norske<vblex><inf>/norske<vblex><imp>/norsk<adj><sint><pst><un><sp><def>/norsk<adj><sint><pst><un><pl><ind>$ ^var/va<vblex><pres>/vare<vblex><imp>/vere<vblex><pret>/var<n><nt><sg><ind>/var<n><nt><pl><ind>/var<adj><sint><pst><mf><sg><ind>$ ^blant/blant<pr>$ ^dei/den<det><dem><un><pl>/dei<prn><pers><p3><un><pl><acc>/dei<prn><pers><p3><un><pl><nom>$ ^11/11<det><qnt><un><pl>$ ^første/første<adj><ord><pst><nt><sg><ind>/første<adj><ord><pst><un><sp><def>/første<adj><ord><pst><un><pl><ind>/første<adj><ord><pst><mf><sg><ind>$ ^startande/starte<adj><pprs>/startande<adj><pst><nt><sg><ind>/startande<adj><pst><un><sp><def>/startande<adj><pst><un><pl><ind>/startande<adj><pst><mf><sg><ind>$ ^i/i<pr>/ialphabet<n><m><sg><ind>$ ^rennet/renn<n><nt><sg><def>$^./.<sent><clb>$
[/GaEBlVg0xmVP]
[IsHcw10R4wkE#0] ^Regnvêret/regnvêr<n><nt><sg><def>$ ^held/helde<vblex><imp>/halde<vblex><pres>$ ^stand/stand<n><nt><sg><ind>/stand<n><nt><pl><ind>/stand<n><m><sg><ind>$ ^i alle fall/i alle fall<adv>$ ^til/til<adv>/til<cnjsub>/til<pr>$ ^midten/midt<n><m><sg><def>/midte<n><m><sg><def>$ ^av/av<pr>/av<np><attr>$ ^neste/neste<det><dem><f><sp><def>/neste<adj><pst><mf><sg><ind>/neste<adj><pst><un><pl><ind>/neste<adj><pst><un><sp><def>/neste<adj><pst><nt><sg><ind>/neste<adj><pp><sg><def>/neste<vblex><inf>/neste<det><dem><m><sp><def>/neste<det><dem><nt><sp><def>/neste<n><m><sg><ind>/neste<adj><pp><pl>/neste<vblex><imp>/neste<vblex><pret>$ ^veke/veke<n><f><sg><ind>$^./.<sent><clb>$
[/IsHcw10R4wkE]
[LiGucBOCcrmf#0] ^Eit/ein<det><qnt><nt><sg>$ ^par/pare<vblex><imp>/par<n><nt><sg><ind>/par<n><nt><pl><ind>$ ^«/«<lquot>$^kviledagar/kviledag<n><m><pl><ind>$^»/»<rquot>$^,/,<cm>/,<cm><clb>$ ^berre/berre<adv>/berre<cnjsub>/berr<adj><sint><pst><un><sp><def>/berr<adj><sint><pst><un><pl><ind>$ ^med/med<adv>/med<cnjsub>/med<pr>$ ^tynt/tyne<vblex><pp>/tyne<adj><pp><nt><sg><ind>/tyne<adj><pp><f><sg><ind>/tyne<adj><pp><mf><sg><ind>/tynn<adj><sint><pst><nt><sg><ind>$ ^innslag/innslag<n><nt><sg><ind>/innslag<n><nt><pl><ind>$ ^av/av<pr>/av<np><attr>$ ^storslalåm/storslalåm<n><m><sg><ind>$ ^for/for<adv>/for<pr>/for<cnjcoo><clb>/fore<vblex><imp>/fare<vblex><pret>$ ^kvinner/kvinne<n><f><pl><ind>$ ^i/i<pr>/ialphabet<n><m><sg><ind>$ ^verdscupen/verdscup<n><m><sg><def>$^,/,<cm>/,<cm><clb>$ ^så/så<adv>/så<cnjsub>/så<vblex><inf>/så<vblex><imp>/så<cnjcoo><clb>/så<n><m><sg><ind>/så<n><f><sg><ind>$ ^blir/bli<vblex><pres>$ ^det/den<det><dem><nt><sg>/den<det><dem><nt><sg><expl>/den<prn><pers><p3><nt><sg><acc>/den<prn><pers><p3><nt><sg><nom>$ ^full/full<adv>/full<adj><sint><pst><mf><sg><ind>$ ^fart/farte<vblex><imp>/fart<n><m><sg><ind>$ ^frå/frå<adv>/frå<pr>$ ^laurdag/laurdag<n><m><sg><ind>$ ^29./29.<n><m><sg><ind><cmp>/29.<adj><ord><pst><nt><sg><ind>/29.<adj><ord><pst><un><sp><def>/29.<adj><ord><pst><un><pl><ind>/29.<adj><ord><pst><mf><sg><ind>$ ^desember/desember<n><m><sg><ind>$^./.<sent><clb>$
[/LiGucBOCcrmf]
[MMl2IDiHZvEs#0] ^Lova/love<vblex><inf>/love<vblex><pret>/love<vblex><pp>/love<vblex><imp>/love<adj><pp><pl>/lov<n><nt><pl><def>/lov<n><f><sg><def>/love<adj><pp><sg><def>/love<adj><pp><nt><sg><ind>/love<adj><pp><mf><sg><ind>$ ^reknar/rekne<vblex><pres>/reknar<n><m><sg><ind>$ ^opp/opp<adv>/opp<pr>/oppe<vblex><imp>$ ^dei/den<det><dem><un><pl>/dei<prn><pers><p3><un><pl><acc>/dei<prn><pers><p3><un><pl><nom>$ ^ulike/ulik<adj><pst><un><sp><def>/ulik<adj><pst><un><pl><ind>$ ^regionstyra/*regionstyra$ ^på/på<pr>$ ^New Zealand/New Zealand<np><top>$ ^og/og<cnjcoo>/og<cnjcoo><clb>$ ^kunngjeringane/kunngjering<n><f><pl><def>$ ^deira/deira<det><pos><nt><sg>/deira<det><pos><m><sg>/deira<det><pos><un><pl>/deira<det><pos><f><sg>/deira<prn><pos><nt><sg>/deira<prn><pos><m><sg>/deira<prn><pos><un><pl>/deira<prn><pos><f><sg>$ ^i/i<pr>/ialphabet<n><m><sg><ind>$ ^The/The<np><cog>/The<np><al>$ ^New Zealand/New Zealand<np><top>$ ^Gazette/*Gazette$ ^då/då<adv>/då<cnjsub>/då<n><m><sg><ind>$ ^dei/den<det><dem><un><pl>/dei<prn><pers><p3><un><pl><acc>/dei<prn><pers><p3><un><pl><nom>$ ^vart/bli<vblex><pret>/vare<vblex><pp>/varte<vblex><imp>/verje<vblex><pp>/vare<adj><pp><nt><sg><ind>/vare<adj><pp><mf><sg><ind>/var<adj><sint><pst><nt><sg><ind>/verje<adj><pp><nt><sg><ind>$ ^oppretta/opprette<vblex><inf>/opprette<vblex><pret>/opprette<vblex><pp>/opprette<vblex><imp>/opprette<adj><pp><pl>/opprette<adj><pp><sg><def>/opprette<adj><pp><nt><sg><ind>/opprette<adj><pp><mf><sg><ind>$ ^i/i<pr>/ialphabet<n><m><sg><ind>$ ^1989./1989.<n><m><sg><ind><cmp>/1989.<adj><ord><pst><nt><sg><ind>/1989.<adj><ord><pst><un><sp><def>/1989.<adj><ord><pst><un><pl><ind>/1989.<adj><ord><pst><mf><sg><ind>$
[/MMl2IDiHZvEs]
[ModkvxIYL9-6#0] ^Men/men<cnjcoo>/men<cnjcoo><clb>/men<n><nt><sg><ind>/men<n><nt><pl><ind>$ ^ho/hoe<vblex><imp>/ho<n><f><sg><ind>/ho<prn><pers><p3><f><sg><acc>/ho<prn><pers><p3><f><sg><nom>$ ^må/må<vblex><inf>/må<vblex><imp>/måtte<vblex><pres>$ ^tåle/tåle<vblex><inf>$ ^å/å<part>/å<n><f><sg><ind>/åalphabet<n><m><sg><ind>$ ^få/få<vblex><inf>/få<vblex><imp>/få<adj><sint><pst><un><sp><def>/få<adj><sint><pst><un><pl><ind>$ ^kritikk/kritikk<n><m><sg><ind>$ ^for/for<adv>/for<pr>/for<cnjcoo><clb>/fore<vblex><imp>/fare<vblex><pret>$ ^initiativet/initiativ<n><nt><sg><def>$ ^frå/frå<adv>/frå<pr>$ ^SOS/So<np><cog><gen>/sose<vblex><imp>/sos<n><nt><sg><ind>/sos<n><nt><pl><ind>$ ^Rasisme/rasisme<n><m><sg><ind>$^./.<sent><clb>$
[/ModkvxIYL9-6]
[NORK4Hm4Df3_#0] ^Brua/bru<n><f><sg><def>$ ^var/va<vblex><pres>/vare<vblex><imp>/vere<vblex><pret>/var<n><nt><sg><ind>/var<n><nt><pl><ind>/var<adj><sint><pst><mf><sg><ind>$ ^på/på<pr>$ ^eit/ein<det><qnt><nt><sg>$ ^tidspunkt/tidspunkt<n><nt><sg><ind>/tidspunkt<n><nt><pl><ind>$ ^den/den<det><dem><m><sg>/den<det><dem><f><sg>/den<prn><pers><p3><mf><sg><acc>/den<prn><pers><p3><mf><sg><nom>$ ^lengste/lang<adj><sint><sup><un><sp><def>/lenge<adj><sint><sup><un><sp><def>$ ^i/i<pr>/ialphabet<n><m><sg><ind>$ ^Noreg/Noreg<np><top>$^./.<sent><clb>$
[/NORK4Hm4Df3_]
[Nd3HCyOFb0gl#0] ^Kva for/kva for<det><itg><un><pl>$ ^fargar/farge<vblex><pres>/farge<n><m><pl><ind>/fargar<n><m><sg><ind>$ ^som/som<cnjsub>/som<pr>$ ^nyttast/nytte<vblex><inf><pasv>$^,/,<cm>/,<cm><clb>$ ^og/og<cnjcoo>/og<cnjcoo><clb>$ ^kor mange/kor mange<det><qnt><un><pl>$ ^beltegrader/belte<n><nt><sg><ind><cmp>+grad<n><f><pl><ind>$ ^som/som<cnjsub>/som<pr>$ ^finst/finnast<vblex><pstv><pres>$ ^varierar/*varierar$ ^frå/frå<adv>/frå<pr>$ ^stilart/stilart<n><m><sg><ind>/stilart<n><f><sg><ind>$ ^til/til<adv>/til<cnjsub>/til<pr>$ ^stilart/stilart<n><m><sg><ind>/stilart<n><f><sg><ind>$^./.<sent><clb>$
[/Nd3HCyOFb0gl]
[Nml8dxOtM96i#0] ^Benzelius/*Benzelius$ ^vart/bli<vblex><pret>/vare<vblex><pp>/varte<vblex><imp>/verje<vblex><pp>/vare<adj><pp><nt><sg><ind>/vare<adj><pp><mf><sg><ind>/var<adj><sint><pst><nt><sg><ind>/verje<adj><pp><nt><sg><ind>$ ^utnemnd/utnemne<vblex><pp>/utnemnd<adj><pst><mf><sg><ind>/utnemne<adj><pp><nt><sg><ind>/utnemne<adj><pp><mf><sg><ind>$ ^til/til<adv>/til<cnjsub>/til<pr>$ ^praepositus/*praepositus$ ^ved/ved<pr>/ved<n><m><sg><ind>$ ^Lunds/Lund<np><cog><gen>/Lund<np><top><gen>/lund<n><m><sg><ind><gen>$ ^kommunitet/*kommunitet$ ^i/i<pr>/ialphabet<n><m><sg><ind>$ ^1719/1719<det><qnt><un><pl>/1719<det><qnt><un><pl><date>$ ^og/og<cnjcoo>/og<cnjcoo><clb>$ ^i/i<pr>/ialphabet<n><m><sg><ind>$ ^1720/1720<det><qnt><un><pl>/1720<det><qnt><un><pl><date>$ ^til/til<adv>/til<cnjsub>/til<pr>$ ^ekstraordinær/ekstraordinær<adj><pst><mf><sg><ind>$ ^professor/professor<n><m><sg><ind>$ ^ved/ved<pr>/ved<n><m><sg><ind>$ ^det/den<det><dem><nt><sg>/den<det><dem><nt><sg><expl>/den<prn><pers><p3><nt><sg><acc>/den<prn><pers><p3><nt><sg><nom>$ ^filosofiske/filosofisk<adj><pst><un><sp><def>/filosofisk<adj><pst><un><pl><ind>$ ^fakultetet/fakultet<n><nt><sg><def>$^./.<sent><clb>$
[/Nml8dxOtM96i]
[OThX_NNLW09k#0] ^Stammen/stam<n><m><sg><def>/stamme<n><m><sg><def>$ ^er/vere<vblex><pres>$ ^kort/korte<vblex><imp>/kort<n><nt><sg><ind>/kort<n><nt><pl><ind>/kort<adj><sint><pst><nt><sg><ind>/kort<adj><sint><pst><mf><sg><ind>$ ^og/og<cnjcoo>/og<cnjcoo><clb>$ ^tjukk/tjukk<adj><sint><pst><mf><sg><ind>$^,/,<cm>/,<cm><clb>$ ^og/og<cnjcoo>/og<cnjcoo><clb>$ ^han/han<prn><pers><p3><m><sg><acc>/han<prn><pers><p3><m><sg><nom>$ ^delar/del<n><m><pl><ind>/delar<n><m><sg><ind>$ ^seg/seg<prn><ref><p3><un><sp><acc>$ ^i/i<pr>/ialphabet<n><m><sg><ind>$ ^fleire/mange<adj><sint><comp><un><sp>$ ^konkurrerande/konkurrere<adj><pprs>$ ^toppskot/topp<n><m><sg><ind><cmp>+skot<n><nt><sg><ind>/topp<n><m><sg><ind><cmp>+skot<n><nt><pl><ind>/topp<n><m><sg><ind><cmp>+kot<n><nt><sg><ind>/topp<n><m><sg><ind><cmp>+kot<n><nt><pl><ind>/topp<n><m><sg><ind><cmp>+kot<n><m><sg><ind>$^./.<sent><clb>$
[/OThX_NNLW09k]
[SVMsp78Ti5M9#0] ^Arbeidarpartiet/arbeidarparti<n><nt><sg><def>/Arbeidarpartiet<np><org><nt><def>$ ^fell/felle<vblex><imp>/falle<vblex><pres>/fell<n><m><sg><ind>$ ^2,4/2,4<det><qnt><un><pl>$ ^prosentpoeng/prosentpoeng<n><nt><sg><ind>/prosentpoeng<n><nt><pl><ind>$ ^i/i<pr>/ialphabet<n><m><sg><ind>$ ^desembermålinga/desember<n><m><sg><ind><cmp>+måling<n><f><sg><def>$ ^frå/frå<adv>/frå<pr>$ ^InFact/InFact<np><org>$^./.<sent><clb>$
[/SVMsp78Ti5M9]
[TGCaEPblI1GZ#0] ^Kort/korte<vblex><imp>/kort<n><nt><sg><ind>/kort<n><nt><pl><ind>/kort<adj><sint><pst><nt><sg><ind>/kort<adj><sint><pst><mf><sg><ind>$ ^tid/tide<vblex><imp>/tid<n><f><sg><ind>$ ^etter/etter<pr>$ ^oppdaginga/oppdaging<n><f><sg><def>$ ^vart/bli<vblex><pret>/vare<vblex><pp>/varte<vblex><imp>/verje<vblex><pp>/vare<adj><pp><nt><sg><ind>/vare<adj><pp><mf><sg><ind>/var<adj><sint><pst><nt><sg><ind>/verje<adj><pp><nt><sg><ind>$ ^området/område<n><nt><sg><def>$ ^tatt i bruk/ta<vblex><pp># i bruk/ta<adj><pp><nt><sg><ind># i bruk/ta<adj><pp><mf><sg><ind># i bruk$ ^av/av<pr>/av<np><attr>$ ^européarar/*européarar$ ^med/med<adv>/med<cnjsub>/med<pr>$ ^ymse/ymse<vblex><inf>/ymse<vblex><imp>/ymis<adj><pst><un><sp><def>/ymis<adj><pst><un><pl><ind>/ymsen<adj><pst><nt><sg><ind>$ ^formål/formåle<vblex><imp>/formål<n><nt><sg><ind>/formål<n><nt><pl><ind>$^./.<sent><clb>$
[/TGCaEPblI1GZ]
[Z5U1xnppJ98C#0] ^Namnet/namn<n><nt><sg><def>$ ^har/ha<vblex><pres>$ ^gamaleuropeisk/*gamaleuropeisk$ ^opphav/opphav<n><nt><sg><ind>/opphav<n><nt><pl><ind>$ ^(/(<lpar>$^'/'<apos>$^'/'<apos>$^karra/*karra$^'/'<apos>$^'/'<apos>$ ^-/-<guio>$ ^stein/stein<adv>/steine<vblex><imp>/stein<n><m><sg><ind>/stein<adj><pst><nt><sg><ind>/stein<adj><pst><mf><sg><ind>$^)/)<rpar>$ ^og/og<cnjcoo>/og<cnjcoo><clb>$ ^i/i<pr>/ialphabet<n><m><sg><ind>$ ^antikken/antikk<n><m><sg><def>$ ^vart/bli<vblex><pret>/vare<vblex><pp>/varte<vblex><imp>/verje<vblex><pp>/vare<adj><pp><nt><sg><ind>/vare<adj><pp><mf><sg><ind>/var<adj><sint><pst><nt><sg><ind>/verje<adj><pp><nt><sg><ind>$ ^det/den<det><dem><nt><sg>/den<det><dem><nt><sg><expl>/den<prn><pers><p3><nt><sg><acc>/den<prn><pers><p3><nt><sg><nom>$ ^kalla/kalle<vblex><inf>/kalle<vblex><pret>/kalle<vblex><pp>/kalle<vblex><imp>/kalle<adj><pp><pl>/kall<n><nt><pl><def>/kalle<adj><pp><sg><def>/kalle<adj><pp><nt><sg><ind>/kalle<adj><pp><mf><sg><ind>$ ^'/'<apos>$^'/'<apos>$^Carusardius'/Carusardius'<np><guess><gen>$^'/'<apos>$ ^på/på<pr>$ ^latin/latin<n><nt><sp>/latin<n><m><sg><ind>$^./.<sent><clb>$
[/Z5U1xnppJ98C]
[ZAgDc3RFa3LR#0] ^Det/den<det><dem><nt><sg>/den<det><dem><nt><sg><expl>/den<prn><pers><p3><nt><sg><acc>/den<prn><pers><p3><nt><sg><nom>$ ^som/som<cnjsub>/som<pr>$ ^eventuelt/eventuelt<n><mf><sp>/eventuell<adj><pst><nt><sg><ind>$ ^kan/kunne<vblex><pres>$ ^øydeleggje/øydelegge<vblex><inf>$ ^for/for<adv>/for<pr>/for<cnjcoo><clb>/fore<vblex><imp>/fare<vblex><pret>$ ^rekordsesongen/rekord<n><m><sg><ind><cmp>+sesong<n><m><sg><def>$^,/,<cm>/,<cm><clb>$ ^er/vere<vblex><pres>$ ^om/om<cnjsub>/om<pr>/om<n><m><sg><ind>$ ^resten/rest<n><m><sg><def>$ ^av/av<pr>/av<np><attr>$ ^sommaren/sommar<n><m><sg><def>$ ^skulle/skulle<vblex><inf>/skulle<vblex><pret>$ ^bli/bli<vblex><inf>/bli<vblex><imp>$ ^spesielt/spesielt<adv>/spesiell<adj><pst><nt><sg><ind>$ ^våt/våt<adj><sint><pst><mf><sg><ind>$ ^og/og<cnjcoo>/og<cnjcoo><clb>$ ^kald/kald<adj><sint><pst><mf><sg><ind>$^./.<sent><clb>$
[/ZAgDc3RFa3LR]
[dTxSA_WS52ms#0] ^Derfor/derfor<adv>$ ^vil/vilje<vblex><pres>$ ^kraftigare/kraftig<adj><sint><comp><un><sp>$ ^luftstraumar/luftstraum<n><m><pl><ind>$ ^(/(<lpar>$^kraftigare/kraftig<adj><sint><comp><un><sp>$ ^torevêr/torevêr<n><nt><sg><ind>/torevêr<n><nt><pl><ind>$^)/)<rpar>$ ^føre til/føre<vblex><inf># til/føre<vblex><imp># til$ ^større/stor<adj><sint><comp><un><sp>$ ^hagl/hagle<vblex><imp>/hagl<n><nt><sg><ind>/hagl<n><nt><pl><ind>$^./.<sent><clb>$
[/dTxSA_WS52ms]
[f4pGljxdKnLq#0] ^Berre/berre<adv>/berre<cnjsub>/Berre<np><cog>/berr<adj><sint><pst><un><sp><def>/berr<adj><sint><pst><un><pl><ind>$ ^16/16<det><qnt><un><pl>$ ^prosent/prosent<n><m><sg><ind>/prosent<n><m><pl><ind>$ ^tviheld/tvihalde<vblex><pres>$ ^på/på<pr>$ ^retten/rett<n><m><sg><def>/rett¹<n><m><sg><def>$ ^til/til<adv>/til<cnjsub>/til<pr>$ ^å/å<part>/å<n><f><sg><ind>/åalphabet<n><m><sg><ind>$ ^skyte/skyte<vblex><inf>/skye<vblex><pret>/skye<adj><pp><pl>/skye<adj><pp><sg><def>$ ^opp/opp<adv>/opp<pr>/oppe<vblex><imp>$ ^eigne/eigne<vblex><inf>/eigne<vblex><imp>/eigen<det><emph><un><pl>/eigen<det><emph><un><sg><def>$ ^rakettar/rakett<n><m><pl><ind>$^./.<sent><clb>$
[/f4pGljxdKnLq]
[fz9DiXESky0-#0] ^Punktet/punkt<n><nt><sg><def>$ ^kor/kor<adv>/kore<vblex><imp>/kor<n><nt><sg><ind>/kor<n><nt><pl><ind>$ ^ei/eie<vblex><imp>/ein<det><qnt><f><sg>$ ^bombe/bombe<vblex><inf>/bombe<vblex><imp>/bombe<n><f><sg><ind>$ ^eller/eller<cnjcoo>/eller<cnjcoo><clb>$ ^ein/ein<adv>/eine<vblex><imp>/ein<det><qnt><m><sg>/ein<prn><pers><p3><un><sg><acc>/ein<prn><pers><p3><un><sg><nom>$ ^meteoritt/meteoritt<n><m><sg><ind>$ ^eksploderer/eksplodere<vblex><pres>$ ^i/i<pr>/ialphabet<n><m><sg><ind>$ ^lufta/lufte<vblex><inf>/lufte<vblex><pret>/lufte<vblex><pp>/lufte<vblex><imp>/lufte<adj><pp><pl>/luft<n><f><sg><def>/lufte<adj><pp><sg><def>/lufte<adj><pp><nt><sg><ind>/lufte<adj><pp><mf><sg><ind>$^,/,<cm>/,<cm><clb>$ ^under/under<pr>/under<n><nt><sg><ind>/under<n><nt><pl><ind>$ ^jordoverflata/jordoverflate<n><f><sg><def>$ ^eller/eller<cnjcoo>/eller<cnjcoo><clb>$ ^på/på<pr>$ ^havoverflata/*havoverflata$ ^blir/bli<vblex><pres>$ ^av og til/av og til<adv>$ ^kalt/*kalt$ ^'/'<apos>$^'/'<apos>$^hyposenter/hyposenter<n><nt><sg><ind>/hyposenter<n><nt><pl><ind>$^'/'<apos>$^'/'<apos>$^,/,<cm>/,<cm><clb>$ ^noko/noko<det><qnt><nt><sg>/noko<prn><ind><nt><sg><acc>/noko<prn><ind><nt><sg><nom>$ ^som/som<cnjsub>/som<pr>$ ^språkleg/språkleg<adj><pst><nt><sg><ind>/språkleg<adj><pst><mf><sg><ind>$ ^sett/sett<n><nt><pl><ind>/setje<adj><pp><mf><sg><ind>/setje<adj><pp><f><sg><ind>/setje<adj><pp><nt><sg><ind>/sjå<adj><pp><mf><sg><ind>/sjå<adj><pp><nt><sg><ind>/sett<n><m><sg><ind>/sjå<vblex><pp>/sett<n><nt><sg><ind>/setje<vblex><imp>/setje<vblex><pp>/setje<vblex><pres>$ ^er/vere<vblex><pres>$ ^feil/feile<vblex><imp>/feil<n><m><sg><ind>/feil<n><m><pl><ind>/feil<adj><pst><nt><sg><ind>/feil<adj><pst><un><sp><def>/feil<adj><pst><un><pl><ind>/feil<adj><pst><mf><sg><ind>$ ^ordbruk/ordbruk<n><nt><sg><ind>/ordbruk<n><nt><pl><ind>/ordbruk<n><m><sg><ind>$^./.<sent><clb>$
[/fz9DiXESky0-]
[hSMK9YJ7dl2g#0] ^Tissot/*Tissot$ ^kjempa/kjempe<vblex><inf>/kjempe<vblex><pret>/kjempe<vblex><pp>/kjempe<vblex><imp>/kjempe<adj><pp><pl>/kjempe<n><f><sg><def>/kjempe<adj><pp><sg><def>/kjempe<adj><pp><nt><sg><ind>/kjempe<adj><pp><mf><sg><ind>$ ^i/i<pr>/ialphabet<n><m><sg><ind>$ ^den/den<det><dem><m><sg>/den<det><dem><f><sg>/den<prn><pers><p3><mf><sg><acc>/den<prn><pers><p3><mf><sg><nom>$ ^fransk-prøyssiske/fransk<n><nt><sp><cmp><guio>+prøyssisk<adj><pst><un><sp><def>/fransk<n><nt><sp><cmp><guio>+prøyssisk<adj><pst><un><pl><ind>/fransk<n><m><sg><ind><cmp><guio>+prøyssisk<adj><pst><un><sp><def>/fransk<n><m><sg><ind><cmp><guio>+prøyssisk<adj><pst><un><pl><ind>$ ^krigen/krig<n><m><sg><def>$^./.<sent><clb>$
[/hSMK9YJ7dl2g]
[jNXSOIHhUCzf#0] ^–/–<guio><clb>$  ^Unaturlege/unaturleg<adj><pst><un><sp><def>/unaturleg<adj><pst><un><pl><ind>$ ^dødsfall/dødsfall<n><nt><sg><ind>/dødsfall<n><nt><pl><ind>$ ^og/og<cnjcoo>/og<cnjcoo><clb>$ ^det/den<det><dem><nt><sg>/den<det><dem><nt><sg><expl>/den<prn><pers><p3><nt><sg><acc>/den<prn><pers><p3><nt><sg><nom>$ ^som/som<cnjsub>/som<pr>$ ^vi/vie<vblex><imp>/vi<prn><pers><p1><un><pl><nom>$ ^kan/kunne<vblex><pres>$ ^førebyggje/førebygge<vblex><inf>$ ^er/vere<vblex><pres>$ ^alvorleg/alvorleg<adv>/alvorleg<adj><sint><pst><nt><sg><ind>/alvorleg<adj><sint><pst><mf><sg><ind>$^,/,<cm>/,<cm><clb>$ ^og/og<cnjcoo>/og<cnjcoo><clb>$ ^det/den<det><dem><nt><sg>/den<det><dem><nt><sg><expl>/den<prn><pers><p3><nt><sg><acc>/den<prn><pers><p3><nt><sg><nom>$ ^må/må<vblex><inf>/må<vblex><imp>/måtte<vblex><pres>$ ^vi/vie<vblex><imp>/vi<prn><pers><p1><un><pl><nom>$ ^gjere/gjere<vblex><inf>$ ^noko/noko<det><qnt><nt><sg>/noko<prn><ind><nt><sg><acc>/noko<prn><ind><nt><sg><nom>$ ^med/med<adv>/med<cnjsub>/med<pr>$^./.<sent><clb>$
[/jNXSOIHhUCzf]
[nptBoNjAQLlw#0] ^Den/Den<np><ant><m>/den<det><dem><m><sg>/den<det><dem><f><sg>/den<prn><pers><p3><mf><sg><acc>/den<prn><pers><p3><mf><sg><nom>$ ^vart/bli<vblex><pret>/vare<vblex><pp>/varte<vblex><imp>/verje<vblex><pp>/vare<adj><pp><nt><sg><ind>/vare<adj><pp><mf><sg><ind>/var<adj><sint><pst><nt><sg><ind>/verje<adj><pp><nt><sg><ind>$ ^oppdaga/oppdage<vblex><inf>/oppdage<vblex><pret>/oppdage<vblex><pp>/oppdage<vblex><imp>/oppdage<adj><pp><pl>/oppdage<adj><pp><sg><def>/oppdage<adj><pp><nt><sg><ind>/oppdage<adj><pp><mf><sg><ind>$ ^av/av<pr>/av<np><attr>$ ^Karl/Karl<np><ant><m>$ ^Theodor/Theodor<np><ant><m>$ ^Robert/Robert<np><ant><m>$ ^Luther/Luther<np><cog>/Luther<np><top>$ ^den/den<det><dem><m><sg>/den<det><dem><f><sg>/den<prn><pers><p3><mf><sg><acc>/den<prn><pers><p3><mf><sg><nom>$ ^5./5.<n><m><sg><ind><cmp>/5.<adj><ord><pst><nt><sg><ind>/5.<adj><ord><pst><un><sp><def>/5.<adj><ord><pst><un><pl><ind>/5.<adj><ord><pst><mf><sg><ind>$
[/nptBoNjAQLlw]
[oGzGo8ACBeTw#0] ^Han/Han<np><cog>/han<prn><pers><p3><m><sg><acc>/han<prn><pers><p3><m><sg><nom>$ ^hadde/ha<vblex><pret>$ ^eit/ein<det><qnt><nt><sg>$ ^28/28<det><qnt><un><pl>/28<det><qnt><un><pl><date>$ ^meter/meter<n><m><sg><ind>/meter<n><m><pl><ind>$ ^langt/langt<adv>/lang<adj><sint><pst><nt><sg><ind>$ ^løp/løpe<vblex><imp>/løp<n><nt><sg><ind>/løp<n><nt><pl><ind>$ ^med/med<adv>/med<cnjsub>/med<pr>$ ^kaliber/kaliber<n><nt><sg><ind>/kaliber<n><nt><pl><ind>/kaliber<n><m><sg><ind>$ ^på/på<pr>$ ^rundt/rundt<pr>/rund<adj><sint><pst><nt><sg><ind>$ ^210/210<det><qnt><un><pl>$ ^mm./mm.<n><acr>$
[/oGzGo8ACBeTw]
[p9ur-i3qr3_6#0] ^Partane/part<n><m><pl><def>$ ^ønskjer/ønske<vblex><pres>$ ^ikkje/ikkje<adv>$ ^å/å<part>/å<n><f><sg><ind>/åalphabet<n><m><sg><ind>$ ^gå/gå<vblex><inf>/gå<vblex><imp>$ ^ut/ut<pr>$ ^med/med<adv>/med<cnjsub>/med<pr>$ ^kor mykje/kor mykje<adv>/kor mange<det><qnt><un><pl><unc>$ ^Hansa Borg/Hansa Borg<np><org>$ ^betaler/betale<vblex><pres>$ ^for/for<adv>/for<pr>/for<cnjcoo><clb>/fore<vblex><imp>/fare<vblex><pret>$ ^aksjane/aksje<n><m><pl><def>$^./.<sent><clb>$
[/p9ur-i3qr3_6]
[pLsLtqCjP5vI#0] ^Byen/by<n><m><sg><def>$ ^blei/bli<vblex><pret>/blei<n><m><sg><ind>$ ^grunnlagt/grunnlegge<vblex><pp>/grunnlegge<adj><pp><nt><sg><ind>$ ^i/i<pr>/ialphabet<n><m><sg><ind>$ ^1903/1903<det><qnt><un><pl>/1903<det><qnt><un><pl><date>$ ^og/og<cnjcoo>/og<cnjcoo><clb>$ ^var/va<vblex><pres>/vare<vblex><imp>/vere<vblex><pret>/var<n><nt><sg><ind>/var<n><nt><pl><ind>/var<adj><sint><pst><mf><sg><ind>$ ^hovudstad/hovudstad<n><m><sg><ind>$ ^i/i<pr>/ialphabet<n><m><sg><ind>$ ^den/den<det><dem><m><sg>/den<det><dem><f><sg>/den<prn><pers><p3><mf><sg><acc>/den<prn><pers><p3><mf><sg><nom>$ ^franske/fransk<adj><pst><un><sp><def>/fransk<adj><pst><un><pl><ind>$ ^kolonien/koloni<n><m><sg><def>$ ^Côte/*Côte$ ^d/dalphabet<n><m><sg><ind>$^’/'<apos>$^Ivoire/*Ivoire$ ^i/i<pr>/ialphabet<n><m><sg><ind>$ ^perioden/periode<n><m><sg><def>$ ^frå/frå<adv>/frå<pr>$ ^1934/1934<det><qnt><un><pl>/1934<det><qnt><un><pl><date>$ ^til/til<adv>/til<cnjsub>/til<pr>$ ^1960./1960.<n><m><sg><ind><cmp>/1960.<adj><ord><pst><nt><sg><ind>/1960.<adj><ord><pst><un><sp><def>/1960.<adj><ord><pst><un><pl><ind>/1960.<adj><ord><pst><mf><sg><ind>$
[/pLsLtqCjP5vI]
[q3-E_5xfkwZQ#0] ^No/no<adv>/No<np><top>/no<n><nt><sg><ind>/no<n><nt><pl><ind>$ ^gir/gje<vblex><pres>/gire<vblex><imp>/gir<n><nt><sg><ind>/gir<n><nt><pl><ind>/gir<n><m><sg><ind>$ ^han/han<prn><pers><p3><m><sg><acc>/han<prn><pers><p3><m><sg><nom>$ ^seg/seg<prn><ref><p3><un><sp><acc>$ ^92 år gammal/92 år gammal<adj><sint><pst><mf><sg><ind>$^./.<sent><clb>$
[/q3-E_5xfkwZQ]
[uLj6VKw9W17D#0] ^Plasseringa/plassering<n><f><sg><def>$ ^til/til<adv>/til<cnjsub>/til<pr>$ ^Catania/Catania<np><top>$ ^ved/ved<pr>/ved<n><m><sg><ind>$ ^foten/fot<n><m><sg><def>/fot¹<n><m><sg><def>$ ^av/av<pr>/av<np><attr>$ ^Etna/Etna<np><top>$ ^var/va<vblex><pres>/vare<vblex><imp>/vere<vblex><pret>/var<n><nt><sg><ind>/var<n><nt><pl><ind>/var<adj><sint><pst><mf><sg><ind>$ ^i følge/i følge<pr>$ ^Strabius/*Strabius$ ^både/både<cnjcoo>$ ^ein/ein<adv>/eine<vblex><imp>/ein<det><qnt><m><sg>/ein<prn><pers><p3><un><sg><acc>/ein<prn><pers><p3><un><sg><nom>$ ^stor/stor<adj><sint><pst><mf><sg><ind>$ ^fordel/fordele<vblex><imp>/fordel<n><m><sg><ind>$ ^og/og<cnjcoo>/og<cnjcoo><clb>$ ^ein/ein<adv>/eine<vblex><imp>/ein<det><qnt><m><sg>/ein<prn><pers><p3><un><sg><acc>/ein<prn><pers><p3><un><sg><nom>$ ^stor/stor<adj><sint><pst><mf><sg><ind>$ ^bakdel/bakdel<n><m><sg><ind>$^./.<sent><clb>$
[/uLj6VKw9W17D]
[vA8IChS9WQf1#0] ^Men/men<cnjcoo>/men<cnjcoo><clb>/men<n><nt><sg><ind>/men<n><nt><pl><ind>$ ^kongsgarden/kongsgard<n><m><sg><def>$ ^var/va<vblex><pres>/vare<vblex><imp>/vere<vblex><pret>/var<n><nt><sg><ind>/var<n><nt><pl><ind>/var<adj><sint><pst><mf><sg><ind>$ ^framleis/framleis<adv>$ ^det/den<det><dem><nt><sg>/den<det><dem><nt><sg><expl>/den<prn><pers><p3><nt><sg><acc>/den<prn><pers><p3><nt><sg><nom>$ ^politisk/politisk<adj><pst><nt><sg><ind>/politisk<adj><pst><mf><sg><ind>$ ^og/og<cnjcoo>/og<cnjcoo><clb>$ ^administrative/administrativ<adj><pst><un><sp><def>/administrativ<adj><pst><un><pl><ind>$ ^sentrumet/sentrum<n><nt><sg><def>$ ^for/for<adv>/for<pr>/for<cnjcoo><clb>/fore<vblex><imp>/fare<vblex><pret>$ ^Vestlandet/Vestlandet<np><top><nt>$ ^og/og<cnjcoo>/og<cnjcoo><clb>$ ^Nord-Noreg/Nord-Noreg<np><top>$^./.<sent><clb>$
[/vA8IChS9WQf1]
[xGohqpKefCQn#0] ^I/i<pr>/I<np><top>/I<np><al>/Ialphabet<n><m><sg><ind>/ialphabet<n><m><sg><ind>$ ^Noreg/Noreg<np><top>$ ^vart/bli<vblex><pret>/vare<vblex><pp>/varte<vblex><imp>/verje<vblex><pp>/vare<adj><pp><nt><sg><ind>/vare<adj><pp><mf><sg><ind>/var<adj><sint><pst><nt><sg><ind>/verje<adj><pp><nt><sg><ind>$ ^dagen/dag<n><m><sg><def>$ ^tradisjonelt/tradisjonell<adj><pst><nt><sg><ind>$ ^kalla/kalle<vblex><inf>/kalle<vblex><pret>/kalle<vblex><pp>/kalle<vblex><imp>/kalle<adj><pp><pl>/kall<n><nt><pl><def>/kalle<adj><pp><sg><def>/kalle<adj><pp><nt><sg><ind>/kalle<adj><pp><mf><sg><ind>$ ^torlaksmesse/*torlaksmesse$ ^eller/eller<cnjcoo>/eller<cnjcoo><clb>$ ^'/'<apos>$^'/'<apos>$^tollesmesse/tolle<n><m><sg><ind><cmp>+messe<n><f><sg><ind>$^'/'<apos>$^'/'<apos>$^./.<sent><clb>$
[/xGohqpKefCQn]
[yFRaD9S5o40v#0] ^Seinare/seinare<adv>/sein<adj><sint><comp><un><sp>$ ^vart/bli<vblex><pret>/vare<vblex><pp>/varte<vblex><imp>/verje<vblex><pp>/vare<adj><pp><nt><sg><ind>/vare<adj><pp><mf><sg><ind>/var<adj><sint><pst><nt><sg><ind>/verje<adj><pp><nt><sg><ind>$ ^dette/dette<vblex><inf>/denne<det><dem><nt><sg>/denne<prn><dem><nt><sg><acc>/denne<prn><dem><nt><sg><nom>$ ^rekna/rekne<vblex><inf>/rekne<vblex><pret>/rekne<vblex><pp>/rekne<vblex><imp>/rekne<adj><pp><pl>/rekne<adj><pp><sg><def>/rekne<adj><pp><nt><sg><ind>/rekne<adj><pp><mf><sg><ind>$ ^som/som<cnjsub>/som<pr>$ ^funnbrønn/funn<n><nt><sg><ind><cmp>+brønn<n><m><sg><ind>$ ^for/for<adv>/for<pr>/for<cnjcoo><clb>/fore<vblex><imp>/fare<vblex><pret>$ ^Balderfeltet/*Balderfeltet$^./.<sent><clb>$
[/yFRaD9S5o40v]
[ybR3wzKUfuhH#0] ^Hesten/hest<n><m><sg><def>$ ^spring/springe<vblex><pres>/springe<vblex><imp>/spring<n><nt><sg><ind>/spring<n><nt><pl><ind>/spring<n><m><sg><ind>$ ^like godt/like godt<adv>$ ^over/over<adv>/over<pr>$ ^vatn/vatne<vblex><imp>/vatn<n><nt><sg><ind>/vatn<n><nt><pl><ind>$ ^som/som<cnjsub>/som<pr>$ ^på/på<pr>$ ^landjorda/landjord<n><f><sg><def>$ ^og/og<cnjcoo>/og<cnjcoo><clb>$ ^i/i<pr>/ialphabet<n><m><sg><ind>$ ^lufta/lufte<vblex><inf>/lufte<vblex><pret>/lufte<vblex><pp>/lufte<vblex><imp>/lufte<adj><pp><pl>/luft<n><f><sg><def>/lufte<adj><pp><sg><def>/lufte<adj><pp><nt><sg><ind>/lufte<adj><pp><mf><sg><ind>$^./.<sent><clb>$
[/ybR3wzKUfuhH]
[ye5U3O3gRiP1#0] ^Det/den<det><dem><nt><sg>/den<det><dem><nt><sg><expl>/den<prn><pers><p3><nt><sg><acc>/den<prn><pers><p3><nt><sg><nom>$ ^betyr/bety<vblex><pres>$ ^1,15 milliardar/1,15 milliardar<det><qnt><un><pl>$ ^meir/mykje<adj><sint><comp><un><sp>$ ^enn/enn<adv>/enn<cnjsub>/enn<pr>$ ^i fjor/i fjor<adv>$^,/,<cm>/,<cm><clb>$ ^skriv/skrive<vblex><pres>/skrive<vblex><imp>/skriv<n><nt><sg><ind>/skriv<n><nt><pl><ind>$ ^Nationen/Nationen<np><org>$^./.<sent><clb>$
[/ye5U3O3gRiP1]
[z9L2UxItKoLA#0] ^Såg/sjå<vblex><pret>$ ^ho/ho<n><f><sg><ind>/ho<prn><pers><p3><f><sg><acc>/ho<prn><pers><p3><f><sg><nom>$ ^ikkje/ikkje<adv>$ ^orda/orde<vblex><inf>/orde<vblex><pret>/orde<vblex><pp>/orde<vblex><imp>/orde<adj><pp><pl>/ord<n><nt><pl><def>/orde<adj><pp><sg><def>/orde<adj><pp><nt><sg><ind>/orde<adj><pp><mf><sg><ind>$^?/?<sent><clb>$ ^Dei/den<det><dem><un><pl>/dei<prn><pers><p3><un><pl><acc>/dei<prn><pers><p3><un><pl><nom>$ ^smååt/småete<vblex><pret>$ ^nyplanta/nyplante<vblex><inf>/nyplante<vblex><pret>/nyplante<vblex><pp>/nyplante<vblex><imp>/nyplante<adj><pp><pl>/nyplante<adj><pp><sg><def>/nyplante<adj><pp><nt><sg><ind>/nyplante<adj><pp><mf><sg><ind>$ ^hygge/hygge<vblex><inf>/hygge<vblex><imp>/hygge<n><f><sg><ind>/hygge<n><f><sg><ind>$^./.<sent><clb>$
[/z9L2UxItKoLA]
