[3rqBvhHpyho6#0] ^I<pr>/I<pr>$ ^USA<np><top>/USA<np><top>$ ^ha<vblex><pres>/ha<vblex><pres>/inneha<vblex><pres>$ ^sidan<pr>/siden<pr>$ ^oktober<n><m><sg><ind>/oktober<n><m><sg><ind>$ ^2004<det><qnt><un><pl>/2004<det><qnt><un><pl>$ ^vere<vblex><pp>/være<vblex><pp>$ ^ein<det><qnt><m><sg>/en<det><qnt><m><sg>$ ^nasjonal<adj><pst><mf><sg><ind>/nasjonal<adj><pst><mf><sg><ind>$ ^datatryggleik<n><m><sg><ind><cmp>/datasikkerhet<n><m><sg><ind><cmp>$ ^månad<n><m><sg><ind>/måned<n><m><sg><ind>$^,<cm>/,<cm>$ ^fronte<adj><pp><mf><sg><ind>/fronte<adj><pp><mf><sg><ind>$ ^av<pr>/av<pr>$ ^president<n><m><sg><def>/president<n><m><sg><def>$ ^i<pr>/i<pr>$ ^land<n><nt><sg><def>/land<n><nt><sg><def>$^.<sent><clb>/.<sent><clb>$
[/3rqBvhHpyho6]
[4rpYn7PO0ei7#0] ^Dei<prn><pers><p3><un><pl><nom>/De<prn><pers><p3><un><pl><nom>$ ^vere<vblex><pres>/være<vblex><pres>$ ^noko<prn><ind><un><pl><nom>/noe<prn><ind><un><pl><nom>$ ^av<pr>/av<pr>$ ^den<det><dem><un><pl>/den<det><dem><un><pl>$ ^mykje<adj><sint><sup><un><sp><ind>/mye<adj><sint><sup><un><sp><ind>$ ^nyttig<adj><sint><pst><un><pl><ind>/nyttig<adj><sint><pst><un><pl><ind>$ ^likning<n><f><pl><def>/ligning<n><m><pl><def>$ ^ein<prn><pers><p3><un><sg><acc>/man<prn><pers><p3><un><sg><acc>$ ^ha<vblex><pres>/ha<vblex><pres>/inneha<vblex><pres>$^,<cm>/,<cm>$ ^fordi<cnjsub>/fordi<cnjsub>$ ^dei<prn><pers><p3><un><pl><nom>/de<prn><pers><p3><un><pl><nom>$ ^skildre<vblex><pres>/skildre<vblex><pres>$ ^fysikk<n><m><sg><def>/fysikk<n><m><sg><def>$ ^i<pr>/i<pr>$ ^mange<adj><sint><pst><un><pl><ind>/mange<adj><sint><pst><un><pl><ind>$ ^forskjellig<adj><sint><pst><un><pl><ind>/forskjellig<adj><sint><pst><un><pl><ind>$ ^fenomen<n><nt><pl><ind>/fenomen<n><nt><pl><ind>$ ^av<pr>/av<pr>$ ^akademisk<adj><pst><mf><sg><ind>/akademisk<adj><pst><mf><sg><ind>$ ^og<cnjcoo>/og<cnjcoo>$ ^økonomisk<adj><pst><mf><sg><ind>/økonomisk<adj><pst><mf><sg><ind>$ ^interesse<n><f><sg><ind>/interesse<n><m><sg><ind>$^.<sent><clb>/.<sent><clb>$
[/4rpYn7PO0ei7]
[5ME85rZ5wfr1#0] ^Larv<n><m><pl><def>/Larv<n><m><pl><def>$ ^vere<vblex><pres>/være<vblex><pres>$ ^lang<adj><sint><pst><un><pl><ind>/lang<adj><sint><pst><un><pl><ind>$^,<cm>/,<cm>$ ^tynn<adj><sint><pst><un><pl><ind>/tynn<adj><sint><pst><un><pl><ind>$ ^og<cnjcoo>/og<cnjcoo>$ ^kvit<adj><sint><pst><un><pl><ind>/hvit<adj><sint><pst><un><pl><ind>$ ^til<pr>/til<pr>$ ^gråaktig<adj><pst><un><sp><def>/gråaktig<adj><pst><un><sp><def>$ ^med<pr>/med<pr>$ ^mørke<adj><pp><mf><sg><ind>/mørke<adj><pp><mf><sg><ind>$ ^farge<adj><pp><pl>/farge<adj><pp><mf><sg><ind>$ ^munn<n><m><sg><ind><cmp>/munn<n><m><sg><ind><cmp>$ ^del<n><m><pl><ind>/del<n><m><pl><ind>$^.<sent><clb>/.<sent><clb>$
[/5ME85rZ5wfr1]
[5vwAep-R9qLO#0] ^Dei<prn><pers><p3><un><pl><nom>/De<prn><pers><p3><un><pl><nom>$ ^bli<vblex><pres>/bli<vblex><pres>$ ^nytte<adj><pp><pl>/benytte<adj><pp><mf><sg><ind>$ ^for<pr>/for<pr>$ ^å<part>/å<part>$ ^skildre<vblex><inf>/skildre<vblex><inf>$ ^vêr<n><nt><sg><def>/vær<n><nt><sg><def>$^,<cm>/,<cm>$ ^havstraum<n><m><pl><ind>/havstrøm<n><m><pl><ind>$^,<cm>/,<cm>$ ^vasstraum<n><m><sg><ind>/vannstrøm<n><m><sg><ind>$ ^i<pr>/i<pr>$ ^røyrleidning<n><m><pl><ind>/rørledning<n><m><pl><ind>$^,<cm>/,<cm>$ ^rørsle<n><f><pl><def>/bevegelse<n><m><pl><def>$ ^til<pr>/til<pr>$ ^stjerne<n><f><pl><ind>/stjerne<n><m><pl><ind>$ ^i<pr>/i<pr>$ ^ein<det><qnt><m><sg>/en<det><qnt><m><sg>$ ^galakse<n><m><sg><ind>/galakse<n><m><sg><ind>$^,<cm>/,<cm>$ ^og<cnjcoo>/og<cnjcoo>$ ^luftstraum<n><m><sg><ind>/luftstrøm<n><m><sg><ind>$ ^rundt<pr>/rundt<pr>$ ^ein<det><qnt><f><sg>/en<det><qnt><m><sg>$ ^venge<n><f><sg><ind>/vinge<n><m><sg><ind>$^.<sent><clb>/.<sent><clb>$
[/5vwAep-R9qLO]
[6HA0Ee_eGbXj#0] ^Pris<n><m><sg><def>/Pris<n><m><sg><def>$ ^bli<vblex><pret>/bli<vblex><pret>$ ^utdele<adj><pp><mf><sg><ind>/utdele<adj><pp><mf><sg><ind>$ ^under<pr>/under<pr>$ ^Nordisk råd<np><org><gen>/Nordisk råd<np><org><gen>$ ^prisutdeling<n><f><sg><ind>/prisutdeling<n><m><sg><ind>$ ^i<pr>/i<pr>$ ^Stockholm<np><top>/Stockholm<np><top>$ ^onsdag<n><m><sg><ind>/onsdag<n><m><sg><ind>$ ^kveld<n><m><sg><ind>/kveld<n><m><sg><ind>$^.<sent><clb>/.<sent><clb>$
[/6HA0Ee_eGbXj]
[6c1ZRuvcFSWt#0] ^Då<cnjsub>/Da<cnjsub>$ ^han<prn><pers><p3><m><sg><nom>/han<prn><pers><p3><m><sg><nom>$ ^døy<vblex><pret>/dø<vblex><pret>$ ^gå<vblex><pret>/gå<vblex><pret>/løpe<vblex><pret>$ ^øy<n><f><sg><def>/øy<n><m><sg><def>$ ^til<pr>/til<pr>$ ^dotter<n><f><sg><def>/datter<n><m><sg><def>$ ^Christina<np><ant><f>/Christina<np><ant><f>$^,<cm>/,<cm>$ ^og<cnjcoo>/og<cnjcoo>$ ^sein<adj><sint><comp><un><sp>/sen<adj><sint><comp><un><sp>$ ^til<pr>/til<pr>$ ^hennar<det><pos><f><sg>/hennes<det><pos><f><sg>$ ^dotter<n><f><sg><ind>/datter<n><m><sg><ind>$ ^Athina<np><ant><f>/Athina<np><ant><f>$ ^Roussel<np><cog>/Roussel<np><cog>$^.<sent><clb>/.<sent><clb>$
[/6c1ZRuvcFSWt]
[9iFCay2zfDYL#0] ^Prislapp<n><m><sg><def>/Prislapp<n><m><sg><def>$ ^på<pr>/på<pr>$ ^dress<n><m><pl><def>/dress<n><m><pl><def>$ ^i<pr>/i<pr>$ ^gjenbruk<n><nt><sg><ind><cmp>/gjenbruk<n><nt><sg><ind><cmp>$ ^butikk<n><m><sg><def>/butikk<n><m><sg><def>$ ^ha<vblex><pres>/ha<vblex><pres>/inneha<vblex><pres>$ ^variere<vblex><pp>/variere<vblex><pp>$ ^mellom<pr>/mellom<pr>$ ^1000<det><qnt><un><pl>/1000<det><qnt><un><pl>$ ^og<cnjcoo>/og<cnjcoo>$ ^4000<det><qnt><un><pl>/4000<det><qnt><un><pl>$ ^krone<n><f><pl><ind>/krone<n><m><pl><ind>$^,<cm><clb>/,<cm><clb>$ ^skrive<vblex><pres>/skrive<vblex><pres>$ ^NRK<np><org>/NRK<np><org>$^.<sent><clb>/.<sent><clb>$
[/9iFCay2zfDYL]
[9iUMFeGlwhEX#0] ^Noko<prn><ind><un><pl><nom>/Noe<prn><ind><un><pl><nom>$ ^av<pr>/av<pr>$ ^den<det><dem><un><pl>/den<det><dem><un><pl>$ ^liten<adj><sint><comp><un><sp>/liten<adj><sint><comp><un><sp>$ ^røy<n><f><sg><ind><cmp>/røy<n><m><sg><ind><cmp>$ ^sene<n><f><sg><ind>/sene<n><m><sg><ind>$ ^bli<vblex><pret>/bli<vblex><pret>$ ^undersøke<adj><pp><pl>/undersøke<adj><pp><mf><sg><ind>$ ^i<pr>/i<pr>$ ^1925<det><qnt><un><pl>/1925<det><qnt><un><pl>$ ^og<cnjcoo><clb>/og<cnjcoo><clb>$ ^vise# seg<vblex><pret>/vise# seg<vblex><pret>$ ^å<part>/å<part>$ ^innehalde<vblex><inf>/inneholde<vblex><inf>$ ^enkel<adj><sint><pst><un><pl><ind>/enkel<adj><sint><pst><un><pl><ind>$ ^brann<n><m><sg><ind><cmp>/brann<n><m><sg><ind><cmp>$ ^grav<n><f><pl><ind>/grav<n><m><pl><ind>$^.<sent><clb>/.<sent><clb>$
[/9iUMFeGlwhEX]
[CfxXOmfbkwwr#0] ^Asteroide<n><m><sg><def>/Asteroide<n><m><sg><def>$ ^rotere<vblex><pres>/rotere<vblex><pres>$ ^veldig<adv>/veldig<adv>$ ^sakte<adj><sint><pst><nt><sg><ind>/sakte<adj><sint><pst><nt><sg><ind>$^;<sent><clb>/;<sent><clb>$ ^*rotatasjonsperioden/*rotatasjonsperioden$ ^(<lpar>/(<lpar>$^døger<n><nt><sg><def>/døger<n><nt><sg><def>$^)<rpar>/)<rpar>$ ^vere<vblex><pres>/være<vblex><pres>$ ^på<pr>/på<pr>$ ^omtrent<adv>/omtrent<adv>$ ^3,3<det><qnt><un><pl>/3,3<det><qnt><un><pl>$ ^jord<n><f><sg><ind><cmp>/jord<n><m><sg><ind><cmp>$ ^døger<n><nt><pl><ind>/døger<n><nt><pl><ind>$^.<sent><clb>/.<sent><clb>$
[/CfxXOmfbkwwr]
[Ddb1FZ6xQpKn#0] ^Denne<det><dem><m><sg>/Denne<det><dem><m><sg>$ ^opne<vblex><pret>/åpne<vblex><pret>$ ^i<pr>/i<pr>$ ^1978<det><qnt><un><pl>/1978<det><qnt><un><pl>$^,<cm>/,<cm>$ ^og<cnjcoo><clb>/og<cnjcoo><clb>$ ^gjere<vblex><pret>/gjøre<vblex><pret>/treffe<vblex><pret>$ ^linje<n><f><sg><def>/linje<n><m><sg><def>$ ^gjennom<pr>/gjennom<pr>$ ^*Waihi/*Waihi$ ^overflødig<adj><pst><nt><sg><ind>/overflødig<adj><pst><nt><sg><ind>$^,<cm>/,<cm>$ ^men<cnjcoo><clb>/men<cnjcoo><clb>$ ^linje<n><f><sg><def>/linje<n><m><sg><def>$ ^*Goldfields/*Goldfields$ ^*Railway/*Railway$ ^bli<vblex><pret>/bli<vblex><pret>$ ^ta<adj><pp><f><sg><ind>/ta<adj><pp><f><sg><ind>$ ^vare<n><f><sg><ind>/vare<n><m><sg><ind>$ ^på<pr>/på<pr>$ ^som<pr>/som<pr>$ ^ein<det><qnt><m><sg>/en<det><qnt><m><sg>$ ^seks<det><qnt><un><pl>/seks<det><qnt><un><pl>$ ^km<n><nt><pl><ind>/km<n><nt><pl><ind>$ ^lang<adj><sint><pst><mf><sg><ind>/lang<adj><sint><pst><mf><sg><ind>$ ^*veterantogjarnveg/*veterantogjarnveg$ ^mellom<pr>/mellom<pr>$ ^*Waihi/*Waihi$ ^og<cnjcoo>/og<cnjcoo>$ ^*Waikino/*Waikino$^.<sent><clb>/.<sent><clb>$
[/Ddb1FZ6xQpKn]
[FUJykPkSrywH#0] ^*Fra/*Fra$ ^Ein<n><m><sg><ind><cmp>/En<n><m><sg><ind><cmp>$ ^vatn<n><nt><sg><def>/vann<n><nt><sg><def>$ ^renne<vblex><pres>/renne<vblex><pres>$ ^vatn<n><nt><sg><def>/vann<n><nt><sg><def>$ ^ned<pr>/ned<pr>$ ^til<pr>/til<pr>$ ^kraftstasjon<n><m><sg><def>/kraftstasjon<n><m><sg><def>$ ^gjennom<pr>/gjennom<pr>$ ^ein<det><qnt><nt><sg>/en<det><qnt><nt><sg>$ ^1800<det><qnt><un><pl>/1800<det><qnt><un><pl>$ ^meter<n><m><pl><ind>/meter<n><m><pl><ind>$ ^lang<adj><sint><pst><nt><sg><ind>/lang<adj><sint><pst><nt><sg><ind>$ ^*stålrør/*stålrør$^.<sent><clb>/.<sent><clb>$
[/FUJykPkSrywH]
[FWmPpEUD_LBI#0] ^Arkitektur<n><m><sg><ind><cmp>/Arkitektur<n><m><sg><ind><cmp>$ ^historikar<n><m><sg><def>/historiker<n><m><sg><def>$ ^Erling<np><ant><m>/Erling<np><ant><m>$ ^Gjone<np><cog>/Gjone<np><cog>$ ^oppgje<vblex><pres>/oppgi<vblex><pres>$ ^at<cnjsub>/at<cnjsub>$ ^den<prn><pers><p3><nt><sg><nom>/den<prn><pers><p3><nt><sg><nom>$ ^vere<vblex><pret>/være<vblex><pret>$ ^skikk<n><m><sg><def>/skikk<n><m><sg><def>$ ^i<pr>/i<pr>$ ^*Gudbrandsdal/*Gudbrandsdal$ ^å<part>/å<part>$ ^legge<vblex><inf>/legge<vblex><inf>$ ^ein<det><qnt><f><sg>/en<det><qnt><m><sg>$ ^hand<n><f><sg><ind><cmp>/hånd<n><m><sg><ind><cmp>$ ^breidde<n><f><sg><ind>/bredde<n><m><sg><ind>$ ^til<pr>/til<pr>$ ^møne<n><nt><sg><ind><cmp>/møne<n><nt><sg><ind><cmp>$ ^høgd<n><f><sg><def>/høyd<n><m><sg><def>$ ^på<pr>/på<pr>$ ^stor<adj><sint><pst><un><pl><ind>/stor<adj><sint><pst><un><pl><ind>$ ^hus<n><nt><pl><ind>/hus<n><nt><pl><ind>$ ^og<cnjcoo>/og<cnjcoo>$ ^trekke# frå<vblex><inf>/trekke# fra<vblex><inf>$ ^ein<det><qnt><f><sg>/en<det><qnt><m><sg>$ ^hand<n><f><sg><ind><cmp>/hånd<n><m><sg><ind><cmp>$ ^breidde<n><f><sg><ind>/bredde<n><m><sg><ind>$ ^på<pr>/på<pr>$ ^liten<adj><sint><pst><un><pl><ind>/liten<adj><sint><pst><un><pl><ind>$^.<sent><clb>/.<sent><clb>$
[/FWmPpEUD_LBI]
[GaEBlVg0xmVP#0] ^All<det><qnt><un><pl>/All<det><qnt><un><pl>/Enhver<det><qnt><un><pl>/Alle og enhver<det><qnt><un><pl>$ ^den<det><dem><un><pl>/den<det><dem><un><pl>$ ^norsk<adj><sint><pst><un><pl><ind>/norsk<adj><sint><pst><un><pl><ind>$ ^vere<vblex><pret>/være<vblex><pret>$ ^blant<pr>/blant<pr>$ ^den<det><dem><un><pl>/den<det><dem><un><pl>$ ^11<det><qnt><un><pl>/11<det><qnt><un><pl>$ ^første<adj><ord><pst><un><pl><ind>/første<adj><ord><pst><un><pl><ind>$ ^startande<adj><pst><nt><sg><ind>/startende<adj><pst><nt><sg><ind>$ ^i<pr>/i<pr>$ ^renn<n><nt><sg><def>/renn<n><nt><sg><def>$^.<sent><clb>/.<sent><clb>$
[/GaEBlVg0xmVP]
[IsHcw10R4wkE#0] ^Regnvêr<n><nt><sg><def>/Regnvær<n><nt><sg><def>$ ^halde<vblex><pres>/holde<vblex><pres>/inneha<vblex><pres>$ ^stand<n><nt><pl><ind>/stand<n><m><pl><ind>$ ^i alle fall<adv>/i alle fall<adv>$ ^til<pr>/til<pr>$ ^midt<n><m><sg><def>/midt<n><m><sg><def>$ ^av<pr>/av<pr>$ ^neste<det><dem><f><sp><def>/neste<det><dem><m><sp><def>$ ^veke<n><f><sg><ind>/uke<n><m><sg><ind>$^.<sent><clb>/.<sent><clb>$
[/IsHcw10R4wkE]
[LiGucBOCcrmf#0] ^Ein<det><qnt><nt><sg>/En<det><qnt><nt><sg>$ ^par<n><nt><sg><ind>/par<n><nt><sg><ind>$ ^«<lquot>/«<lquot>$^kviledag<n><m><pl><ind>/kviledag<n><m><pl><ind>/hviledag<n><m><pl><ind>$^»<rquot>/»<rquot>$^,<cm>/,<cm>$ ^berre<adv>/bare<adv>$ ^med<pr>/med<pr>$ ^tynn<adj><sint><pst><nt><sg><ind>/tynn<adj><sint><pst><nt><sg><ind>$ ^innslag<n><nt><sg><ind>/innslag<n><nt><sg><ind>$ ^av<pr>/av<pr>$ ^storslalåm<n><m><sg><ind>/storslalåm<n><m><sg><ind>$ ^for<pr>/for<pr>$ ^kvinne<n><f><pl><ind>/kvinne<n><m><pl><ind>$ ^i<pr>/i<pr>$ ^verdscup<n><m><sg><def>/verdenscup<n><m><sg><def>$^,<cm>/,<cm>$ ^så<adv>/så<adv>$ ^bli<vblex><pres>/bli<vblex><pres>$ ^den<prn><pers><p3><nt><sg><nom>/den<prn><pers><p3><nt><sg><nom>$ ^full<adv>/full<adv>$ ^fart<n><m><sg><ind>/fart<n><m><sg><ind>$ ^frå<pr>/fra<pr>$ ^laurdag<n><m><sg><ind>/lørdag<n><m><sg><ind>$ ^29.<adj><ord><pst><un><sp><def>/29.<adj><ord><pst><un><sp><def>$ ^desember<n><m><sg><ind>/desember<n><m><sg><ind>$^.<sent><clb>/.<sent><clb>$
[/LiGucBOCcrmf]
[MMl2IDiHZvEs#0] ^Lov<n><f><sg><def>/Lov<n><m><sg><def>$ ^rekne<vblex><pres>/regne<vblex><pres>$ ^opp<pr>/opp<pr>$ ^den<det><dem><un><pl>/den<det><dem><un><pl>$ ^ulik<adj><pst><un><pl><ind>/ulik<adj><pst><un><pl><ind>/forskjellig<adj><sint><pst><un><pl><ind>$ ^*regionstyra/*regionstyra$ ^på<pr>/på<pr>$ ^New Zealand<np><top>/New Zealand<np><top>$ ^og<cnjcoo>/og<cnjcoo>$ ^kunngjering<n><f><pl><def>/kunngjøring<n><m><pl><def>/bekjentgjøring<n><m><pl><def>$ ^deira<det><pos><un><pl>/deres¹<det><pos><un><pl>$ ^i<pr>/i<pr>$ ^The<np><cog>/The<np><cog>$ ^New Zealand<np><top>/New Zealand<np><top>$ ^*Gazette/*Gazette$ ^då<cnjsub>/da<cnjsub>$ ^dei<prn><pers><p3><un><pl><nom>/de<prn><pers><p3><un><pl><nom>$ ^bli<vblex><pret>/bli<vblex><pret>$ ^opprette<adj><pp><pl>/opprette<adj><pp><mf><sg><ind>$ ^i<pr>/i<pr>$ ^1989.<adj><ord><pst><un><sp><def>/1989.<adj><ord><pst><un><sp><def>$
[/MMl2IDiHZvEs]
[ModkvxIYL9-6#0] ^Men<cnjcoo><clb>/Men<cnjcoo><clb>$ ^ho<prn><pers><p3><f><sg><nom>/hun<prn><pers><p3><f><sg><nom>$ ^måtte<vblex><pres>/måtte<vblex><pres>$ ^tåle<vblex><inf>/tåle<vblex><inf>$ ^å<part>/å<part>$ ^få<vblex><inf>/få<vblex><inf>$ ^kritikk<n><m><sg><ind>/kritikk<n><m><sg><ind>$ ^for<pr>/for<pr>$ ^initiativ<n><nt><sg><def>/initiativ<n><nt><sg><def>$ ^frå<pr>/fra<pr>$ ^SO<np><cog><gen>/SO<np><cog><gen>$ ^Rasisme<n><m><sg><ind>/Rasisme<n><m><sg><ind>$^.<sent><clb>/.<sent><clb>$
[/ModkvxIYL9-6]
[NORK4Hm4Df3_#0] ^Bru<n><f><sg><def>/Bro<n><m><sg><def>$ ^vere<vblex><pret>/være<vblex><pret>$ ^på<pr>/på<pr>$ ^ein<det><qnt><nt><sg>/en<det><qnt><nt><sg>$ ^tidspunkt<n><nt><sg><ind>/tidspunkt<n><nt><sg><ind>$ ^den<det><dem><m><sg>/den<det><dem><m><sg>$ ^lang<adj><sint><sup><un><sp><def>/lang<adj><sint><sup><un><sp><def>$ ^i<pr>/i<pr>$ ^Noreg<np><top>/Norge<np><top>$^.<sent><clb>/.<sent><clb>$
[/NORK4Hm4Df3_]
[Nd3HCyOFb0gl#0] ^Kva for<det><itg><un><pl>/Hvilken<det><itg><un><pl>$ ^farge<vblex><pres>/farge<vblex><pres>$ ^som<pr>/som<pr>$ ^nytte<vblex><inf><pasv>/benytte<vblex><inf><pasv>$^,<cm>/,<cm>$ ^og<cnjcoo>/og<cnjcoo>$ ^kor mange<det><qnt><un><pl>/hvor mange<det><qnt><un><pl>$ ^belte<n><nt><sg><ind><cmp>/belte<n><nt><sg><ind><cmp>$ ^grad<n><f><pl><ind>/grad<n><m><pl><ind>$ ^som<cnjsub>/som<cnjsub>$ ^finnast<vblex><pstv><pres>/finnes<vblex><pstv><pres>$ ^*varierar/*varierar$ ^frå<pr>/fra<pr>$ ^stilart<n><f><sg><ind>/stilart<n><m><sg><ind>$ ^til<pr>/til<pr>$ ^stilart<n><m><sg><ind>/stilart<n><m><sg><ind>$^.<sent><clb>/.<sent><clb>$
[/Nd3HCyOFb0gl]
[Nml8dxOtM96i#0] ^*Benzelius/*Benzelius$ ^bli<vblex><pret>/bli<vblex><pret>$ ^utnemne<adj><pp><nt><sg><ind>/utnevne<adj><pp><nt><sg><ind>$ ^til<pr>/til<pr>$ ^*praepositus/*praepositus$ ^ved<pr>/ved<pr>$ ^Lund<n><m><sg><ind><gen>/Lund<n><m><sg><ind><gen>$ ^*kommunitet/*kommunitet$ ^i<pr>/i<pr>$ ^1719<det><qnt><un><pl>/1719<det><qnt><un><pl>$ ^og<cnjcoo>/og<cnjcoo>$ ^i<pr>/i<pr>$ ^1720<det><qnt><un><pl>/1720<det><qnt><un><pl>$ ^til<pr>/til<pr>$ ^ekstraordinær<adj><pst><mf><sg><ind>/ekstraordinær<adj><pst><mf><sg><ind>$ ^professor<n><m><sg><ind>/professor<n><m><sg><ind>$ ^ved<pr>/ved<pr>$ ^den<det><dem><nt><sg>/den<det><dem><nt><sg>$ ^filosofisk<adj><pst><un><sp><def>/filosofisk<adj><pst><un><sp><def>$ ^fakultet<n><nt><sg><def>/fakultet<n><nt><sg><def>$^.<sent><clb>/.<sent><clb>$
[/Nml8dxOtM96i]
[OThX_NNLW09k#0] ^Stam<n><m><sg><def>/Stam<n><m><sg><def>$ ^vere<vblex><pres>/være<vblex><pres>$ ^kort<adj><sint><pst><mf><sg><ind>/kort<adj><sint><pst><mf><sg><ind>$ ^og<cnjcoo>/og<cnjcoo>$ ^tjukk<adj><sint><pst><mf><sg><ind>/tykk<adj><sint><pst><mf><sg><ind>$^,<cm>/,<cm>$ ^og<cnjcoo>/og<cnjcoo>$ ^han<prn><pers><p3><m><sg><acc>/han<prn><pers><p3><m><sg><acc>$ ^del<n><m><pl><ind>/del<n><m><pl><ind>$ ^seg<prn><ref><p3><un><sp><acc>/seg<prn><ref><p3><un><sp><acc>$ ^i<pr>/i<pr>$ ^mange<adj><sint><comp><un><sp>/gjentatt<adj><pst><un><sp><def>$ ^konkurrere<adj><pprs>/konkurrere<adj><pprs>$ ^topp<n><m><sg><ind><cmp>/topp<n><m><sg><ind><cmp>$ ^skot<n><nt><pl><ind>/skudd<n><nt><pl><ind>$^.<sent><clb>/.<sent><clb>$
[/OThX_NNLW09k]
[SVMsp78Ti5M9#0] ^Arbeidarparti<n><nt><sg><def>/Arbeiderparti<n><nt><sg><def>$ ^falle<vblex><pres>/falle<vblex><pres>$ ^2,4<det><qnt><un><pl>/2,4<det><qnt><un><pl>$ ^prosentpoeng<n><nt><pl><ind>/prosentpoeng<n><nt><pl><ind>$ ^i<pr>/i<pr>$ ^desember<n><m><sg><ind><cmp>/desember<n><m><sg><ind><cmp>$ ^måling<n><f><sg><def>/måling<n><m><sg><def>/maling<n><m><sg><def>$ ^frå<pr>/fra<pr>$ ^InFact<np><org>/InFact<np><org>$^.<sent><clb>/.<sent><clb>$
[/SVMsp78Ti5M9]
[TGCaEPblI1GZ#0] ^Kort<adj><sint><pst><mf><sg><ind>/Kort<adj><sint><pst><mf><sg><ind>$ ^tid<n><f><sg><ind>/tid<n><m><sg><ind>$ ^etter<pr>/etter<pr>$ ^oppdaging<n><f><sg><def>/oppdagelse<n><m><sg><def>/oppdaging<n><m><sg><def>$ ^bli<vblex><pret>/bli<vblex><pret>$ ^område<n><nt><sg><def>/område<n><nt><sg><def>$ ^ta# i bruk<vblex><pp>/ta# i bruk<vblex><pp>$ ^av<pr>/av<pr>$ ^*européarar/*européarar$ ^med<pr>/med<pr>$ ^ymis<adj><pst><un><sp><def>/ymse<adj><pst><un><sp><def>$ ^formål<n><nt><sg><ind>/formål<n><nt><sg><ind>$^.<sent><clb>/.<sent><clb>$
[/TGCaEPblI1GZ]
[Z5U1xnppJ98C#0] ^Namn<n><nt><sg><def>/Navn<n><nt><sg><def>$ ^ha<vblex><pres>/ha<vblex><pres>/inneha<vblex><pres>$ ^*gamaleuropeisk/*gamaleuropeisk$ ^opphav<n><nt><sg><ind>/opprinnelse<n><m><sg><ind>$ ^(<lpar>/(<lpar>$^'<apos>/'<apos>$^'<apos>/'<apos>$^*karra/*karra$^'<apos>/'<apos>$^'<apos>/'<apos>$ ^-<guio>/-<guio>$ ^stein<n><m><sg><ind>/sten<n><m><sg><ind>/stein<n><m><sg><ind>$^)<rpar>/)<rpar>$ ^og<cnjcoo>/og<cnjcoo>$ ^i<pr>/i<pr>$ ^antikk<n><m><sg><def>/antikk<n><m><sg><def>$ ^bli<vblex><pret>/bli<vblex><pret>$ ^den<prn><pers><p3><nt><sg><nom>/den<prn><pers><p3><nt><sg><nom>$ ^kalle<adj><pp><nt><sg><ind>/kalle<adj><pp><nt><sg><ind>$ ^'<apos>/'<apos>$^'<apos>/'<apos>$^Carusardius'<np><guess><gen>/Carusardius'<np><guess><gen>$^'<apos>/'<apos>$ ^på<pr>/på<pr>$ ^latin<n><nt><sp>/latin<n><nt><sp>$^.<sent><clb>/.<sent><clb>$
[/Z5U1xnppJ98C]
[ZAgDc3RFa3LR#0] ^Den<prn><pers><p3><nt><sg><nom>/Den<prn><pers><p3><nt><sg><nom>$ ^som<cnjsub>/som<cnjsub>$ ^eventuelt<n><mf><sp>/eventuelt<n><mf><sp>$ ^kunne<vblex><pres>/kunne<vblex><pres>$ ^øydelegge<vblex><inf>/ødelegge<vblex><inf>$ ^for<pr>/for<pr>$ ^rekord<n><m><sg><ind><cmp>/rekord<n><m><sg><ind><cmp>$ ^sesong<n><m><sg><def>/sesong<n><m><sg><def>$^,<cm><clb>/,<cm><clb>$ ^vere<vblex><pres>/være<vblex><pres>$ ^om<pr>/om<pr>$ ^rest<n><m><sg><def>/rest<n><m><sg><def>$ ^av<pr>/av<pr>$ ^sommar<n><m><sg><def>/sommer<n><m><sg><def>$ ^skulle<vblex><pret>/skulle<vblex><pret>$ ^bli<vblex><inf>/bli<vblex><inf>$ ^spesielt<adv>/spesielt<adv>$ ^våt<adj><sint><pst><mf><sg><ind>/våt<adj><sint><pst><mf><sg><ind>$ ^og<cnjcoo>/og<cnjcoo>$ ^kald<adj><sint><pst><mf><sg><ind>/kald<adj><sint><pst><mf><sg><ind>$^.<sent><clb>/.<sent><clb>$
[/ZAgDc3RFa3LR]
[dTxSA_WS52ms#0] ^Derfor<adv>/Derfor<adv>$ ^vilje<vblex><pres>/ville<vblex><pres>$ ^kraftig<adj><sint><comp><un><sp>/kraftig<adj><sint><comp><un><sp>$ ^luftstraum<n><m><pl><ind>/luftstrøm<n><m><pl><ind>$ ^(<lpar>/(<lpar>$^kraftig<adj><sint><comp><un><sp>/kraftig<adj><sint><comp><un><sp>$ ^torevêr<n><nt><pl><ind>/torevær<n><nt><pl><ind>/tordenvær<n><nt><pl><ind>$^)<rpar>/)<rpar>$ ^føre# til<vblex><inf>/bevirke<vblex><inf>/foranledige<vblex><inf>$ ^stor<adj><sint><comp><un><sp>/stor<adj><sint><comp><un><sp>$ ^hagl<n><nt><sg><ind>/hagl<n><nt><sg><ind>$^.<sent><clb>/.<sent><clb>$
[/dTxSA_WS52ms]
[f4pGljxdKnLq#0] ^Berre<cnjsub>/Bare<cnjsub>$ ^16<det><qnt><un><pl>/16<det><qnt><un><pl>$ ^prosent<n><m><pl><ind>/prosent<n><m><pl><ind>$ ^tvihalde<vblex><pres>/tviholde<vblex><pres>$ ^på<pr>/på<pr>$ ^rett<n><m><sg><def>/rett<n><m><sg><def>$ ^til<pr>/til<pr>$ ^å<part>/å<part>$ ^skyte<vblex><inf>/skyte<vblex><inf>$ ^opp<pr>/opp<pr>$ ^eigen<det><emph><un><pl>/egen<det><emph><un><pl>$ ^rakett<n><m><pl><ind>/rakett<n><m><pl><ind>$^.<sent><clb>/.<sent><clb>$
[/f4pGljxdKnLq]
[fz9DiXESky0-#0] ^Punkt<n><nt><sg><def>/Punkt<n><nt><sg><def>$ ^kor<adv>/hvor<adv>$ ^ein<det><qnt><f><sg>/en<det><qnt><m><sg>$ ^bombe<n><f><sg><ind>/bombe<n><m><sg><ind>$ ^eller<cnjcoo>/eller<cnjcoo>$ ^ein<det><qnt><m><sg>/en<det><qnt><m><sg>$ ^meteoritt<n><m><sg><ind>/meteoritt<n><m><sg><ind>$ ^eksplodere<vblex><pres>/eksplodere<vblex><pres>$ ^i<pr>/i<pr>$ ^luft<n><f><sg><def>/luft<n><m><sg><def>$^,<cm>/,<cm>$ ^under<pr>/under<pr>$ ^jordoverflate<n><f><sg><def>/jordoverflate<n><m><sg><def>$ ^eller<cnjcoo><clb>/eller<cnjcoo><clb>$ ^på<pr>/på<pr>$ ^*havoverflata/*havoverflata$ ^bli<vblex><pres>/bli<vblex><pres>$ ^av og til<adv>/av og til<adv>$ ^*kalt/*kalt$ ^'<apos>/'<apos>$^'<apos>/'<apos>$^hyposenter<n><nt><sg><ind>/hyposenter<n><nt><sg><ind>$^'<apos>/'<apos>$^'<apos>/'<apos>$^,<cm>/,<cm>$ ^noko<det><qnt><nt><sg>/noe<det><qnt><nt><sg>$ ^som<pr>/som<pr>$ ^språkleg<adj><pst><nt><sg><ind>/språklig<adj><pst><nt><sg><ind>$ ^sjå<vblex><pp>/se<vblex><pp>$ ^vere<vblex><pres>/være<vblex><pres>$ ^feil<adj><pst><nt><sg><ind>/feil<adj><pst><nt><sg><ind>$ ^ordbruk<n><nt><sg><ind>/ordbruk<n><nt><sg><ind>$^.<sent><clb>/.<sent><clb>$
[/fz9DiXESky0-]
[hSMK9YJ7dl2g#0] ^*Tissot/*Tissot$ ^kjempe<vblex><pret>/kjempe<vblex><pret>$ ^i<pr>/i<pr>$ ^den<det><dem><m><sg>/den<det><dem><m><sg>$ ^fransk<n><m><sg><ind><cmp><guio>/fransk<n><m><sg><ind><cmp><guio>$ ^prøyssisk<adj><pst><un><sp><def>/prøyssisk<adj><pst><un><sp><def>/preussisk<adj><pst><un><sp><def>$ ^krig<n><m><sg><def>/krig<n><m><sg><def>$^.<sent><clb>/.<sent><clb>$
[/hSMK9YJ7dl2g]
[jNXSOIHhUCzf#0] ^–<guio><clb>/–<guio><clb>$  ^Unaturleg<adj><pst><un><pl><ind>/Unaturlig<adj><pst><un><pl><ind>$ ^dødsfall<n><nt><pl><ind>/dødsfall<n><nt><pl><ind>$ ^og<cnjcoo>/og<cnjcoo>$ ^den<prn><pers><p3><nt><sg><acc>/den<prn><pers><p3><nt><sg><acc>$ ^som<cnjsub>/som<cnjsub>$ ^vi<prn><pers><p1><un><pl><nom>/vi<prn><pers><p1><un><pl><nom>$ ^kunne<vblex><pres>/kunne<vblex><pres>$ ^førebygge<vblex><inf>/forebygge<vblex><inf>$ ^vere<vblex><pres>/være<vblex><pres>$ ^alvorleg<adv>/alvorlig<adv>$^,<cm>/,<cm>$ ^og<cnjcoo><clb>/og<cnjcoo><clb>$ ^den<prn><pers><p3><nt><sg><acc>/den<prn><pers><p3><nt><sg><acc>$ ^måtte<vblex><pres>/måtte<vblex><pres>$ ^vi<prn><pers><p1><un><pl><nom>/vi<prn><pers><p1><un><pl><nom>$ ^gjere<vblex><inf>/gjøre<vblex><inf>/treffe<vblex><inf>$ ^noko<det><qnt><nt><sg>/noe<det><qnt><nt><sg>$ ^med<pr>/med<pr>$^.<sent><clb>/.<sent><clb>$
[/jNXSOIHhUCzf]
[nptBoNjAQLlw#0] ^Den<prn><pers><p3><mf><sg><nom>/Den<prn><pers><p3><mf><sg><nom>$ ^bli<vblex><pret>/bli<vblex><pret>$ ^oppdage<adj><pp><mf><sg><ind>/oppdage<adj><pp><mf><sg><ind>$ ^av<pr>/av<pr>$ ^Karl<np><ant><m>/Karl<np><ant><m>$ ^Theodor<np><ant><m>/Theodor<np><ant><m>$ ^Robert<np><ant><m>/Robert<np><ant><m>$ ^Luther<np><cog>/Luther<np><cog>$ ^den<det><dem><m><sg>/den<det><dem><m><sg>$ ^5.<adj><ord><pst><un><sp><def>/5.<adj><ord><pst><un><sp><def>$
[/nptBoNjAQLlw]
[oGzGo8ACBeTw#0] ^Han<prn><pers><p3><m><sg><nom>/Han<prn><pers><p3><m><sg><nom>$ ^ha<vblex><pret>/ha<vblex><pret>/inneha<vblex><pret>$ ^ein<det><qnt><nt><sg>/en<det><qnt><nt><sg>$ ^28<det><qnt><un><pl>/28<det><qnt><un><pl>$ ^meter<n><m><pl><ind>/meter<n><m><pl><ind>$ ^lang<adj><sint><pst><nt><sg><ind>/lang<adj><sint><pst><nt><sg><ind>$ ^løp<n><nt><sg><ind>/løp<n><nt><sg><ind>$ ^med<pr>/med<pr>$ ^kaliber<n><nt><sg><ind>/kaliber<n><nt><sg><ind>$ ^på<pr>/på<pr>$ ^rundt<pr>/rundt<pr>$ ^210<det><qnt><un><pl>/210<det><qnt><un><pl>$ ^mm.<n><acr>/mm.<n><acr>$
[/oGzGo8ACBeTw]
[p9ur-i3qr3_6#0] ^Part<n><m><pl><def>/Part<n><m><pl><def>$ ^ønske<vblex><pres>/ønske<vblex><pres>/tilstrebe<vblex><pres>$ ^ikkje<adv>/ikke<adv>$ ^å<part>/å<part>$ ^gå<vblex><inf>/gå<vblex><inf>/løpe<vblex><inf>$ ^ut<pr>/ut<pr>$ ^med<cnjsub>/mens<cnjsub>$ ^kor mykje<adv>/hvor mye<adv>$ ^Hansa Borg<np><org>/Hansa Borg<np><org>$ ^betale<vblex><pres>/betale<vblex><pres>$ ^for<pr>/for<pr>$ ^aksje<n><m><pl><def>/aksje<n><m><pl><def>$^.<sent><clb>/.<sent><clb>$
[/p9ur-i3qr3_6]
[pLsLtqCjP5vI#0] ^By<n><m><sg><def>/By<n><m><sg><def>$ ^bli<vblex><pret>/bli<vblex><pret>$ ^grunnlegge<vblex><pp>/grunnlegge<vblex><pp>$ ^i<pr>/i<pr>$ ^1903<det><qnt><un><pl>/1903<det><qnt><un><pl>$ ^og<cnjcoo><clb>/og<cnjcoo><clb>$ ^vere<vblex><pret>/være<vblex><pret>$ ^hovudstad<n><m><sg><ind>/hovedstad<n><m><sg><ind>$ ^i<pr>/i<pr>$ ^den<det><dem><m><sg>/den<det><dem><m><sg>$ ^fransk<adj><pst><un><sp><def>/fransk<adj><pst><un><sp><def>$ ^koloni<n><m><sg><def>/koloni<n><m><sg><def>$ ^*Côte/*Côte$ ^dalphabet<n><m><sg><ind>/dalphabet<n><m><sg><ind>$^'<apos>/'<apos>$^*Ivoire/*Ivoire$ ^i<pr>/i<pr>$ ^periode<n><m><sg><def>/periode<n><m><sg><def>$ ^frå<pr>/fra<pr>$ ^1934<det><qnt><un><pl>/1934<det><qnt><un><pl>$ ^til<pr>/til<pr>$ ^1960.<adj><ord><pst><un><sp><def>/1960.<adj><ord><pst><un><sp><def>$
[/pLsLtqCjP5vI]
[q3-E_5xfkwZQ#0] ^No<adv>/Nå<adv>$ ^gje<vblex><pres>/gi<vblex><pres>/avgi<vblex><pres>$ ^han<prn><pers><p3><m><sg><nom>/han<prn><pers><p3><m><sg><nom>$ ^seg<prn><ref><p3><un><sp><acc>/seg<prn><ref><p3><un><sp><acc>$ ^92 år gammal<adj><sint><pst><mf><sg><ind>/92 år gammel<adj><sint><pst><mf><sg><ind>$^.<sent><clb>/.<sent><clb>$
[/q3-E_5xfkwZQ]
[uLj6VKw9W17D#0] ^Plassering<n><f><sg><def>/Anbringelse<n><m><sg><def>/Plassering<n><m><sg><def>$ ^til<pr>/til<pr>$ ^Catania<np><top>/Catania<np><top>$ ^ved<pr>/ved<pr>$ ^fot<n><m><sg><def>/fot<n><m><sg><def>$ ^av<pr>/av<pr>$ ^Etna<np><top>/Etna<np><top>$ ^vere<vblex><pret>/være<vblex><pret>$ ^i følge<pr>/i følge<pr>$ ^*Strabius/*Strabius$ ^både<cnjcoo>/både<cnjcoo>$ ^ein<det><qnt><m><sg>/en<det><qnt><m><sg>$ ^stor<adj><sint><pst><mf><sg><ind>/stor<adj><sint><pst><mf><sg><ind>$ ^fordel<n><m><sg><ind>/fordel<n><m><sg><ind>$ ^og<cnjcoo>/og<cnjcoo>$ ^ein<det><qnt><m><sg>/en<det><qnt><m><sg>$ ^stor<adj><sint><pst><mf><sg><ind>/stor<adj><sint><pst><mf><sg><ind>$ ^bakdel<n><m><sg><ind>/bakdel<n><m><sg><ind>$^.<sent><clb>/.<sent><clb>$
[/uLj6VKw9W17D]
[vA8IChS9WQf1#0] ^Men<cnjcoo><clb>/Men<cnjcoo><clb>$ ^kongsgard<n><m><sg><def>/kongsgard<n><m><sg><def>$ ^vere<vblex><pret>/være<vblex><pret>$ ^framleis<adv>/fortsatt<adv>/fremdeles<adv>$ ^den<det><dem><nt><sg>/den<det><dem><nt><sg>$ ^politisk<adj><pst><nt><sg><ind>/politisk<adj><pst><nt><sg><ind>$ ^og<cnjcoo>/og<cnjcoo>$ ^administrativ<adj><pst><un><sp><def>/administrativ<adj><pst><un><sp><def>$ ^sentrum<n><nt><sg><def>/sentrum<n><nt><sg><def>$ ^for<pr>/for<pr>$ ^Vestlandet<np><top><nt>/Vestlandet<np><top><nt>$ ^og<cnjcoo>/og<cnjcoo>$ ^Nord-Noreg<np><top>/Nord-Norge<np><top>$^.<sent><clb>/.<sent><clb>$
[/vA8IChS9WQf1]
[xGohqpKefCQn#0] ^I<pr>/I<pr>$ ^Noreg<np><top>/Norge<np><top>$ ^bli<vblex><pret>/bli<vblex><pret>$ ^dag<n><m><sg><def>/dag<n><m><sg><def>$ ^tradisjonell<adj><pst><nt><sg><ind>/tradisjonell<adj><pst><nt><sg><ind>$ ^kalle<adj><pp><mf><sg><ind>/kalle<adj><pp><mf><sg><ind>$ ^*torlaksmesse/*torlaksmesse$ ^eller<cnjcoo>/eller<cnjcoo>$ ^'<apos>/'<apos>$^'<apos>/'<apos>$^tolle<n><m><sg><ind><cmp>/tolle<n><m><sg><ind><cmp>$ ^messe<n><f><sg><ind>/messe<n><m><sg><ind>$^'<apos>/'<apos>$^'<apos>/'<apos>$^.<sent><clb>/.<sent><clb>$
[/xGohqpKefCQn]
[yFRaD9S5o40v#0] ^Seinare<adv>/Senere<adv>$ ^bli<vblex><pret>/bli<vblex><pret>$ ^denne<prn><dem><nt><sg><nom>/denne<prn><dem><nt><sg><nom>$ ^rekne<adj><pp><nt><sg><ind>/regne<adj><pp><nt><sg><ind>$ ^som<pr>/som<pr>$ ^funn<n><nt><sg><ind><cmp>/funn<n><nt><sg><ind><cmp>$ ^brønn<n><m><sg><ind>/brønn<n><m><sg><ind>$ ^for<adv>/for<adv>$ ^*Balderfeltet/*Balderfeltet$^.<sent><clb>/.<sent><clb>$
[/yFRaD9S5o40v]
[ybR3wzKUfuhH#0] ^Hest<n><m><sg><def>/Hest<n><m><sg><def>$ ^springe<vblex><pres>/springe<vblex><pres>/løpe<vblex><pres>$ ^like godt<adv>/like godt<adv>$ ^over<pr>/over<pr>$ ^vatn<n><nt><sg><ind>/vann<n><nt><sg><ind>$ ^som<pr>/som<pr>$ ^på<pr>/på<pr>$ ^landjord<n><f><sg><def>/landjord<n><m><sg><def>$ ^og<cnjcoo>/og<cnjcoo>$ ^i<pr>/i<pr>$ ^luft<n><f><sg><def>/luft<n><m><sg><def>$^.<sent><clb>/.<sent><clb>$
[/ybR3wzKUfuhH]
[ye5U3O3gRiP1#0] ^Den<prn><pers><p3><nt><sg><nom>/Den<prn><pers><p3><nt><sg><nom>$ ^bety<vblex><pres>/bety<vblex><pres>/tilsi<vblex><pres>$ ^1,15 milliardar<det><qnt><un><pl>/1,15 milliarder<det><qnt><un><pl>$ ^mykje<adj><sint><comp><un><sp>/mye<adj><sint><comp><un><sp>$ ^enn<pr>/enn<pr>$ ^i fjor<adv>/i fjor<adv>$^,<cm><clb>/,<cm><clb>$ ^skrive<vblex><pres>/skrive<vblex><pres>$ ^Nationen<np><org>/Nationen<np><org>$^.<sent><clb>/.<sent><clb>$
[/ye5U3O3gRiP1]
[z9L2UxItKoLA#0] ^Sjå<vblex><pret>/Se<vblex><pret>$ ^ho<prn><pers><p3><f><sg><nom>/hun<prn><pers><p3><f><sg><nom>$ ^ikkje<adv>/ikke<adv>$ ^ord<n><nt><pl><def>/ord<n><nt><pl><def>$^?<sent><clb>/?<sent><clb>$ ^Dei<prn><pers><p3><un><pl><nom>/De<prn><pers><p3><un><pl><nom>$ ^småete<vblex><pret>/småspise<vblex><pret>$ ^nyplante<adj><pp><mf><sg><ind>/nyplante<adj><pp><mf><sg><ind>$ ^hygge<n><f><sg><ind>/hygge<n><m><sg><ind>$^.<sent><clb>/.<sent><clb>$
[/z9L2UxItKoLA]
