[3rqBvhHpyho6#0] I USA har siden oktober 2004 vært en nasjonal datasikkerhetmåned, frontet av presidenten i landet.
[/3rqBvhHpyho6]
[4rpYn7PO0ei7#0] De er noen av de meste nyttige ligningene en har, fordi de skildrer fysikken i mange forskjellige fenomen av akademisk og økonomisk interesse.
[/4rpYn7PO0ei7]
[5ME85rZ5wfr1#0] Larvene er lange, tynne og hvite til gråaktige med mørket fargede munndeler.
[/5ME85rZ5wfr1]
[5vwAep-R9qLO#0] De blir benyttet for å skildre været, havstrømmer, vannstrøm i rørledninger, bevegelsene til stjerner i en galakse, og luftstrøm rundt en vinge.
[/5vwAep-R9qLO]
[6HA0Ee_eGbXj#0] Prisen ble utdelt under Nordisk råds prisutdeling i Stockholm onsdag kveld.
[/6HA0Ee_eGbXj]
[6c1ZRuvcFSWt#0] Da han døde gikk øyen til datteren Christina, og senere til hennes datter *Athina *Roussel.
[/6c1ZRuvcFSWt]
[9iFCay2zfDYL#0] Prislappen på dressene i gjenbruksbutikken har variert mellom 1000 og 4000 kroner, skriver NRK.
[/9iFCay2zfDYL]
[9iUMFeGlwhEX#0] Noen av de mindre røysene ble undersøkt i 1925 og viste seg å inneholde enkle branngraver.
[/9iUMFeGlwhEX]
[CfxXOmfbkwwr#0] Asteroiden roterer veldig sakte; *rotatasjonsperioden (døgeret) er på omtrent 3,3 jorddøger.
[/CfxXOmfbkwwr]
[Ddb1FZ6xQpKn#0] Denne åpnet i 1978, og gjorde linjen gjennom *Waihi overflødig, men linjen *Goldfields *Railway ble tatt vare på som en seks km lang *veterantogjarnveg mellom *Waihi og *Waikino.
[/Ddb1FZ6xQpKn]
[FUJykPkSrywH#0] *Fra #Envannet renner vannet ned til kraftstasjonen gjennom et 1800 meter langt *stålrør.
[/FUJykPkSrywH]
[FWmPpEUD_LBI#0] Arkitekturhistorikeren Erling Gjone oppgir at det var skikken i *Gudbrandsdal å legge en handbredde til mønehøyden på store hus og trekke fra en handbredde på små.
[/FWmPpEUD_LBI]
[GaEBlVg0xmVP#0] Alle de norske var blant de 11 første startende i rennet.
[/GaEBlVg0xmVP]
[IsHcw10R4wkE#0] Regnværet holder stender i alle fall til midten av neste uke.
[/IsHcw10R4wkE]
[LiGucBOCcrmf#0] Et par «kviledager», bare med tynt innslag av storslalåm for kvinner i verdenscupen, så blir det full fart fra lørdag 29. desember.
[/LiGucBOCcrmf]
[MMl2IDiHZvEs#0] Loven regner opp de ulike *regionstyra på New Zealand og kunngjøringene deres i The New Zealand *Gazette da de ble opprettet i 1989.
[/MMl2IDiHZvEs]
[ModkvxIYL9-6#0] Men hun må tåle å få kritikk for initiativet fra SOS Rasisme.
[/ModkvxIYL9-6]
[NORK4Hm4Df3_#0] Broen var på et tidspunkt den lengste i Norge.
[/NORK4Hm4Df3_]
[Nd3HCyOFb0gl#0] Hvilke farger som benyttes, og hvor mange beltegrader som finnes *varierar fra stilart til stilart.
[/Nd3HCyOFb0gl]
[Nml8dxOtM96i#0] *Benzelius ble utnevnt til *praepositus ved Lunds *kommunitet i 1719 og i 1720 til ekstraordinær professor ved det filosofiske fakultetet.
[/Nml8dxOtM96i]
[OThX_NNLW09k#0] Stammen er kort og tykk, og ham deler seg i gjentatte konkurrerende toppskudd.
[/OThX_NNLW09k]
[SVMsp78Ti5M9#0] Arbeiderpartiet faller 2,4 prosentpoeng i desembermålingen fra InFact.
[/SVMsp78Ti5M9]
[TGCaEPblI1GZ#0] Kort tid etter oppdagelsen ble området tatt i bruk av *européarar med ymse formål.
[/TGCaEPblI1GZ]
[Z5U1xnppJ98C#0] Navnet har *gamaleuropeisk opprinnelse (''*karra'' - sten) og i antikken ble det kalt ''Carusardius'' på latin.
[/Z5U1xnppJ98C]
[ZAgDc3RFa3LR#0] Det som eventuelt kan ødelegge for rekordsesongen, er om resten av sommeren skulle bli spesielt våt og kald.
[/ZAgDc3RFa3LR]
[dTxSA_WS52ms#0] Derfor vil kraftigere luftstrømmer (kraftigere tordenvær) bevirke større hagl.
[/dTxSA_WS52ms]
[f4pGljxdKnLq#0] Bare 16 prosent tviholder på retten til å skyte opp egne raketter.
[/f4pGljxdKnLq]
[fz9DiXESky0-#0] Punktet hvor en bombe eller en meteoritt eksploderer i luften, under jordoverflaten eller på *havoverflata blir av og til *kalt ''hyposenter'', noe som språklig sett er feil ordbruk.
[/fz9DiXESky0-]
[hSMK9YJ7dl2g#0] *Tissot kjempet i den fransk-prøyssiske krigen.
[/hSMK9YJ7dl2g]
[jNXSOIHhUCzf#0] –  Unaturlige dødsfall og det som vi kan forebygge er alvorlig, og det må vi gjøre noe med.
[/jNXSOIHhUCzf]
[nptBoNjAQLlw#0] Den ble oppdaget av Karl Theodor Robert Luther den 5.
[/nptBoNjAQLlw]
[oGzGo8ACBeTw#0] Han hadde et 28 meter langt løp med kaliber på rundt 210 mm.
[/oGzGo8ACBeTw]
[p9ur-i3qr3_6#0] Partene ønsker ikke å gå ut mens hvor mye Hansa Borg betaler for aksjene.
[/p9ur-i3qr3_6]
[pLsLtqCjP5vI#0] Byen ble grunnlagt i 1903 og var hovedstad i den franske kolonien *Côte d'*Ivoire i perioden fra 1934 til 1960.
[/pLsLtqCjP5vI]
[q3-E_5xfkwZQ#0] Nå gir han seg 92 år gammel.
[/q3-E_5xfkwZQ]
[uLj6VKw9W17D#0] Anbringelsen til Catania ved foten av Etna var i følge *Strabius både en stor fordel og en stor bakdel.
[/uLj6VKw9W17D]
[vA8IChS9WQf1#0] Men kongsgarden var fortsatt det politisk og administrative sentret for Vestlandet og Nord-Norge.
[/vA8IChS9WQf1]
[xGohqpKefCQn#0] I Norge ble dagen tradisjonelt kalt *torlaksmesse eller ''tollemesse''.
[/xGohqpKefCQn]
[yFRaD9S5o40v#0] Senere ble dette regnet som funnbrønn for *Balderfeltet.
[/yFRaD9S5o40v]
[ybR3wzKUfuhH#0] Hesten springer like godt over vann som på landjorden og i luften.
[/ybR3wzKUfuhH]
[ye5U3O3gRiP1#0] Det betyr 1,15 milliarder mer enn i fjor, skriver Nationen.
[/ye5U3O3gRiP1]
[z9L2UxItKoLA#0] Så hun ikke ordene? De småspiste nyplantet hygge.
[/z9L2UxItKoLA]
