[3rqBvhHpyho6#0] ^I<pr>$ ^USA<np><top>$ ^ha<vblex><pres>$ ^siden<pr>$ ^oktober<n><m><sg><ind>$ ^2004<det><qnt><un><pl>$ ^være<vblex><pp>$ ^en<det><qnt><m><sg>$ ^nasjonal<adj><pst><mf><sg><ind>$ ^datasikkerhet<n><m><sg><ind><cmp>$^måned<n><m><sg><ind>$^,<cm>$ ^fronte<adj><pp><mf><sg><ind>$ ^av<pr>$ ^president<n><m><sg><def>$ ^i<pr>$ ^land<n><nt><sg><def>$^.<sent><clb>$
[/3rqBvhHpyho6]
[4rpYn7PO0ei7#0] ^De<prn><pers><p3><un><pl><nom>$ ^være<vblex><pres>$ ^noe<prn><ind><un><pl><nom>$ ^av<pr>$ ^den<det><dem><un><pl>$ ^mye<adj><sint><sup><un><sp><def>$ ^nyttig<adj><sint><pst><un><sp><def>$ ^ligning<n><m><pl><def>$ ^man<prn><pers><p3><un><sg><acc>$ ^ha<vblex><pres>$^,<cm>$ ^fordi<cnjsub>$ ^de<prn><pers><p3><un><pl><nom>$ ^skildre<vblex><pres>$ ^fysikk<n><m><sg><def>$ ^i<pr>$ ^mange<adj><sint><pst><un><pl><ind>$ ^forskjellig<adj><sint><pst><un><pl><ind>$ ^fenomen<n><nt><pl><ind>$ ^av<pr>$ ^akademisk<adj><pst><mf><sg><ind>$ ^og<cnjcoo>$ ^økonomisk<adj><pst><mf><sg><ind>$ ^interesse<n><m><sg><ind>$^.<sent><clb>$
[/4rpYn7PO0ei7]
[5ME85rZ5wfr1#0] ^Larv<n><m><pl><def>$ ^være<vblex><pres>$ ^lang<adj><sint><pst><un><pl><ind>$^,<cm>$ ^tynn<adj><sint><pst><un><pl><ind>$ ^og<cnjcoo>$ ^hvit<adj><sint><pst><un><pl><ind>$ ^til<pr>$ ^gråaktig<adj><pst><un><sp><def>$ ^med<pr>$ ^mørke<adj><pp><mf><sg><ind>$ ^farget<adj><pst><un><pl><ind>$ ^munn<n><m><sg><ind><cmp>$^del<n><m><pl><ind>$^.<sent><clb>$
[/5ME85rZ5wfr1]
[5vwAep-R9qLO#0] ^De<prn><pers><p3><un><pl><nom>$ ^bli<vblex><pres>$ ^benytte<adj><pp><mf><sg><ind>$ ^for<pr>$ ^å<part>$ ^skildre<vblex><inf>$ ^vær<n><nt><sg><def>$^,<cm>$ ^havstrøm<n><m><pl><ind>$^,<cm>$ ^vannstrøm<n><m><sg><ind>$ ^i<pr>$ ^rørledning<n><m><pl><ind>$^,<cm>$ ^bevegelse<n><m><pl><def>$ ^til<pr>$ ^stjerne<n><m><pl><ind>$ ^i<pr>$ ^en<det><qnt><m><sg>$ ^galakse<n><m><sg><ind>$^,<cm>$ ^og<cnjcoo>$ ^luftstrøm<n><m><sg><ind>$ ^rundt<pr>$ ^en<det><qnt><m><sg>$ ^vinge<n><m><sg><ind>$^.<sent><clb>$
[/5vwAep-R9qLO]
[6HA0Ee_eGbXj#0] ^Pris<n><m><sg><def>$ ^bli<vblex><pret>$ ^utdele<adj><pp><mf><sg><ind>$ ^under<pr>$ ^Nordisk råd<np><org><gen>$ ^prisutdeling<n><m><sg><ind>$ ^i<pr>$ ^Stockholm<np><top>$ ^onsdag<n><m><sg><ind>$ ^kveld<n><m><sg><ind>$^.<sent><clb>$
[/6HA0Ee_eGbXj]
[6c1ZRuvcFSWt#0] ^Da<cnjsub>$ ^han<prn><pers><p3><m><sg><nom>$ ^dø<vblex><pret>$ ^gå<vblex><pret>$ ^øy<n><m><sg><def>$ ^til<pr>$ ^datter<n><m><sg><def>$ ^Christina<np><ant><f>$^,<cm>$ ^og<cnjcoo>$ ^sen<adj><sint><comp><un><sp>$ ^til<pr>$ ^hennes<det><pos><m><sg>$ ^datter<n><m><sg><ind>$ ^*Athina$ ^Roussel<np><cog>$^.<sent><clb>$
[/6c1ZRuvcFSWt]
[9iFCay2zfDYL#0] ^Prislapp<n><m><sg><def>$ ^på<pr>$ ^dress<n><m><pl><def>$ ^i<pr>$ ^gjenbruk<n><nt><sg><ind><cmp>$^butikk<n><m><sg><def>$ ^ha<vblex><pres>$ ^variere<vblex><pp>$ ^mellom<pr>$ ^1000<det><qnt><un><pl>$ ^og<cnjcoo>$ ^4000<det><qnt><un><pl>$ ^krone<n><m><pl><ind>$^,<cm><clb>$ ^skrive<vblex><pres>$ ^NRK<np><org>$^.<sent><clb>$
[/9iFCay2zfDYL]
[9iUMFeGlwhEX#0] ^Noe<prn><ind><un><pl><nom>$ ^av<pr>$ ^den<det><dem><un><pl>$ ^liten<adj><sint><comp><un><sp>$ ^røy<n><m><sg><ind><cmp>$^sene<n><m><sg><ind>$ ^bli<vblex><pret>$ ^undersøke<adj><pp><mf><sg><ind>$ ^i<pr>$ ^1925<det><qnt><un><pl>$ ^og<cnjcoo><clb>$ ^vise<vblex><pret># seg$ ^å<part>$ ^inneholde<vblex><inf>$ ^enkel<adj><sint><pst><un><pl><ind>$ ^brann<n><m><sg><ind><cmp>$^grav<n><m><pl><ind>$^.<sent><clb>$
[/9iUMFeGlwhEX]
[CfxXOmfbkwwr#0] ^Asteroide<n><m><sg><def>$ ^rotere<vblex><pres>$ ^veldig<adv>$ ^sakte<adj><sint><pst><nt><sg><ind>$^;<sent><clb>$ ^*rotatasjonsperioden$ ^(<lpar>$^døger<n><nt><sg><def>$^)<rpar>$ ^være<vblex><pres>$ ^på<pr>$ ^omtrent<adv>$ ^3,3<det><qnt><un><pl>$ ^jord<n><m><sg><ind><cmp>$^døger<n><nt><pl><ind>$^.<sent><clb>$
[/CfxXOmfbkwwr]
[Ddb1FZ6xQpKn#0] ^Denne<det><dem><m><sg>$ ^åpne<vblex><pret>$ ^i<pr>$ ^1978<det><qnt><un><pl>$^,<cm>$ ^og<cnjcoo><clb>$ ^gjøre<vblex><pret>$ ^linje<n><m><sg><def>$ ^gjennom<pr>$ ^*Waihi$ ^overflødig<adj><pst><nt><sg><ind>$^,<cm>$ ^men<cnjcoo><clb>$ ^linje<n><m><sg><def>$ ^*Goldfields$ ^*Railway$ ^bli<vblex><pret>$ ^ta<adj><pp><mf><sg><ind>$ ^vare<n><m><sg><ind>$ ^på<pr>$ ^som<pr>$ ^en<det><qnt><m><sg>$ ^seks<det><qnt><un><pl>$ ^km<n><nt><pl><ind>$ ^lang<adj><sint><pst><mf><sg><ind>$ ^*veterantogjarnveg$ ^mellom<pr>$ ^*Waihi$ ^og<cnjcoo>$ ^*Waikino$^.<sent><clb>$
[/Ddb1FZ6xQpKn]
[FUJykPkSrywH#0] ^*Fra$ ^En<n><m><sg><ind><cmp>$^vann<n><nt><sg><def>$ ^renne<vblex><pres>$ ^vann<n><nt><sg><def>$ ^ned<pr>$ ^til<pr>$ ^kraftstasjon<n><m><sg><def>$ ^gjennom<pr>$ ^en<det><qnt><nt><sg>$ ^1800<det><qnt><un><pl>$ ^meter<n><m><pl><ind>$ ^lang<adj><sint><pst><nt><sg><ind>$ ^*stålrør$^.<sent><clb>$
[/FUJykPkSrywH]
[FWmPpEUD_LBI#0] ^Arkitektur<n><m><sg><ind><cmp>$^historiker<n><m><sg><def>$ ^Erling<np><ant><m>$ ^Gjone<np><cog>$ ^oppgi<vblex><pres>$ ^at<cnjsub>$ ^den<prn><pers><p3><nt><sg><nom>$ ^være<vblex><pret>$ ^skikk<n><m><sg><def>$ ^i<pr>$ ^*Gudbrandsdal$ ^å<part>$ ^legge<vblex><inf>$ ^en<det><qnt><m><sg>$ ^hand<n><m><sg><ind><cmp>$^bredde<n><m><sg><ind>$ ^til<pr>$ ^møne<n><nt><sg><ind><cmp>$^høyd<n><m><sg><def>$ ^på<pr>$ ^stor<adj><sint><pst><un><pl><ind>$ ^hus<n><nt><pl><ind>$ ^og<cnjcoo>$ ^trekke<vblex><inf># fra$ ^en<det><qnt><m><sg>$ ^hand<n><m><sg><ind><cmp>$^bredde<n><m><sg><ind>$ ^på<pr>$ ^liten<adj><sint><pst><un><pl><ind>$^.<sent><clb>$
[/FWmPpEUD_LBI]
[GaEBlVg0xmVP#0] ^All<det><qnt><un><pl>$ ^den<det><dem><un><pl>$ ^norsk<adj><sint><pst><un><pl><ind>$ ^være<vblex><pret>$ ^blant<pr>$ ^den<det><dem><un><pl>$ ^11<det><qnt><un><pl>$ ^første<adj><ord><pst><un><pl><ind>$ ^startende<adj><pst><nt><sg><ind>$ ^i<pr>$ ^renn<n><nt><sg><def>$^.<sent><clb>$
[/GaEBlVg0xmVP]
[IsHcw10R4wkE#0] ^Regnvær<n><nt><sg><def>$ ^holde<vblex><pres>$ ^stand<n><m><pl><ind>$ ^i alle fall<adv>$ ^til<pr>$ ^midt<n><m><sg><def>$ ^av<pr>$ ^neste<det><dem><m><sp><def>$ ^uke<n><m><sg><ind>$^.<sent><clb>$
[/IsHcw10R4wkE]
[LiGucBOCcrmf#0] ^En<det><qnt><nt><sg>$ ^par<n><nt><sg><ind>$ ^«<lquot>$^kviledag<n><m><pl><ind>$^»<rquot>$^,<cm>$ ^bare<adv>$ ^med<pr>$ ^tynn<adj><sint><pst><nt><sg><ind>$ ^innslag<n><nt><sg><ind>$ ^av<pr>$ ^storslalåm<n><m><sg><ind>$ ^for<pr>$ ^kvinne<n><m><pl><ind>$ ^i<pr>$ ^verdenscup<n><m><sg><def>$^,<cm>$ ^så<adv>$ ^bli<vblex><pres>$ ^den<prn><pers><p3><nt><sg><nom>$ ^full<adv>$ ^fart<n><m><sg><ind>$ ^fra<pr>$ ^lørdag<n><m><sg><ind>$ ^29.<adj><ord><pst><un><sp><def>$ ^desember<n><m><sg><ind>$^.<sent><clb>$
[/LiGucBOCcrmf]
[MMl2IDiHZvEs#0] ^Lov<n><m><sg><def>$ ^regne<vblex><pres>$ ^opp<pr>$ ^den<det><dem><un><pl>$ ^ulik<adj><pst><un><pl><ind>$ ^*regionstyra$ ^på<pr>$ ^New Zealand<np><top>$ ^og<cnjcoo>$ ^kunngjøring<n><m><pl><def>$ ^deres¹<det><pos><un><pl>$ ^i<pr>$ ^The<np><cog>$ ^New Zealand<np><top>$ ^*Gazette$ ^da<cnjsub>$ ^de<prn><pers><p3><un><pl><nom>$ ^bli<vblex><pret>$ ^opprette<adj><pp><mf><sg><ind>$ ^i<pr>$ ^1989.<adj><ord><pst><un><sp><def>$
[/MMl2IDiHZvEs]
[ModkvxIYL9-6#0] ^Men<cnjcoo><clb>$ ^hun<prn><pers><p3><f><sg><nom>$ ^måtte<vblex><pres>$ ^tåle<vblex><inf>$ ^å<part>$ ^få<vblex><inf>$ ^kritikk<n><m><sg><ind>$ ^for<pr>$ ^initiativ<n><nt><sg><def>$ ^fra<pr>$ ^SO<np><cog><gen>$ ^Rasisme<n><m><sg><ind>$^.<sent><clb>$
[/ModkvxIYL9-6]
[NORK4Hm4Df3_#0] ^Bro<n><m><sg><def>$ ^være<vblex><pret>$ ^på<pr>$ ^en<det><qnt><nt><sg>$ ^tidspunkt<n><nt><sg><ind>$ ^den<det><dem><m><sg>$ ^lang<adj><sint><sup><un><sp><def>$ ^i<pr>$ ^Norge<np><top>$^.<sent><clb>$
[/NORK4Hm4Df3_]
[Nd3HCyOFb0gl#0] ^Hvilken<det><itg><un><pl>$ ^farge<vblex><pres>$ ^som<pr>$ ^benytte<vblex><inf><pasv>$^,<cm>$ ^og<cnjcoo>$ ^hvor mange<det><qnt><un><pl>$ ^belte<n><nt><sg><ind><cmp>$^grad<n><m><pl><ind>$ ^som<cnjsub>$ ^finnes<vblex><pstv><pres>$ ^*varierar$ ^fra<pr>$ ^stilart<n><m><sg><ind>$ ^til<pr>$ ^stilart<n><m><sg><ind>$^.<sent><clb>$
[/Nd3HCyOFb0gl]
[Nml8dxOtM96i#0] ^*Benzelius$ ^bli<vblex><pret>$ ^utnevne<adj><pp><nt><sg><ind>$ ^til<pr>$ ^*praepositus$ ^ved<pr>$ ^Lund<n><m><sg><ind><gen>$ ^*kommunitet$ ^i<pr>$ ^1719<det><qnt><un><pl>$ ^og<cnjcoo>$ ^i<pr>$ ^1720<det><qnt><un><pl>$ ^til<pr>$ ^ekstraordinær<adj><pst><mf><sg><ind>$ ^professor<n><m><sg><ind>$ ^ved<pr>$ ^den<det><dem><nt><sg>$ ^filosofisk<adj><pst><un><sp><def>$ ^fakultet<n><nt><sg><def>$^.<sent><clb>$
[/Nml8dxOtM96i]
[OThX_NNLW09k#0] ^Stam<n><m><sg><def>$ ^være<vblex><pres>$ ^kort<adj><sint><pst><mf><sg><ind>$ ^og<cnjcoo>$ ^tykk<adj><sint><pst><mf><sg><ind>$^,<cm>$ ^og<cnjcoo>$ ^han<prn><pers><p3><m><sg><acc>$ ^del<n><m><pl><ind>$ ^seg<prn><ref><p3><un><sp><acc>$ ^i<pr>$ ^gjentatt<adj><pst><un><sp><def>$ ^konkurrere<adj><pprs>$ ^topp<n><m><sg><ind><cmp>$^skudd<n><nt><pl><ind>$^.<sent><clb>$
[/OThX_NNLW09k]
[SVMsp78Ti5M9#0] ^Arbeiderparti<n><nt><sg><def>$ ^falle<vblex><pres>$ ^2,4<det><qnt><un><pl>$ ^prosentpoeng<n><nt><pl><ind>$ ^i<pr>$ ^desember<n><m><sg><ind><cmp>$^måling<n><m><sg><def>$ ^fra<pr>$ ^InFact<np><org>$^.<sent><clb>$
[/SVMsp78Ti5M9]
[TGCaEPblI1GZ#0] ^Kort<adj><sint><pst><mf><sg><ind>$ ^tid<n><m><sg><ind>$ ^etter<pr>$ ^oppdagelse<n><m><sg><def>$ ^bli<vblex><pret>$ ^område<n><nt><sg><def>$ ^ta<vblex><pp># i bruk$ ^av<pr>$ ^*européarar$ ^med<pr>$ ^ymse<adj><pst><un><sp><def>$ ^formål<n><nt><sg><ind>$^.<sent><clb>$
[/TGCaEPblI1GZ]
[Z5U1xnppJ98C#0] ^Navn<n><nt><sg><def>$ ^ha<vblex><pres>$ ^*gamaleuropeisk$ ^opprinnelse<n><m><sg><ind>$ ^(<lpar>$^'<apos>$^'<apos>$^*karra$^'<apos>$^'<apos>$ ^-<guio>$ ^sten<n><m><sg><ind>$^)<rpar>$ ^og<cnjcoo>$ ^i<pr>$ ^antikk<n><m><sg><def>$ ^bli<vblex><pret>$ ^den<prn><pers><p3><nt><sg><nom>$ ^kalle<adj><pp><nt><sg><ind>$ ^'<apos>$^'<apos>$^Carusardius'<np><guess><gen>$^'<apos>$ ^på<pr>$ ^latin<n><nt><sp>$^.<sent><clb>$
[/Z5U1xnppJ98C]
[ZAgDc3RFa3LR#0] ^Den<prn><pers><p3><nt><sg><nom>$ ^som<cnjsub>$ ^eventuelt<n><mf><sp>$ ^kunne<vblex><pres>$ ^ødelegge<vblex><inf>$ ^for<pr>$ ^rekord<n><m><sg><ind><cmp>$^sesong<n><m><sg><def>$^,<cm><clb>$ ^være<vblex><pres>$ ^om<pr>$ ^rest<n><m><sg><def>$ ^av<pr>$ ^sommer<n><m><sg><def>$ ^skulle<vblex><pret>$ ^bli<vblex><inf>$ ^spesielt<adv>$ ^våt<adj><sint><pst><mf><sg><ind>$ ^og<cnjcoo>$ ^kald<adj><sint><pst><mf><sg><ind>$^.<sent><clb>$
[/ZAgDc3RFa3LR]
[dTxSA_WS52ms#0] ^Derfor<adv>$ ^ville<vblex><pres>$ ^kraftig<adj><sint><comp><un><sp>$ ^luftstrøm<n><m><pl><ind>$ ^(<lpar>$^kraftig<adj><sint><comp><un><sp>$ ^torevær<n><nt><pl><ind>$^)<rpar>$ ^bevirke<vblex><inf>$ ^stor<adj><sint><comp><un><sp>$ ^hagl<n><nt><sg><ind>$^.<sent><clb>$
[/dTxSA_WS52ms]
[f4pGljxdKnLq#0] ^Bare<cnjsub>$ ^16<det><qnt><un><pl>$ ^prosent<n><m><pl><ind>$ ^tviholde<vblex><pres>$ ^på<pr>$ ^rett<n><m><sg><def>$ ^til<pr>$ ^å<part>$ ^skyte<vblex><inf>$ ^opp<pr>$ ^egen<det><emph><un><pl>$ ^rakett<n><m><pl><ind>$^.<sent><clb>$
[/f4pGljxdKnLq]
[fz9DiXESky0-#0] ^Punkt<n><nt><sg><def>$ ^hvor<adv>$ ^en<det><qnt><m><sg>$ ^bombe<n><m><sg><ind>$ ^eller<cnjcoo>$ ^en<det><qnt><m><sg>$ ^meteoritt<n><m><sg><ind>$ ^eksplodere<vblex><pres>$ ^i<pr>$ ^luft<n><m><sg><def>$^,<cm>$ ^under<pr>$ ^jordoverflate<n><m><sg><def>$ ^eller<cnjcoo><clb>$ ^på<pr>$ ^*havoverflata$ ^bli<vblex><pres>$ ^av og til<adv>$ ^*kalt$ ^'<apos>$^'<apos>$^hyposenter<n><nt><sg><ind>$^'<apos>$^'<apos>$^,<cm>$ ^noe<det><qnt><nt><sg>$ ^som<pr>$ ^språklig<adj><pst><nt><sg><ind>$ ^se<vblex><pp>$ ^være<vblex><pres>$ ^feil<adj><pst><nt><sg><ind>$ ^ordbruk<n><nt><sg><ind>$^.<sent><clb>$
[/fz9DiXESky0-]
[hSMK9YJ7dl2g#0] ^*Tissot$ ^kjempe<vblex><pret>$ ^i<pr>$ ^den<det><dem><m><sg>$ ^fransk<n><m><sg><ind><cmp><guio>$^prøyssisk<adj><pst><un><sp><def>$ ^krig<n><m><sg><def>$^.<sent><clb>$
[/hSMK9YJ7dl2g]
[jNXSOIHhUCzf#0] ^–<guio><clb>$  ^Unaturlig<adj><pst><un><pl><ind>$ ^dødsfall<n><nt><pl><ind>$ ^og<cnjcoo>$ ^den<prn><pers><p3><nt><sg><acc>$ ^som<cnjsub>$ ^vi<prn><pers><p1><un><pl><nom>$ ^kunne<vblex><pres>$ ^forebygge<vblex><inf>$ ^være<vblex><pres>$ ^alvorlig<adv>$^,<cm>$ ^og<cnjcoo><clb>$ ^den<prn><pers><p3><nt><sg><acc>$ ^måtte<vblex><pres>$ ^vi<prn><pers><p1><un><pl><nom>$ ^gjøre<vblex><inf>$ ^noe<det><qnt><nt><sg>$ ^med<pr>$^.<sent><clb>$
[/jNXSOIHhUCzf]
[nptBoNjAQLlw#0] ^Den<prn><pers><p3><mf><sg><nom>$ ^bli<vblex><pret>$ ^oppdage<adj><pp><mf><sg><ind>$ ^av<pr>$ ^Karl<np><ant><m>$ ^Theodor<np><ant><m>$ ^Robert<np><ant><m>$ ^Luther<np><cog>$ ^den<det><dem><m><sg>$ ^5.<adj><ord><pst><un><sp><def>$
[/nptBoNjAQLlw]
[oGzGo8ACBeTw#0] ^Han<prn><pers><p3><m><sg><nom>$ ^ha<vblex><pret>$ ^en<det><qnt><nt><sg>$ ^28<det><qnt><un><pl>$ ^meter<n><m><pl><ind>$ ^lang<adj><sint><pst><nt><sg><ind>$ ^løp<n><nt><sg><ind>$ ^med<pr>$ ^kaliber<n><nt><sg><ind>$ ^på<pr>$ ^rundt<pr>$ ^210<det><qnt><un><pl>$ ^mm.<n><acr>$
[/oGzGo8ACBeTw]
[p9ur-i3qr3_6#0] ^Part<n><m><pl><def>$ ^ønske<vblex><pres>$ ^ikke<adv>$ ^å<part>$ ^gå<vblex><inf>$ ^ut<pr>$ ^mens<cnjsub>$ ^hvor mye<adv>$ ^Hansa Borg<np><org>$ ^betale<vblex><pres>$ ^for<pr>$ ^aksje<n><m><pl><def>$^.<sent><clb>$
[/p9ur-i3qr3_6]
[pLsLtqCjP5vI#0] ^By<n><m><sg><def>$ ^bli<vblex><pret>$ ^grunnlegge<vblex><pp>$ ^i<pr>$ ^1903<det><qnt><un><pl>$ ^og<cnjcoo><clb>$ ^være<vblex><pret>$ ^hovedstad<n><m><sg><ind>$ ^i<pr>$ ^den<det><dem><m><sg>$ ^fransk<adj><pst><un><sp><def>$ ^koloni<n><m><sg><def>$ ^*Côte$ ^dalphabet<n><m><sg><ind>$^'<apos>$^*Ivoire$ ^i<pr>$ ^periode<n><m><sg><def>$ ^fra<pr>$ ^1934<det><qnt><un><pl>$ ^til<pr>$ ^1960.<adj><ord><pst><un><sp><def>$
[/pLsLtqCjP5vI]
[q3-E_5xfkwZQ#0] ^Nå<adv>$ ^gi<vblex><pres>$ ^han<prn><pers><p3><m><sg><nom>$ ^seg<prn><ref><p3><un><sp><acc>$ ^92 år gammel<adj><sint><pst><mf><sg><ind>$^.<sent><clb>$
[/q3-E_5xfkwZQ]
[uLj6VKw9W17D#0] ^Anbringelse<n><m><sg><def>$ ^til<pr>$ ^Catania<np><top>$ ^ved<pr>$ ^fot<n><m><sg><def>$ ^av<pr>$ ^Etna<np><top>$ ^være<vblex><pret>$ ^i følge<pr>$ ^*Strabius$ ^både<cnjcoo>$ ^en<det><qnt><m><sg>$ ^stor<adj><sint><pst><mf><sg><ind>$ ^fordel<n><m><sg><ind>$ ^og<cnjcoo>$ ^en<det><qnt><m><sg>$ ^stor<adj><sint><pst><mf><sg><ind>$ ^bakdel<n><m><sg><ind>$^.<sent><clb>$
[/uLj6VKw9W17D]
[vA8IChS9WQf1#0] ^Men<cnjcoo><clb>$ ^kongsgard<n><m><sg><def>$ ^være<vblex><pret>$ ^fortsatt<adv>$ ^den<det><dem><nt><sg>$ ^politisk<adj><pst><nt><sg><ind>$ ^og<cnjcoo>$ ^administrativ<adj><pst><un><sp><def>$ ^sentrum<n><nt><sg><def>$ ^for<pr>$ ^Vestlandet<np><top><nt>$ ^og<cnjcoo>$ ^Nord-Norge<np><top>$^.<sent><clb>$
[/vA8IChS9WQf1]
[xGohqpKefCQn#0] ^I<pr>$ ^Norge<np><top>$ ^bli<vblex><pret>$ ^dag<n><m><sg><def>$ ^tradisjonell<adj><pst><nt><sg><ind>$ ^kalle<adj><pp><mf><sg><ind>$ ^*torlaksmesse$ ^eller<cnjcoo>$ ^'<apos>$^'<apos>$^tolle<n><m><sg><ind><cmp>$^messe<n><m><sg><ind>$^'<apos>$^'<apos>$^.<sent><clb>$
[/xGohqpKefCQn]
[yFRaD9S5o40v#0] ^Senere<adv>$ ^bli<vblex><pret>$ ^denne<prn><dem><nt><sg><nom>$ ^regne<adj><pp><nt><sg><ind>$ ^som<pr>$ ^funn<n><nt><sg><ind><cmp>$^brønn<n><m><sg><ind>$ ^for<adv>$ ^*Balderfeltet$^.<sent><clb>$
[/yFRaD9S5o40v]
[ybR3wzKUfuhH#0] ^Hest<n><m><sg><def>$ ^springe<vblex><pres>$ ^like godt<adv>$ ^over<pr>$ ^vann<n><nt><sg><ind>$ ^som<pr>$ ^på<pr>$ ^landjord<n><m><sg><def>$ ^og<cnjcoo>$ ^i<pr>$ ^luft<n><m><sg><def>$^.<sent><clb>$
[/ybR3wzKUfuhH]
[ye5U3O3gRiP1#0] ^Den<prn><pers><p3><nt><sg><nom>$ ^bety<vblex><pres>$ ^1,15 milliarder<det><qnt><un><pl>$ ^mye<adj><sint><comp><un><sp>$ ^enn<pr>$ ^i fjor<adv>$^,<cm><clb>$ ^skrive<vblex><pres>$ ^Nationen<np><org>$^.<sent><clb>$
[/ye5U3O3gRiP1]
[z9L2UxItKoLA#0] ^Se<vblex><pret>$ ^hun<prn><pers><p3><f><sg><nom>$ ^ikke<adv>$ ^ord<n><nt><pl><def>$^?<sent><clb>$ ^De<prn><pers><p3><un><pl><nom>$ ^småspise<vblex><pret>$ ^nyplante<adj><pp><mf><sg><ind>$ ^hygge<n><m><sg><ind>$^.<sent><clb>$
[/z9L2UxItKoLA]
