[3rqBvhHpyho6#0] ^default<default>{^I<pr>$}$ ^N<np><top>{^USA<np><top>$}$ ^vblex<vblex><pres>{^ha<vblex><pres>$}$ ^default<default>{^siden<pr>$}$ ^n<n><m><sg><ind>{^oktober<n><m><sg><ind>$}$ ^det<det><qnt><un><pl>{^2004<det><qnt><un><pl>$}$ ^vblex<vblex><pp>{^være<vblex><pp>$}$ ^det<det><qnt><m><sg>{^en<det><qnt><m><sg>$}$ ^adj_n_n<n><m><sg><ind>{^nasjonal<adj><pst><mf><sg><ind>$ ^datasikkerhet<n><m><sg><ind><cmp>$^måned<n><m><sg><ind>$}$^default<default>{^,<cm>$}$ ^adj<adj><pp><mf><sg><ind>{^fronte<adj><pp><mf><sg><ind>$}$ ^default<default>{^av<pr>$}$ ^n<n><m><sg><def>{^president<n><m><sg><def>$}$ ^default<default>{^i<pr>$}$ ^n<n><nt><sg><def>{^land<n><nt><sg><def>$}$^sent<sent><clb>{^.<sent><clb>$}$
[/3rqBvhHpyho6]
[4rpYn7PO0ei7#0] ^Prn<prn><pers><p3><un><pl><nom>{^de<prn><pers><p3><un><pl><nom>$}$ ^vblex<vblex><pres>{^være<vblex><pres>$}$ ^prn<prn><ind><un><pl><nom>{^noe<prn><ind><un><pl><nom>$}$ ^default<default>{^av<pr>$}$ ^detdd<det><dem><un><pl>{^den<det><dem><un><pl>$}$ ^adj_adj_n<n><m><pl><def>{^mye<adj><sint><sup><un><sp><ind>$ ^nyttig<adj><sint><pst><un><pl><ind>$ ^ligning<n><m><pl><def>$}$ ^prn<prn><pers><p3><un><sg><acc>{^man<prn><pers><p3><un><sg><acc>$}$ ^vblex<vblex><pres>{^ha<vblex><pres>$}$^default<default>{^,<cm>$}$ ^default<default>{^fordi<cnjsub>$}$ ^prn<prn><pers><p3><un><pl><nom>{^de<prn><pers><p3><un><pl><nom>$}$ ^vblex<vblex><pres>{^skildre<vblex><pres>$}$ ^n<n><m><sg><def>{^fysikk<n><m><sg><def>$}$ ^default<default>{^i<pr>$}$ ^adj_adj_n<n><nt><pl><ind>{^mange<adj><sint><pst><un><pl><ind>$ ^forskjellig<adj><sint><pst><un><pl><ind>$ ^fenomen<n><nt><pl><ind>$}$ ^default<default>{^av<pr>$}$ ^adj<adj><pst><mf><sg><ind>{^akademisk<adj><pst><mf><sg><ind>$}$ ^default<default>{^og<cnjcoo>$}$ ^adj_n<n><m><sg><ind>{^økonomisk<adj><pst><mf><sg><ind>$ ^interesse<n><m><sg><ind>$}$^sent<sent><clb>{^.<sent><clb>$}$
[/4rpYn7PO0ei7]
[5ME85rZ5wfr1#0] ^N<n><m><pl><def>{^larv<n><m><pl><def>$}$ ^vblex<vblex><pres>{^være<vblex><pres>$}$ ^adj<adj><sint><pst><un><pl><ind>{^lang<adj><sint><pst><un><pl><ind>$}$^default<default>{^,<cm>$}$ ^adj<adj><sint><pst><un><pl><ind>{^tynn<adj><sint><pst><un><pl><ind>$}$ ^default<default>{^og<cnjcoo>$}$ ^adj<adj><sint><pst><un><pl><ind>{^hvit<adj><sint><pst><un><pl><ind>$}$ ^default<default>{^til<pr>$}$ ^adj<adj><pst><un><sp><def>{^gråaktig<adj><pst><un><sp><def>$}$ ^default<default>{^med<pr>$}$ ^adj_adj_n_n<n><m><pl><ind>{^mørke<adj><pp><mf><sg><ind>$ ^farget<adj><pst><un><pl><ind>$ ^munn<n><m><sg><ind><cmp>$^del<n><m><pl><ind>$}$^sent<sent><clb>{^.<sent><clb>$}$
[/5ME85rZ5wfr1]
[5vwAep-R9qLO#0] ^Prn<prn><pers><p3><un><pl><nom>{^de<prn><pers><p3><un><pl><nom>$}$ ^aux<vblex><pres>{^bli<vblex><pres>$}$ ^adj<adj><pp><mf><sg><ind>{^benytte<adj><pp><mf><sg><ind>$}$ ^default<default>{^for<pr>$}$ ^infm<part>{^å<part>$}$ ^vblex<vblex><inf>{^skildre<vblex><inf>$}$ ^n<n><nt><sg><def>{^vær<n><nt><sg><def>$}$^default<default>{^,<cm>$}$ ^n<n><m><pl><ind>{^havstrøm<n><m><pl><ind>$}$^default<default>{^,<cm>$}$ ^n<n><m><sg><ind>{^vannstrøm<n><m><sg><ind>$}$ ^default<default>{^i<pr>$}$ ^n<n><m><pl><ind>{^rørledning<n><m><pl><ind>$}$^default<default>{^,<cm>$}$ ^n<n><m><pl><def>{^bevegelse<n><m><pl><def>$}$ ^default<default>{^til<pr>$}$ ^n<n><m><pl><ind>{^stjerne<n><m><pl><ind>$}$ ^default<default>{^i<pr>$}$ ^det<det><qnt><m><sg>{^en<det><qnt><m><sg>$}$ ^n<n><m><sg><ind>{^galakse<n><m><sg><ind>$}$^default<default>{^,<cm>$}$ ^default<default>{^og<cnjcoo>$}$ ^n<n><m><sg><ind>{^luftstrøm<n><m><sg><ind>$}$ ^default<default>{^rundt<pr>$}$ ^det<det><qnt><m><sg>{^en<det><qnt><m><sg>$}$ ^n<n><m><sg><ind>{^vinge<n><m><sg><ind>$}$^sent<sent><clb>{^.<sent><clb>$}$
[/5vwAep-R9qLO]
[6HA0Ee_eGbXj#0] ^N<n><m><sg><def>{^pris<n><m><sg><def>$}$ ^aux<vblex><pret>{^bli<vblex><pret>$}$ ^adj<adj><pp><mf><sg><ind>{^utdele<adj><pp><mf><sg><ind>$}$ ^default<default>{^under<pr>$}$ ^N<np><org><gen>{^Nordisk råd<np><org><gen>$}$ ^n<n><m><sg><ind>{^prisutdeling<n><m><sg><ind>$}$ ^default<default>{^i<pr>$}$ ^N<np><top>{^Stockholm<np><top>$}$ ^n<n><m><sg><ind>{^onsdag<n><m><sg><ind>$}$ ^n<n><m><sg><ind>{^kveld<n><m><sg><ind>$}$^sent<sent><clb>{^.<sent><clb>$}$
[/6HA0Ee_eGbXj]
[6c1ZRuvcFSWt#0] ^default<default>{^Da<cnjsub>$}$ ^prn<prn><pers><p3><m><sg><nom>{^han<prn><pers><p3><m><sg><nom>$}$ ^vblex<vblex><pret>{^dø<vblex><pret>$}$ ^vblex<vblex><pret>{^gå<vblex><pret>$}$ ^n<n><m><sg><def>{^øy<n><m><sg><def>$}$ ^default<default>{^til<pr>$}$ ^n<n><m><sg><def>{^datter<n><m><sg><def>$}$ ^N<np><ant><f>{^Christina<np><ant><f>$}$^default<default>{^,<cm>$}$ ^default<default>{^og<cnjcoo>$}$ ^adj<adj><sint><comp><un><sp>{^sen<adj><sint><comp><un><sp>$}$ ^default<default>{^til<pr>$}$ ^det<det><pos><m><sg>{^hennes<det><pos><f><sg>$}$ ^n<n><m><sg><ind>{^datter<n><m><sg><ind>$}$ ^unknown<unknown>{^*Athina$}$ ^unknown<unknown>{^*Roussel$}$^sent<sent><clb>{^.<sent><clb>$}$
[/6c1ZRuvcFSWt]
[9iFCay2zfDYL#0] ^N<n><m><sg><def>{^prislapp<n><m><sg><def>$}$ ^default<default>{^på<pr>$}$ ^n<n><m><pl><def>{^dress<n><m><pl><def>$}$ ^default<default>{^i<pr>$}$ ^n_n<n><m><sg><def>{^gjenbruk<n><nt><sg><ind><cmp>$^butikk<n><m><sg><def>$}$ ^vblex<vblex><pres>{^ha<vblex><pres>$}$ ^vblex<vblex><pp>{^variere<vblex><pp>$}$ ^default<default>{^mellom<pr>$}$ ^det<det><qnt><un><pl>{^1000<det><qnt><un><pl>$}$ ^default<default>{^og<cnjcoo>$}$ ^det<det><qnt><un><pl>{^4000<det><qnt><un><pl>$}$ ^n<n><m><pl><ind>{^krone<n><m><pl><ind>$}$^default<default>{^,<cm><clb>$}$ ^vblex<vblex><pres>{^skrive<vblex><pres>$}$ ^N<np><org>{^NRK<np><org>$}$^sent<sent><clb>{^.<sent><clb>$}$
[/9iFCay2zfDYL]
[9iUMFeGlwhEX#0] ^Prn<prn><ind><un><pl><nom>{^noe<prn><ind><un><pl><nom>$}$ ^default<default>{^av<pr>$}$ ^detdd<det><dem><un><pl>{^den<det><dem><un><pl>$}$ ^adj_n_n<n><m><sg><ind>{^liten<adj><sint><comp><un><sp>$ ^røy<n><m><sg><ind><cmp>$^sene<n><m><sg><ind>$}$ ^aux<vblex><pret>{^bli<vblex><pret>$}$ ^adj<adj><pp><mf><sg><ind>{^undersøke<adj><pp><mf><sg><ind>$}$ ^default<default>{^i<pr>$}$ ^det<det><qnt><un><pl>{^1925<det><qnt><un><pl>$}$ ^default<default>{^og<cnjcoo><clb>$}$ ^vblex<vblex><pret>{^vise<vblex><pret># seg$}$ ^infm<part>{^å<part>$}$ ^vblex<vblex><inf>{^inneholde<vblex><inf>$}$ ^adj_n_n<n><m><pl><ind>{^enkel<adj><sint><pst><un><pl><ind>$ ^brann<n><m><sg><ind><cmp>$^grav<n><m><pl><ind>$}$^sent<sent><clb>{^.<sent><clb>$}$
[/9iUMFeGlwhEX]
[CfxXOmfbkwwr#0] ^N<n><m><sg><def>{^asteroide<n><m><sg><def>$}$ ^vblex<vblex><pres>{^rotere<vblex><pres>$}$ ^adv<adv>{^veldig<adv>$}$ ^adj<adj><sint><pst><nt><sg><ind>{^sakte<adj><sint><pst><nt><sg><ind>$}$^sent<sent><clb>{^;<sent><clb>$}$ ^unknown<unknown>{^*rotatasjonsperioden$}$ ^default<default>{^(<lpar>$}$^n<n><nt><sg><def>{^døger<n><nt><sg><def>$}$^default<default>{^)<rpar>$}$ ^vblex<vblex><pres>{^være<vblex><pres>$}$ ^default<default>{^på<pr>$}$ ^adv<adv>{^omtrent<adv>$}$ ^det<det><qnt><un><pl>{^3,3<det><qnt><un><pl>$}$ ^n_n<n><nt><pl><ind>{^jord<n><m><sg><ind><cmp>$^døger<n><nt><pl><ind>$}$^sent<sent><clb>{^.<sent><clb>$}$
[/CfxXOmfbkwwr]
[Ddb1FZ6xQpKn#0] ^Detdd<det><dem><m><sg>{^denne<det><dem><m><sg>$}$ ^vblex<vblex><pret>{^åpne<vblex><pret>$}$ ^default<default>{^i<pr>$}$ ^det<det><qnt><un><pl>{^1978<det><qnt><un><pl>$}$^default<default>{^,<cm>$}$ ^default<default>{^og<cnjcoo><clb>$}$ ^vblex<vblex><pret>{^gjøre<vblex><pret>$}$ ^n<n><m><sg><def>{^linje<n><m><sg><def>$}$ ^default<default>{^gjennom<pr>$}$ ^unknown<unknown>{^*Waihi$}$ ^adj<adj><pst><nt><sg><ind>{^overflødig<adj><pst><nt><sg><ind>$}$^default<default>{^,<cm>$}$ ^default<default>{^men<cnjcoo><clb>$}$ ^n<n><m><sg><def>{^linje<n><m><sg><def>$}$ ^unknown<unknown>{^*Goldfields$}$ ^unknown<unknown>{^*Railway$}$ ^aux<vblex><pret>{^bli<vblex><pret>$}$ ^adj_n<n><m><sg><ind>{^ta<adj><pp><mf><sg><ind>$ ^vare<n><m><sg><ind>$}$ ^default<default>{^på<pr>$}$ ^default<default>{^som<pr>$}$ ^det<det><qnt><m><sg>{^en<det><qnt><m><sg>$}$ ^det<det><qnt><un><pl>{^seks<det><qnt><un><pl>$}$ ^n<n><nt><pl><ind>{^km<n><nt><pl><ind>$}$ ^adj<adj><sint><pst><mf><sg><ind>{^lang<adj><sint><pst><mf><sg><ind>$}$ ^unknown<unknown>{^*veterantogjarnveg$}$ ^default<default>{^mellom<pr>$}$ ^unknown<unknown>{^*Waihi$}$ ^default<default>{^og<cnjcoo>$}$ ^unknown<unknown>{^*Waikino$}$^sent<sent><clb>{^.<sent><clb>$}$
[/Ddb1FZ6xQpKn]
[FUJykPkSrywH#0] ^unknown<unknown>{^*Fra$}$ ^N_n<n><nt><sg><def>{^en<n><m><sg><ind><cmp>$^vann<n><nt><sg><def>$}$ ^vblex<vblex><pres>{^renne<vblex><pres>$}$ ^n<n><nt><sg><def>{^vann<n><nt><sg><def>$}$ ^default<default>{^ned<pr>$}$ ^default<default>{^til<pr>$}$ ^n<n><m><sg><def>{^kraftstasjon<n><m><sg><def>$}$ ^default<default>{^gjennom<pr>$}$ ^det<det><qnt><nt><sg>{^en<det><qnt><nt><sg>$}$ ^det<det><qnt><un><pl>{^1800<det><qnt><un><pl>$}$ ^n<n><m><pl><ind>{^meter<n><m><pl><ind>$}$ ^adj<adj><sint><pst><nt><sg><ind>{^lang<adj><sint><pst><nt><sg><ind>$}$ ^unknown<unknown>{^*stålrør$}$^sent<sent><clb>{^.<sent><clb>$}$
[/FUJykPkSrywH]
[FWmPpEUD_LBI#0] ^N_n<n><m><sg><def>{^arkitektur<n><m><sg><ind><cmp>$^historiker<n><m><sg><def>$}$ ^N<np><ant><m>{^Erling<np><ant><m>$}$ ^N<np><cog>{^Gjone<np><cog>$}$ ^vblex<vblex><pres>{^oppgi<vblex><pres>$}$ ^default<default>{^at<cnjsub>$}$ ^prn<prn><pers><p3><nt><sg><nom>{^den<prn><pers><p3><nt><sg><nom>$}$ ^vblex<vblex><pret>{^være<vblex><pret>$}$ ^n<n><m><sg><def>{^skikk<n><m><sg><def>$}$ ^default<default>{^i<pr>$}$ ^unknown<unknown>{^*Gudbrandsdal$}$ ^infm<part>{^å<part>$}$ ^vblex<vblex><inf>{^legge<vblex><inf>$}$ ^det<det><qnt><m><sg>{^en<det><qnt><m><sg>$}$ ^n_n<n><m><sg><ind>{^hand<n><m><sg><ind><cmp>$^bredde<n><m><sg><ind>$}$ ^default<default>{^til<pr>$}$ ^n_n<n><m><sg><def>{^møne<n><nt><sg><ind><cmp>$^høyd<n><m><sg><def>$}$ ^default<default>{^på<pr>$}$ ^adj_n<n><nt><pl><ind>{^stor<adj><sint><pst><un><pl><ind>$ ^hus<n><nt><pl><ind>$}$ ^default<default>{^og<cnjcoo>$}$ ^vblex<vblex><inf>{^trekke<vblex><inf># fra$}$ ^det<det><qnt><m><sg>{^en<det><qnt><m><sg>$}$ ^n_n<n><m><sg><ind>{^hand<n><m><sg><ind><cmp>$^bredde<n><m><sg><ind>$}$ ^default<default>{^på<pr>$}$ ^adj<adj><sint><pst><un><pl><ind>{^liten<adj><sint><pst><un><pl><ind>$}$^sent<sent><clb>{^.<sent><clb>$}$
[/FWmPpEUD_LBI]
[GaEBlVg0xmVP#0] ^Det<det><qnt><un><pl>{^all<det><qnt><un><pl>$}$ ^detdd<det><dem><un><pl>{^den<det><dem><un><pl>$}$ ^adj<adj><sint><pst><un><pl><ind>{^norsk<adj><sint><pst><un><pl><ind>$}$ ^vblex<vblex><pret>{^være<vblex><pret>$}$ ^default<default>{^blant<pr>$}$ ^detdd<det><dem><un><pl>{^den<det><dem><un><pl>$}$ ^det<det><qnt><un><pl>{^11<det><qnt><un><pl>$}$ ^adj_adj<adj><pst><nt><sg><ind>{^første<adj><ord><pst><un><pl><ind>$ ^startende<adj><pst><nt><sg><ind>$}$ ^default<default>{^i<pr>$}$ ^n<n><nt><sg><def>{^renn<n><nt><sg><def>$}$^sent<sent><clb>{^.<sent><clb>$}$
[/GaEBlVg0xmVP]
[IsHcw10R4wkE#0] ^N<n><nt><sg><def>{^regnvær<n><nt><sg><def>$}$ ^vblex<vblex><pres>{^holde<vblex><pres>$}$ ^n<n><m><pl><ind>{^stand<n><m><pl><ind>$}$ ^adv<adv>{^i alle fall<adv>$}$ ^default<default>{^til<pr>$}$ ^n<n><m><sg><def>{^midt<n><m><sg><def>$}$ ^default<default>{^av<pr>$}$ ^det<det><dem><m><sp><def>{^neste<det><dem><m><sp><def>$}$ ^n<n><m><sg><ind>{^uke<n><m><sg><ind>$}$^sent<sent><clb>{^.<sent><clb>$}$
[/IsHcw10R4wkE]
[LiGucBOCcrmf#0] ^Det<det><qnt><nt><sg>{^en<det><qnt><nt><sg>$}$ ^n<n><nt><sg><ind>{^par<n><nt><sg><ind>$}$ ^default<default>{^«<lquot>$}$^n<n><m><pl><ind>{^kviledag<n><m><pl><ind>$}$^default<default>{^»<rquot>$}$^default<default>{^,<cm>$}$ ^adv<adv>{^bare<adv>$}$ ^default<default>{^med<pr>$}$ ^adj_n<n><nt><sg><ind>{^tynn<adj><sint><pst><nt><sg><ind>$ ^innslag<n><nt><sg><ind>$}$ ^default<default>{^av<pr>$}$ ^n<n><m><sg><ind>{^storslalåm<n><m><sg><ind>$}$ ^default<default>{^for<pr>$}$ ^n<n><m><pl><ind>{^kvinne<n><m><pl><ind>$}$ ^default<default>{^i<pr>$}$ ^n<n><m><sg><def>{^verdenscup<n><m><sg><def>$}$^default<default>{^,<cm>$}$ ^adv<adv>{^så<adv>$}$ ^aux<vblex><pres>{^bli<vblex><pres>$}$ ^prn<prn><pers><p3><nt><sg><nom>{^den<prn><pers><p3><nt><sg><nom>$}$ ^adv<adv>{^full<adv>$}$ ^n<n><m><sg><ind>{^fart<n><m><sg><ind>$}$ ^default<default>{^fra<pr>$}$ ^n<n><m><sg><ind>{^lørdag<n><m><sg><ind>$}$ ^adj_n<n><m><sg><ind>{^29.<adj><ord><pst><un><sp><def>$ ^desember<n><m><sg><ind>$}$^sent<sent><clb>{^.<sent><clb>$}$
[/LiGucBOCcrmf]
[MMl2IDiHZvEs#0] ^N<n><m><sg><def>{^lov<n><m><sg><def>$}$ ^vblex<vblex><pres>{^regne<vblex><pres>$}$ ^default<default>{^opp<pr>$}$ ^detdd<det><dem><un><pl>{^den<det><dem><un><pl>$}$ ^adj<adj><pst><un><pl><ind>{^ulik<adj><pst><un><pl><ind>$}$ ^unknown<unknown>{^*regionstyra$}$ ^default<default>{^på<pr>$}$ ^N<np><top>{^New Zealand<np><top>$}$ ^default<default>{^og<cnjcoo>$}$ ^n<n><m><pl><def>{^kunngjøring<n><m><pl><def>$}$ ^det<det><pos><un><pl>{^deres¹<det><pos><un><pl>$}$ ^default<default>{^i<pr>$}$ ^N<np><cog>{^The<np><cog>$}$ ^N<np><top>{^New Zealand<np><top>$}$ ^unknown<unknown>{^*Gazette$}$ ^default<default>{^da<cnjsub>$}$ ^prn<prn><pers><p3><un><pl><nom>{^de<prn><pers><p3><un><pl><nom>$}$ ^aux<vblex><pret>{^bli<vblex><pret>$}$ ^adj<adj><pp><mf><sg><ind>{^opprette<adj><pp><mf><sg><ind>$}$ ^default<default>{^i<pr>$}$ ^adj<adj><ord><pst><un><sp><def>{^1989.<adj><ord><pst><un><sp><def>$}$
[/MMl2IDiHZvEs]
[ModkvxIYL9-6#0] ^default<default>{^Men<cnjcoo><clb>$}$ ^prn<prn><pers><p3><f><sg><nom>{^hun<prn><pers><p3><f><sg><nom>$}$ ^vblex<vblex><pres>{^måtte<vblex><pres>$}$ ^vblex<vblex><inf>{^tåle<vblex><inf>$}$ ^infm<part>{^å<part>$}$ ^vblex<vblex><inf>{^få<vblex><inf>$}$ ^n<n><m><sg><ind>{^kritikk<n><m><sg><ind>$}$ ^default<default>{^for<pr>$}$ ^n<n><nt><sg><def>{^initiativ<n><nt><sg><def>$}$ ^default<default>{^fra<pr>$}$ ^N<np><cog><gen>{^SO<np><cog><gen>$}$ ^N<n><m><sg><ind>{^rasisme<n><m><sg><ind>$}$^sent<sent><clb>{^.<sent><clb>$}$
[/ModkvxIYL9-6]
[NORK4Hm4Df3_#0] ^N<n><m><sg><def>{^bro<n><m><sg><def>$}$ ^vblex<vblex><pret>{^være<vblex><pret>$}$ ^default<default>{^på<pr>$}$ ^det<det><qnt><nt><sg>{^en<det><qnt><nt><sg>$}$ ^n<n><nt><sg><ind>{^tidspunkt<n><nt><sg><ind>$}$ ^detdd<det><dem><m><sg>{^den<det><dem><m><sg>$}$ ^adj<adj><sint><sup><un><sp><def>{^lang<adj><sint><sup><un><sp><def>$}$ ^default<default>{^i<pr>$}$ ^N<np><top>{^Norge<np><top>$}$^sent<sent><clb>{^.<sent><clb>$}$
[/NORK4Hm4Df3_]
[Nd3HCyOFb0gl#0] ^Det<det><itg><un><pl>{^hvilken<det><itg><un><pl>$}$ ^vblex<vblex><pres>{^farge<vblex><pres>$}$ ^default<default>{^som<pr>$}$ ^vblex<vblex><inf><pasv>{^benytte<vblex><inf><pasv>$}$^default<default>{^,<cm>$}$ ^default<default>{^og<cnjcoo>$}$ ^det<det><qnt><un><pl>{^hvor mange<det><qnt><un><pl>$}$ ^n_n<n><m><pl><ind>{^belte<n><nt><sg><ind><cmp>$^grad<n><m><pl><ind>$}$ ^default<default>{^som<cnjsub>$}$ ^vblex<vblex><pstv><pres>{^finnes<vblex><pstv><pres>$}$ ^unknown<unknown>{^*varierar$}$ ^default<default>{^fra<pr>$}$ ^n<n><m><sg><ind>{^stilart<n><m><sg><ind>$}$ ^default<default>{^til<pr>$}$ ^n<n><m><sg><ind>{^stilart<n><m><sg><ind>$}$^sent<sent><clb>{^.<sent><clb>$}$
[/Nd3HCyOFb0gl]
[Nml8dxOtM96i#0] ^unknown<unknown>{^*Benzelius$}$ ^aux<vblex><pret>{^bli<vblex><pret>$}$ ^adj<adj><pp><nt><sg><ind>{^utnevne<adj><pp><nt><sg><ind>$}$ ^default<default>{^til<pr>$}$ ^unknown<unknown>{^*praepositus$}$ ^default<default>{^ved<pr>$}$ ^N<n><m><sg><ind><gen>{^lund<n><m><sg><ind><gen>$}$ ^unknown<unknown>{^*kommunitet$}$ ^default<default>{^i<pr>$}$ ^det<det><qnt><un><pl>{^1719<det><qnt><un><pl>$}$ ^default<default>{^og<cnjcoo>$}$ ^default<default>{^i<pr>$}$ ^det<det><qnt><un><pl>{^1720<det><qnt><un><pl>$}$ ^default<default>{^til<pr>$}$ ^adj_n<n><m><sg><ind>{^ekstraordinær<adj><pst><mf><sg><ind>$ ^professor<n><m><sg><ind>$}$ ^default<default>{^ved<pr>$}$ ^detdd<det><dem><nt><sg>{^den<det><dem><nt><sg>$}$ ^adj_n<n><nt><sg><def>{^filosofisk<adj><pst><un><sp><def>$ ^fakultet<n><nt><sg><def>$}$^sent<sent><clb>{^.<sent><clb>$}$
[/Nml8dxOtM96i]
[OThX_NNLW09k#0] ^N<n><m><sg><def>{^stam<n><m><sg><def>$}$ ^vblex<vblex><pres>{^være<vblex><pres>$}$ ^adj<adj><sint><pst><mf><sg><ind>{^kort<adj><sint><pst><mf><sg><ind>$}$ ^default<default>{^og<cnjcoo>$}$ ^adj<adj><sint><pst><mf><sg><ind>{^tykk<adj><sint><pst><mf><sg><ind>$}$^default<default>{^,<cm>$}$ ^default<default>{^og<cnjcoo>$}$ ^prn<prn><pers><p3><m><sg><acc>{^han<prn><pers><p3><m><sg><acc>$}$ ^n<n><m><pl><ind>{^del<n><m><pl><ind>$}$ ^prn<prn><ref><p3><un><sp><acc>{^seg<prn><ref><p3><un><sp><acc>$}$ ^default<default>{^i<pr>$}$ ^adj_adj_n_n<n><nt><pl><ind>{^gjentatt<adj><pst><un><sp><def>$ ^konkurrere<adj><pprs>$ ^topp<n><m><sg><ind><cmp>$^skudd<n><nt><pl><ind>$}$^sent<sent><clb>{^.<sent><clb>$}$
[/OThX_NNLW09k]
[SVMsp78Ti5M9#0] ^N<n><nt><sg><def>{^arbeiderparti<n><nt><sg><def>$}$ ^vblex<vblex><pres>{^falle<vblex><pres>$}$ ^det<det><qnt><un><pl>{^2,4<det><qnt><un><pl>$}$ ^n<n><nt><pl><ind>{^prosentpoeng<n><nt><pl><ind>$}$ ^default<default>{^i<pr>$}$ ^n_n<n><m><sg><def>{^desember<n><m><sg><ind><cmp>$^måling<n><m><sg><def>$}$ ^default<default>{^fra<pr>$}$ ^N<np><org>{^InFact<np><org>$}$^sent<sent><clb>{^.<sent><clb>$}$
[/SVMsp78Ti5M9]
[TGCaEPblI1GZ#0] ^Adj_n<n><m><sg><ind>{^kort<adj><sint><pst><mf><sg><ind>$ ^tid<n><m><sg><ind>$}$ ^default<default>{^etter<pr>$}$ ^n<n><m><sg><def>{^oppdagelse<n><m><sg><def>$}$ ^aux<vblex><pret>{^bli<vblex><pret>$}$ ^n<n><nt><sg><def>{^område<n><nt><sg><def>$}$ ^vblex<vblex><pp>{^ta<vblex><pp># i bruk$}$ ^default<default>{^av<pr>$}$ ^unknown<unknown>{^*européarar$}$ ^default<default>{^med<pr>$}$ ^adj_n<n><nt><sg><ind>{^ymse<adj><pst><un><sp><def>$ ^formål<n><nt><sg><ind>$}$^sent<sent><clb>{^.<sent><clb>$}$
[/TGCaEPblI1GZ]
[Z5U1xnppJ98C#0] ^N<n><nt><sg><def>{^navn<n><nt><sg><def>$}$ ^vblex<vblex><pres>{^ha<vblex><pres>$}$ ^unknown<unknown>{^*gamaleuropeisk$}$ ^n<n><m><sg><ind>{^opprinnelse<n><m><sg><ind>$}$ ^default<default>{^(<lpar>$}$^default<default>{^'<apos>$}$^default<default>{^'<apos>$}$^unknown<unknown>{^*karra$}$^default<default>{^'<apos>$}$^default<default>{^'<apos>$}$ ^default<default>{^-<guio>$}$ ^n<n><m><sg><ind>{^sten<n><m><sg><ind>$}$^default<default>{^)<rpar>$}$ ^default<default>{^og<cnjcoo>$}$ ^default<default>{^i<pr>$}$ ^n<n><m><sg><def>{^antikk<n><m><sg><def>$}$ ^aux<vblex><pret>{^bli<vblex><pret>$}$ ^prn<prn><pers><p3><nt><sg><nom>{^den<prn><pers><p3><nt><sg><nom>$}$ ^adj<adj><pp><nt><sg><ind>{^kalle<adj><pp><nt><sg><ind>$}$ ^default<default>{^'<apos>$}$^default<default>{^'<apos>$}$^N<np><guess><gen>{^Carusardius'<np><guess><gen>$}$^default<default>{^'<apos>$}$ ^default<default>{^på<pr>$}$ ^n<n><nt><sp>{^latin<n><nt><sp>$}$^sent<sent><clb>{^.<sent><clb>$}$
[/Z5U1xnppJ98C]
[ZAgDc3RFa3LR#0] ^Prn<prn><pers><p3><nt><sg><nom>{^den<prn><pers><p3><nt><sg><nom>$}$ ^default<default>{^som<cnjsub>$}$ ^n<n><mf><sp>{^eventuelt<n><mf><sp>$}$ ^vblex<vblex><pres>{^kunne<vblex><pres>$}$ ^vblex<vblex><inf>{^ødelegge<vblex><inf>$}$ ^default<default>{^for<pr>$}$ ^n_n<n><m><sg><def>{^rekord<n><m><sg><ind><cmp>$^sesong<n><m><sg><def>$}$^default<default>{^,<cm><clb>$}$ ^vblex<vblex><pres>{^være<vblex><pres>$}$ ^default<default>{^om<pr>$}$ ^n<n><m><sg><def>{^rest<n><m><sg><def>$}$ ^default<default>{^av<pr>$}$ ^n<n><m><sg><def>{^sommer<n><m><sg><def>$}$ ^vblex<vblex><pret>{^skulle<vblex><pret>$}$ ^aux<vblex><inf>{^bli<vblex><inf>$}$ ^adv<adv>{^spesielt<adv>$}$ ^adj<adj><sint><pst><mf><sg><ind>{^våt<adj><sint><pst><mf><sg><ind>$}$ ^default<default>{^og<cnjcoo>$}$ ^adj<adj><sint><pst><mf><sg><ind>{^kald<adj><sint><pst><mf><sg><ind>$}$^sent<sent><clb>{^.<sent><clb>$}$
[/ZAgDc3RFa3LR]
[dTxSA_WS52ms#0] ^Adv<adv>{^derfor<adv>$}$ ^vblex<vblex><pres>{^ville<vblex><pres>$}$ ^adj_n<n><m><pl><ind>{^kraftig<adj><sint><comp><un><sp>$ ^luftstrøm<n><m><pl><ind>$}$ ^default<default>{^(<lpar>$}$^adj_n<n><nt><pl><ind>{^kraftig<adj><sint><comp><un><sp>$ ^torevær<n><nt><pl><ind>$}$^default<default>{^)<rpar>$}$ ^vblex<vblex><inf>{^bevirke<vblex><inf>$}$ ^adj_n<n><nt><sg><ind>{^stor<adj><sint><comp><un><sp>$ ^hagl<n><nt><sg><ind>$}$^sent<sent><clb>{^.<sent><clb>$}$
[/dTxSA_WS52ms]
[f4pGljxdKnLq#0] ^default<default>{^Bare<cnjsub>$}$ ^det<det><qnt><un><pl>{^16<det><qnt><un><pl>$}$ ^n<n><m><pl><ind>{^prosent<n><m><pl><ind>$}$ ^vblex<vblex><pres>{^tviholde<vblex><pres>$}$ ^default<default>{^på<pr>$}$ ^n<n><m><sg><def>{^rett<n><m><sg><def>$}$ ^default<default>{^til<pr>$}$ ^infm<part>{^å<part>$}$ ^vblex<vblex><inf>{^skyte<vblex><inf>$}$ ^default<default>{^opp<pr>$}$ ^det<det><emph><un><pl>{^egen<det><emph><un><pl>$}$ ^n<n><m><pl><ind>{^rakett<n><m><pl><ind>$}$^sent<sent><clb>{^.<sent><clb>$}$
[/f4pGljxdKnLq]
[fz9DiXESky0-#0] ^N<n><nt><sg><def>{^punkt<n><nt><sg><def>$}$ ^adv<adv>{^hvor<adv>$}$ ^det<det><qnt><m><sg>{^en<det><qnt><m><sg>$}$ ^n<n><m><sg><ind>{^bombe<n><m><sg><ind>$}$ ^default<default>{^eller<cnjcoo>$}$ ^det<det><qnt><m><sg>{^en<det><qnt><m><sg>$}$ ^n<n><m><sg><ind>{^meteoritt<n><m><sg><ind>$}$ ^vblex<vblex><pres>{^eksplodere<vblex><pres>$}$ ^default<default>{^i<pr>$}$ ^n<n><m><sg><def>{^luft<n><m><sg><def>$}$^default<default>{^,<cm>$}$ ^default<default>{^under<pr>$}$ ^n<n><m><sg><def>{^jordoverflate<n><m><sg><def>$}$ ^default<default>{^eller<cnjcoo><clb>$}$ ^default<default>{^på<pr>$}$ ^unknown<unknown>{^*havoverflata$}$ ^aux<vblex><pres>{^bli<vblex><pres>$}$ ^adv<adv>{^av og til<adv>$}$ ^unknown<unknown>{^*kalt$}$ ^default<default>{^'<apos>$}$^default<default>{^'<apos>$}$^n<n><nt><sg><ind>{^hyposenter<n><nt><sg><ind>$}$^default<default>{^'<apos>$}$^default<default>{^'<apos>$}$^default<default>{^,<cm>$}$ ^det<det><qnt><nt><sg>{^noe<det><qnt><nt><sg>$}$ ^default<default>{^som<pr>$}$ ^adj<adj><pst><nt><sg><ind>{^språklig<adj><pst><nt><sg><ind>$}$ ^vblex<vblex><pp>{^se<vblex><pp>$}$ ^vblex<vblex><pres>{^være<vblex><pres>$}$ ^adj_n<n><nt><sg><ind>{^feil<adj><pst><nt><sg><ind>$ ^ordbruk<n><nt><sg><ind>$}$^sent<sent><clb>{^.<sent><clb>$}$
[/fz9DiXESky0-]
[hSMK9YJ7dl2g#0] ^unknown<unknown>{^*Tissot$}$ ^vblex<vblex><pret>{^kjempe<vblex><pret>$}$ ^default<default>{^i<pr>$}$ ^detdd<det><dem><m><sg>{^den<det><dem><m><sg>$}$ ^n_adj_n<n><m><sg><def>{^fransk<n><m><sg><ind><cmp><guio>$^prøyssisk<adj><pst><un><sp><def>$ ^krig<n><m><sg><def>$}$^sent<sent><clb>{^.<sent><clb>$}$
[/hSMK9YJ7dl2g]
[jNXSOIHhUCzf#0] ^default<default>{^–<guio><clb>$}$  ^Adj_n<n><nt><pl><ind>{^unaturlig<adj><pst><un><pl><ind>$ ^dødsfall<n><nt><pl><ind>$}$ ^default<default>{^og<cnjcoo>$}$ ^prn<prn><pers><p3><nt><sg><acc>{^den<prn><pers><p3><nt><sg><acc>$}$ ^default<default>{^som<cnjsub>$}$ ^prn<prn><pers><p1><un><pl><nom>{^vi<prn><pers><p1><un><pl><nom>$}$ ^vblex<vblex><pres>{^kunne<vblex><pres>$}$ ^vblex<vblex><inf>{^forebygge<vblex><inf>$}$ ^vblex<vblex><pres>{^være<vblex><pres>$}$ ^adv<adv>{^alvorlig<adv>$}$^default<default>{^,<cm>$}$ ^default<default>{^og<cnjcoo><clb>$}$ ^prn<prn><pers><p3><nt><sg><acc>{^den<prn><pers><p3><nt><sg><acc>$}$ ^vblex<vblex><pres>{^måtte<vblex><pres>$}$ ^prn<prn><pers><p1><un><pl><nom>{^vi<prn><pers><p1><un><pl><nom>$}$ ^vblex<vblex><inf>{^gjøre<vblex><inf>$}$ ^det<det><qnt><nt><sg>{^noe<det><qnt><nt><sg>$}$ ^default<default>{^med<pr>$}$^sent<sent><clb>{^.<sent><clb>$}$
[/jNXSOIHhUCzf]
[nptBoNjAQLlw#0] ^Prn<prn><pers><p3><mf><sg><nom>{^den<prn><pers><p3><mf><sg><nom>$}$ ^aux<vblex><pret>{^bli<vblex><pret>$}$ ^adj<adj><pp><mf><sg><ind>{^oppdage<adj><pp><mf><sg><ind>$}$ ^default<default>{^av<pr>$}$ ^N<np><ant><m>{^Karl<np><ant><m>$}$ ^N<np><ant><m>{^Theodor<np><ant><m>$}$ ^N<np><ant><m>{^Robert<np><ant><m>$}$ ^N<np><cog>{^Luther<np><cog>$}$ ^detdd<det><dem><m><sg>{^den<det><dem><m><sg>$}$ ^adj<adj><ord><pst><un><sp><def>{^5.<adj><ord><pst><un><sp><def>$}$
[/nptBoNjAQLlw]
[oGzGo8ACBeTw#0] ^Prn<prn><pers><p3><m><sg><nom>{^han<prn><pers><p3><m><sg><nom>$}$ ^vblex<vblex><pret>{^ha<vblex><pret>$}$ ^det<det><qnt><nt><sg>{^en<det><qnt><nt><sg>$}$ ^det<det><qnt><un><pl>{^28<det><qnt><un><pl>$}$ ^n<n><m><pl><ind>{^meter<n><m><pl><ind>$}$ ^adj_n<n><nt><sg><ind>{^lang<adj><sint><pst><nt><sg><ind>$ ^løp<n><nt><sg><ind>$}$ ^default<default>{^med<pr>$}$ ^n<n><nt><sg><ind>{^kaliber<n><nt><sg><ind>$}$ ^default<default>{^på<pr>$}$ ^default<default>{^rundt<pr>$}$ ^det<det><qnt><un><pl>{^210<det><qnt><un><pl>$}$ ^default<default>{^mm.<n><acr>$}$
[/oGzGo8ACBeTw]
[p9ur-i3qr3_6#0] ^N<n><m><pl><def>{^part<n><m><pl><def>$}$ ^vblex<vblex><pres>{^ønske<vblex><pres>$}$ ^adv<adv>{^ikke<adv>$}$ ^infm<part>{^å<part>$}$ ^vblex<vblex><inf>{^gå<vblex><inf>$}$ ^default<default>{^ut<pr>$}$ ^default<default>{^mens<cnjsub>$}$ ^adv<adv>{^hvor mye<adv>$}$ ^N<np><org>{^Hansa Borg<np><org>$}$ ^vblex<vblex><pres>{^betale<vblex><pres>$}$ ^default<default>{^for<pr>$}$ ^n<n><m><pl><def>{^aksje<n><m><pl><def>$}$^sent<sent><clb>{^.<sent><clb>$}$
[/p9ur-i3qr3_6]
[pLsLtqCjP5vI#0] ^N<n><m><sg><def>{^by<n><m><sg><def>$}$ ^aux<vblex><pret>{^bli<vblex><pret>$}$ ^vblex<vblex><pp>{^grunnlegge<vblex><pp>$}$ ^default<default>{^i<pr>$}$ ^det<det><qnt><un><pl>{^1903<det><qnt><un><pl>$}$ ^default<default>{^og<cnjcoo><clb>$}$ ^vblex<vblex><pret>{^være<vblex><pret>$}$ ^n<n><m><sg><ind>{^hovedstad<n><m><sg><ind>$}$ ^default<default>{^i<pr>$}$ ^detdd<det><dem><m><sg>{^den<det><dem><m><sg>$}$ ^adj_n<n><m><sg><def>{^fransk<adj><pst><un><sp><def>$ ^koloni<n><m><sg><def>$}$ ^unknown<unknown>{^*Côte$}$ ^n<n><m><sg><ind>{^dalphabet<n><m><sg><ind>$}$^default<default>{^'<apos>$}$^unknown<unknown>{^*Ivoire$}$ ^default<default>{^i<pr>$}$ ^n<n><m><sg><def>{^periode<n><m><sg><def>$}$ ^default<default>{^fra<pr>$}$ ^det<det><qnt><un><pl>{^1934<det><qnt><un><pl>$}$ ^default<default>{^til<pr>$}$ ^adj<adj><ord><pst><un><sp><def>{^1960.<adj><ord><pst><un><sp><def>$}$
[/pLsLtqCjP5vI]
[q3-E_5xfkwZQ#0] ^Adv<adv>{^nå<adv>$}$ ^vblex<vblex><pres>{^gi<vblex><pres>$}$ ^prn<prn><pers><p3><m><sg><nom>{^han<prn><pers><p3><m><sg><nom>$}$ ^prn<prn><ref><p3><un><sp><acc>{^seg<prn><ref><p3><un><sp><acc>$}$ ^adj<adj><sint><pst><mf><sg><ind>{^92 år gammel<adj><sint><pst><mf><sg><ind>$}$^sent<sent><clb>{^.<sent><clb>$}$
[/q3-E_5xfkwZQ]
[uLj6VKw9W17D#0] ^N<n><m><sg><def>{^anbringelse<n><m><sg><def>$}$ ^default<default>{^til<pr>$}$ ^N<np><top>{^Catania<np><top>$}$ ^default<default>{^ved<pr>$}$ ^n<n><m><sg><def>{^fot<n><m><sg><def>$}$ ^default<default>{^av<pr>$}$ ^N<np><top>{^Etna<np><top>$}$ ^vblex<vblex><pret>{^være<vblex><pret>$}$ ^default<default>{^i følge<pr>$}$ ^unknown<unknown>{^*Strabius$}$ ^default<default>{^både<cnjcoo>$}$ ^det<det><qnt><m><sg>{^en<det><qnt><m><sg>$}$ ^adj_n<n><m><sg><ind>{^stor<adj><sint><pst><mf><sg><ind>$ ^fordel<n><m><sg><ind>$}$ ^default<default>{^og<cnjcoo>$}$ ^det<det><qnt><m><sg>{^en<det><qnt><m><sg>$}$ ^adj_n<n><m><sg><ind>{^stor<adj><sint><pst><mf><sg><ind>$ ^bakdel<n><m><sg><ind>$}$^sent<sent><clb>{^.<sent><clb>$}$
[/uLj6VKw9W17D]
[vA8IChS9WQf1#0] ^default<default>{^Men<cnjcoo><clb>$}$ ^n<n><m><sg><def>{^kongsgard<n><m><sg><def>$}$ ^vblex<vblex><pret>{^være<vblex><pret>$}$ ^adv<adv>{^fortsatt<adv>$}$ ^detdd<det><dem><nt><sg>{^den<det><dem><nt><sg>$}$ ^adj<adj><pst><nt><sg><ind>{^politisk<adj><pst><nt><sg><ind>$}$ ^default<default>{^og<cnjcoo>$}$ ^adj_n<n><nt><sg><def>{^administrativ<adj><pst><un><sp><def>$ ^sentrum<n><nt><sg><def>$}$ ^default<default>{^for<pr>$}$ ^N<np><top><nt>{^Vestlandet<np><top><nt>$}$ ^default<default>{^og<cnjcoo>$}$ ^N<np><top>{^Nord-Norge<np><top>$}$^sent<sent><clb>{^.<sent><clb>$}$
[/vA8IChS9WQf1]
[xGohqpKefCQn#0] ^default<default>{^I<pr>$}$ ^N<np><top>{^Norge<np><top>$}$ ^aux<vblex><pret>{^bli<vblex><pret>$}$ ^n<n><m><sg><def>{^dag<n><m><sg><def>$}$ ^adj_adj<adj><pp><mf><sg><ind>{^tradisjonell<adj><pst><nt><sg><ind>$ ^kalle<adj><pp><mf><sg><ind>$}$ ^unknown<unknown>{^*torlaksmesse$}$ ^default<default>{^eller<cnjcoo>$}$ ^default<default>{^'<apos>$}$^default<default>{^'<apos>$}$^n_n<n><m><sg><ind>{^tolle<n><m><sg><ind><cmp>$^messe<n><m><sg><ind>$}$^default<default>{^'<apos>$}$^default<default>{^'<apos>$}$^sent<sent><clb>{^.<sent><clb>$}$
[/xGohqpKefCQn]
[yFRaD9S5o40v#0] ^Adv<adv>{^senere<adv>$}$ ^aux<vblex><pret>{^bli<vblex><pret>$}$ ^prn<prn><dem><nt><sg><nom>{^denne<prn><dem><nt><sg><nom>$}$ ^adj<adj><pp><nt><sg><ind>{^regne<adj><pp><nt><sg><ind>$}$ ^default<default>{^som<pr>$}$ ^n_n<n><m><sg><ind>{^funn<n><nt><sg><ind><cmp>$^brønn<n><m><sg><ind>$}$ ^adv<adv>{^for<adv>$}$ ^unknown<unknown>{^*Balderfeltet$}$^sent<sent><clb>{^.<sent><clb>$}$
[/yFRaD9S5o40v]
[ybR3wzKUfuhH#0] ^N<n><m><sg><def>{^hest<n><m><sg><def>$}$ ^vblex<vblex><pres>{^springe<vblex><pres>$}$ ^adv<adv>{^like godt<adv>$}$ ^default<default>{^over<pr>$}$ ^n<n><nt><sg><ind>{^vann<n><nt><sg><ind>$}$ ^default<default>{^som<pr>$}$ ^default<default>{^på<pr>$}$ ^n<n><m><sg><def>{^landjord<n><m><sg><def>$}$ ^default<default>{^og<cnjcoo>$}$ ^default<default>{^i<pr>$}$ ^n<n><m><sg><def>{^luft<n><m><sg><def>$}$^sent<sent><clb>{^.<sent><clb>$}$
[/ybR3wzKUfuhH]
[ye5U3O3gRiP1#0] ^Prn<prn><pers><p3><nt><sg><nom>{^den<prn><pers><p3><nt><sg><nom>$}$ ^vblex<vblex><pres>{^bety<vblex><pres>$}$ ^det<det><qnt><un><pl>{^1,15 milliarder<det><qnt><un><pl>$}$ ^adj<adj><sint><comp><un><sp>{^mye<adj><sint><comp><un><sp>$}$ ^default<default>{^enn<pr>$}$ ^adv<adv>{^i fjor<adv>$}$^default<default>{^,<cm><clb>$}$ ^vblex<vblex><pres>{^skrive<vblex><pres>$}$ ^N<np><org>{^Nationen<np><org>$}$^sent<sent><clb>{^.<sent><clb>$}$
[/ye5U3O3gRiP1]
[z9L2UxItKoLA#0] ^Vblex<vblex><pret>{^se<vblex><pret>$}$ ^prn<prn><pers><p3><f><sg><nom>{^hun<prn><pers><p3><f><sg><nom>$}$ ^adv<adv>{^ikke<adv>$}$ ^n<n><nt><pl><def>{^ord<n><nt><pl><def>$}$^sent<sent><clb>{^?<sent><clb>$}$ ^Prn<prn><pers><p3><un><pl><nom>{^de<prn><pers><p3><un><pl><nom>$}$ ^vblex<vblex><pret>{^småspise<vblex><pret>$}$ ^adj_n<n><m><sg><ind>{^nyplante<adj><pp><mf><sg><ind>$ ^hygge<n><m><sg><ind>$}$^sent<sent><clb>{^.<sent><clb>$}$
[/z9L2UxItKoLA]
